Archive member included because of file (symbol)

../../../Arduino/Arduino/Debug\libarduino.a(HardwareSerial.o)
                              FreeRTOS2560.o (Serial)
../../../Arduino/Arduino/Debug\libarduino.a(new.o)
                              Wire.o (__cxa_pure_virtual)
../../../Arduino/Arduino/Debug\libarduino.a(Print.o)
                              Wire.o (_ZN5Print5writeEPKhj)
../../../Arduino/Arduino/Debug\libarduino.a(wiring.o)
                              I2Cdev.o (millis)
../../../Arduino/Arduino/Debug\libarduino.a(wiring_digital.o)
                              NewPing.o (digital_pin_to_bit_mask_PGM)
../../../Arduino/Arduino/Debug\libarduino.a(WString.o)
                              ../../../Arduino/Arduino/Debug\libarduino.a(Print.o) (_ZNK6StringixEj)
c:/program files (x86)/atmel/atmel toolchain/avr8 gcc/native/3.4.1056/avr8-gnu-toolchain/bin/../lib/gcc/avr/4.8.1/../../../../avr/lib/avr6\libm.a(addsf3.o)
                              ../../../Arduino/Arduino/Debug\libarduino.a(Print.o) (__subsf3)
c:/program files (x86)/atmel/atmel toolchain/avr8 gcc/native/3.4.1056/avr8-gnu-toolchain/bin/../lib/gcc/avr/4.8.1/../../../../avr/lib/avr6\libm.a(addsf3x.o)
                              c:/program files (x86)/atmel/atmel toolchain/avr8 gcc/native/3.4.1056/avr8-gnu-toolchain/bin/../lib/gcc/avr/4.8.1/../../../../avr/lib/avr6\libm.a(addsf3.o) (__addsf3x)
c:/program files (x86)/atmel/atmel toolchain/avr8 gcc/native/3.4.1056/avr8-gnu-toolchain/bin/../lib/gcc/avr/4.8.1/../../../../avr/lib/avr6\libm.a(cmpsf2.o)
                              ../../../Arduino/Arduino/Debug\libarduino.a(Print.o) (__ltsf2)
c:/program files (x86)/atmel/atmel toolchain/avr8 gcc/native/3.4.1056/avr8-gnu-toolchain/bin/../lib/gcc/avr/4.8.1/../../../../avr/lib/avr6\libm.a(divsf3.o)
                              ../../../Arduino/Arduino/Debug\libarduino.a(Print.o) (__divsf3)
c:/program files (x86)/atmel/atmel toolchain/avr8 gcc/native/3.4.1056/avr8-gnu-toolchain/bin/../lib/gcc/avr/4.8.1/../../../../avr/lib/avr6\libm.a(divsf3x.o)
                              c:/program files (x86)/atmel/atmel toolchain/avr8 gcc/native/3.4.1056/avr8-gnu-toolchain/bin/../lib/gcc/avr/4.8.1/../../../../avr/lib/avr6\libm.a(divsf3.o) (__divsf3x)
c:/program files (x86)/atmel/atmel toolchain/avr8 gcc/native/3.4.1056/avr8-gnu-toolchain/bin/../lib/gcc/avr/4.8.1/../../../../avr/lib/avr6\libm.a(fixsfsi.o)
                              ../../../Arduino/Arduino/Debug\libarduino.a(Print.o) (__fixsfsi)
c:/program files (x86)/atmel/atmel toolchain/avr8 gcc/native/3.4.1056/avr8-gnu-toolchain/bin/../lib/gcc/avr/4.8.1/../../../../avr/lib/avr6\libm.a(fixunssfsi.o)
                              ../../../Arduino/Arduino/Debug\libarduino.a(Print.o) (__fixunssfsi)
c:/program files (x86)/atmel/atmel toolchain/avr8 gcc/native/3.4.1056/avr8-gnu-toolchain/bin/../lib/gcc/avr/4.8.1/../../../../avr/lib/avr6\libm.a(floatsisf.o)
                              ../../../Arduino/Arduino/Debug\libarduino.a(Print.o) (__floatunsisf)
c:/program files (x86)/atmel/atmel toolchain/avr8 gcc/native/3.4.1056/avr8-gnu-toolchain/bin/../lib/gcc/avr/4.8.1/../../../../avr/lib/avr6\libm.a(fp_cmp.o)
                              c:/program files (x86)/atmel/atmel toolchain/avr8 gcc/native/3.4.1056/avr8-gnu-toolchain/bin/../lib/gcc/avr/4.8.1/../../../../avr/lib/avr6\libm.a(cmpsf2.o) (__fp_cmp)
c:/program files (x86)/atmel/atmel toolchain/avr8 gcc/native/3.4.1056/avr8-gnu-toolchain/bin/../lib/gcc/avr/4.8.1/../../../../avr/lib/avr6\libm.a(fp_inf.o)
                              c:/program files (x86)/atmel/atmel toolchain/avr8 gcc/native/3.4.1056/avr8-gnu-toolchain/bin/../lib/gcc/avr/4.8.1/../../../../avr/lib/avr6\libm.a(addsf3x.o) (__fp_inf)
c:/program files (x86)/atmel/atmel toolchain/avr8 gcc/native/3.4.1056/avr8-gnu-toolchain/bin/../lib/gcc/avr/4.8.1/../../../../avr/lib/avr6\libm.a(fp_nan.o)
                              c:/program files (x86)/atmel/atmel toolchain/avr8 gcc/native/3.4.1056/avr8-gnu-toolchain/bin/../lib/gcc/avr/4.8.1/../../../../avr/lib/avr6\libm.a(addsf3x.o) (__fp_nan)
c:/program files (x86)/atmel/atmel toolchain/avr8 gcc/native/3.4.1056/avr8-gnu-toolchain/bin/../lib/gcc/avr/4.8.1/../../../../avr/lib/avr6\libm.a(fp_pscA.o)
                              c:/program files (x86)/atmel/atmel toolchain/avr8 gcc/native/3.4.1056/avr8-gnu-toolchain/bin/../lib/gcc/avr/4.8.1/../../../../avr/lib/avr6\libm.a(addsf3x.o) (__fp_pscA)
c:/program files (x86)/atmel/atmel toolchain/avr8 gcc/native/3.4.1056/avr8-gnu-toolchain/bin/../lib/gcc/avr/4.8.1/../../../../avr/lib/avr6\libm.a(fp_pscB.o)
                              c:/program files (x86)/atmel/atmel toolchain/avr8 gcc/native/3.4.1056/avr8-gnu-toolchain/bin/../lib/gcc/avr/4.8.1/../../../../avr/lib/avr6\libm.a(addsf3x.o) (__fp_pscB)
c:/program files (x86)/atmel/atmel toolchain/avr8 gcc/native/3.4.1056/avr8-gnu-toolchain/bin/../lib/gcc/avr/4.8.1/../../../../avr/lib/avr6\libm.a(fp_round.o)
[...]
Memory Configuration

Name             Origin             Length             Attributes
text             0x00000000         0x00100000         xr
data             0x00800200         0x0000fe00         rw !x
eeprom           0x00810000         0x00010000         rw !x
fuse             0x00820000         0x00000400         rw !x
lock             0x00830000         0x00000400         rw !x
signature        0x00840000         0x00000400         rw !x
user_signatures  0x00850000         0x00000400         rw !x
*default*        0x00000000         0xffffffff

Linker script and memory map

Address of section .data set to 0x800200
LOAD c:/program files (x86)/atmel/atmel toolchain/avr8 gcc/native/3.4.1056/avr8-gnu-toolchain/bin/../lib/gcc/avr/4.8.1/../../../../avr/lib/avr6/crtm2560.o
LOAD FreeRTOS2560.o
LOAD heap_1.o
LOAD I2Cdev.o
LOAD list.o
LOAD MPU6050.o
LOAD NewPing.o
LOAD port.o
LOAD queue.o
LOAD tasks.o
LOAD twi.o
LOAD Wire.o
START GROUP
LOAD ../../../Arduino/Arduino/Debug\libarduino.a
LOAD c:/program files (x86)/atmel/atmel toolchain/avr8 gcc/native/3.4.1056/avr8-gnu-toolchain/bin/../lib/gcc/avr/4.8.1/../../../../avr/lib/avr6\libm.a
END GROUP
LOAD c:/program files (x86)/atmel/atmel toolchain/avr8 gcc/native/3.4.1056/avr8-gnu-toolchain/bin/../lib/gcc/avr/4.8.1/avr6\libgcc.a
LOAD c:/program files (x86)/atmel/atmel toolchain/avr8 gcc/native/3.4.1056/avr8-gnu-toolchain/bin/../lib/gcc/avr/4.8.1/../../../../avr/lib/avr6\libm.a
START GROUP
LOAD c:/program files (x86)/atmel/atmel toolchain/avr8 gcc/native/3.4.1056/avr8-gnu-toolchain/bin/../lib/gcc/avr/4.8.1/avr6\libgcc.a
LOAD c:/program files (x86)/atmel/atmel toolchain/avr8 gcc/native/3.4.1056/avr8-gnu-toolchain/bin/../lib/gcc/avr/4.8.1/../../../../avr/lib/avr6\libm.a
LOAD c:/program files (x86)/atmel/atmel toolchain/avr8 gcc/native/3.4.1056/avr8-gnu-toolchain/bin/../lib/gcc/avr/4.8.1/../../../../avr/lib/avr6\libc.a
END GROUP

.hash
 *(.hash)

.dynsym
 *(.dynsym)

.dynstr
 *(.dynstr)

.gnu.version
 *(.gnu.version)

.gnu.version_d
 *(.gnu.version_d)

.gnu.version_r
 *(.gnu.version_r)

.rel.init
 *(.rel.init)

.rela.init
 *(.rela.init)

.rel.text
 *(.rel.text)
 *(.rel.text.*)
 *(.rel.gnu.linkonce.t*)

.rela.text
 *(.rela.text)
 *(.rela.text.*)
 *(.rela.gnu.linkonce.t*)

.rel.fini
 *(.rel.fini)

.rela.fini
 *(.rela.fini)

.rel.rodata
 *(.rel.rodata)
 *(.rel.rodata.*)
 *(.rel.gnu.linkonce.r*)

.rela.rodata
 *(.rela.rodata)
 *(.rela.rodata.*)
 *(.rela.gnu.linkonce.r*)

.rel.data
 *(.rel.data)
 *(.rel.data.*)
 *(.rel.gnu.linkonce.d*)

.rela.data
 *(.rela.data)
 *(.rela.data.*)
 *(.rela.gnu.linkonce.d*)

.rel.ctors
 *(.rel.ctors)

.rela.ctors
 *(.rela.ctors)

.rel.dtors
 *(.rel.dtors)

.rela.dtors
 *(.rela.dtors)

.rel.got
 *(.rel.got)

.rela.got
 *(.rela.got)

.rel.bss
 *(.rel.bss)

.rela.bss
 *(.rela.bss)

.rel.plt
 *(.rel.plt)

.rela.plt
 *(.rela.plt)

.text           0x00000000     0x2dda
 *(.vectors)
 .vectors       0x00000000       0xe4 c:/program files (x86)/atmel/atmel toolchain/avr8 gcc/native/3.4.1056/avr8-gnu-toolchain/bin/../lib/gcc/avr/4.8.1/../../../../avr/lib/avr6/crtm2560.o
                0x00000000                __vector_default
                0x00000000                __vectors
 *(.vectors)
 *(.progmem.gcc*)
 .progmem.gcc_sw_table.turnOffPWM
                0x000000e4       0x22 ../../../Arduino/Arduino/Debug\libarduino.a(wiring_digital.o)
                0x00000106                . = ALIGN (0x2)
                0x00000106                __trampolines_start = .
 *(.trampolines)
 .trampolines   0x00000106        0x0 linker stubs
 *(.trampolines*)
                0x00000106                __trampolines_end = .
 *(.progmem*)
 .progmem.data.digital_pin_to_timer_PGM
                0x00000106       0x46 ../../../Arduino/Arduino/Debug\libarduino.a(wiring_digital.o)
                0x00000106                digital_pin_to_timer_PGM
 .progmem.data.digital_pin_to_bit_mask_PGM
                0x0000014c       0x46 ../../../Arduino/Arduino/Debug\libarduino.a(wiring_digital.o)
                0x0000014c                digital_pin_to_bit_mask_PGM
 .progmem.data.digital_pin_to_port_PGM
                0x00000192       0x46 ../../../Arduino/Arduino/Debug\libarduino.a(wiring_digital.o)
                0x00000192                digital_pin_to_port_PGM
 .progmem.data.port_to_input_PGM
                0x000001d8       0x1a ../../../Arduino/Arduino/Debug\libarduino.a(wiring_digital.o)
                0x000001d8                port_to_input_PGM
 .progmem.data.port_to_output_PGM
                0x000001f2       0x1a ../../../Arduino/Arduino/Debug\libarduino.a(wiring_digital.o)
                0x000001f2                port_to_output_PGM
 .progmem.data.port_to_mode_PGM
                0x0000020c       0x1a ../../../Arduino/Arduino/Debug\libarduino.a(wiring_digital.o)
                0x0000020c                port_to_mode_PGM
                0x00000226                . = ALIGN (0x2)
 *(.jumptables)
 *(.jumptables*)
 *(.lowtext)
 *(.lowtext*)
                0x00000226                __ctors_start = .
 *(.ctors)
 .ctors         0x00000226        0x2 FreeRTOS2560.o
 .ctors         0x00000228        0x2 Wire.o
 .ctors         0x0000022a        0x2 ../../../Arduino/Arduino/Debug\libarduino.a(HardwareSerial.o)
                0x0000022c                __ctors_end = .
                0x0000022c                __dtors_start = .
 *(.dtors)
                0x0000022c                __dtors_end = .
 SORT(*)(.ctors)
 SORT(*)(.dtors)
 *(.init0)
 .init0         0x0000022c        0x0 c:/program files (x86)/atmel/atmel toolchain/avr8 gcc/native/3.4.1056/avr8-gnu-toolchain/bin/../lib/gcc/avr/4.8.1/../../../../avr/lib/avr6/crtm2560.o
                0x0000022c                __init
 *(.init0)
 *(.init1)
 *(.init1)
 *(.init2)
 .init2         0x0000022c       0x10 c:/program files (x86)/atmel/atmel toolchain/avr8 gcc/native/3.4.1056/avr8-gnu-toolchain/bin/../lib/gcc/avr/4.8.1/../../../../avr/lib/avr6/crtm2560.o
 *(.init2)
 *(.init3)
 *(.init3)
 *(.init4)
 .init4         0x0000023c       0x1a c:/program files (x86)/atmel/atmel toolchain/avr8 gcc/native/3.4.1056/avr8-gnu-toolchain/bin/../lib/gcc/avr/4.8.1/avr6\libgcc.a(_copy_data.o)
                0x0000023c                __do_copy_data
 .init4         0x00000256       0x10 c:/program files (x86)/atmel/atmel toolchain/avr8 gcc/native/3.4.1056/avr8-gnu-toolchain/bin/../lib/gcc/avr/4.8.1/avr6\libgcc.a(_clear_bss.o)
                0x00000256                __do_clear_bss
 *(.init4)
 *(.init5)
 *(.init5)
 *(.init6)
 .init6         0x00000266       0x20 c:/program files (x86)/atmel/atmel toolchain/avr8 gcc/native/3.4.1056/avr8-gnu-toolchain/bin/../lib/gcc/avr/4.8.1/avr6\libgcc.a(_ctors.o)
                0x00000266                __do_global_ctors
 *(.init6)
 *(.init7)
 *(.init7)
 *(.init8)
 *(.init8)
 *(.init9)
 .init9         0x00000286        0x6 c:/program files (x86)/atmel/atmel toolchain/avr8 gcc/native/3.4.1056/avr8-gnu-toolchain/bin/../lib/gcc/avr/4.8.1/../../../../avr/lib/avr6/crtm2560.o
 *(.init9)
 *(.text)
 .text          0x0000028c        0x2 c:/program files (x86)/atmel/atmel toolchain/avr8 gcc/native/3.4.1056/avr8-gnu-toolchain/bin/../lib/gcc/avr/4.8.1/../../../../avr/lib/avr6/crtm2560.o
                0x0000028c                __vector_38
                0x0000028c                __vector_22
                0x0000028c                __vector_28
                0x0000028c                __vector_1
                0x0000028c                __vector_32
                0x0000028c                __vector_34
                0x0000028c                __vector_24
                0x0000028c                __vector_12
                0x0000028c                __vector_46
                0x0000028c                __bad_interrupt
                0x0000028c                __vector_6
                0x0000028c                __vector_31
                0x0000028c                __vector_35
                0x0000028c                __vector_3
                0x0000028c                __vector_30
                0x0000028c                __vector_45
                0x0000028c                __vector_11
                0x0000028c                __vector_17
                0x0000028c                __vector_19
                0x0000028c                __vector_56
                0x0000028c                __vector_7
                0x0000028c                __vector_49
                0x0000028c                __vector_41
                0x0000028c                __vector_43
                0x0000028c                __vector_27
                0x0000028c                __vector_5
                0x0000028c                __vector_33
                0x0000028c                __vector_47
                0x0000028c                __vector_4
                0x0000028c                __vector_44
                0x0000028c                __vector_9
                0x0000028c                __vector_2
                0x0000028c                __vector_21
                0x0000028c                __vector_15
                0x0000028c                __vector_29
                0x0000028c                __vector_40
                0x0000028c                __vector_8
                0x0000028c                __vector_48
                0x0000028c                __vector_14
                0x0000028c                __vector_53
                0x0000028c                __vector_10
                0x0000028c                __vector_50
                0x0000028c                __vector_16
                0x0000028c                __vector_18
                0x0000028c                __vector_42
                0x0000028e                . = ALIGN (0x2)
 *(.text.*)
 .text._Z5task3Pv
                0x0000028e        0x2 FreeRTOS2560.o
                0x0000028e                _Z5task3Pv
 .text._Z5task1Pv
                0x00000290       0x8a FreeRTOS2560.o
                0x00000290                _Z5task1Pv
 .text._Z5task2Pv
                0x0000031a       0x8a FreeRTOS2560.o
                0x0000031a                _Z5task2Pv
 .text.setup    0x000003a4       0x1e FreeRTOS2560.o
                0x000003a4                setup
 .text.startup.main
                0x000003c2       0xbe FreeRTOS2560.o
                0x000003c2                main
 .text.startup._GLOBAL__sub_I_accelgyro
                0x00000480       0x22 FreeRTOS2560.o
 .text.pvPortMalloc
                0x000004a2       0x64 heap_1.o
                0x000004a2                pvPortMalloc
 .text.vPortFree
                0x00000506        0x2 heap_1.o
                0x00000506                vPortFree
 .text._ZN6I2Cdev10writeBytesEhhhPh
                0x00000508       0x6e I2Cdev.o
                0x00000508                _ZN6I2Cdev10writeBytesEhhhPh
 .text._ZN6I2Cdev9writeByteEhhh
                0x00000576       0x1e I2Cdev.o
                0x00000576                _ZN6I2Cdev9writeByteEhhh
 .text._ZN6I2Cdev9readBytesEhhhPhj
                0x00000594      0x160 I2Cdev.o
                0x00000594                _ZN6I2Cdev9readBytesEhhhPhj
 .text._ZN6I2Cdev8readByteEhhPhj
                0x000006f4       0x12 I2Cdev.o
                0x000006f4                _ZN6I2Cdev8readByteEhhPhj
 .text._ZN6I2Cdev8writeBitEhhhh
                0x00000706       0x62 I2Cdev.o
                0x00000706                _ZN6I2Cdev8writeBitEhhhh
 .text._ZN6I2Cdev9writeBitsEhhhhh
                0x00000768       0x88 I2Cdev.o
                0x00000768                _ZN6I2Cdev9writeBitsEhhhhh
 .text.vListInitialise
                0x000007f0       0x1c list.o
                0x000007f0                vListInitialise
 .text.vListInitialiseItem
                0x0000080c        0x8 list.o
                0x0000080c                vListInitialiseItem
 .text.vListInsertEnd
                0x00000814       0x42 list.o
                0x00000814                vListInsertEnd
 .text.vListInsert
                0x00000856       0x70 list.o
                0x00000856                vListInsert
 .text.uxListRemove
                0x000008c6       0x46 list.o
                0x000008c6                uxListRemove
 .text._ZN7MPU6050C2Ev
                0x0000090c        0x8 MPU6050.o
                0x0000090c                _ZN7MPU6050C2Ev
                0x0000090c                _ZN7MPU6050C1Ev
 .text._ZN7MPU605021setFullScaleGyroRangeEh
                0x00000914       0x14 MPU6050.o
                0x00000914                _ZN7MPU605021setFullScaleGyroRangeEh
 .text._ZN7MPU605022setFullScaleAccelRangeEh
                0x00000928       0x14 MPU6050.o
                0x00000928                _ZN7MPU605022setFullScaleAccelRangeEh
 .text._ZN7MPU605015setSleepEnabledEb
                0x0000093c        0xc MPU6050.o
                0x0000093c                _ZN7MPU605015setSleepEnabledEb
 .text._ZN7MPU605014setClockSourceEh
                0x00000948       0x14 MPU6050.o
                0x00000948                _ZN7MPU605014setClockSourceEh
 .text._ZN7MPU605010initializeEv
                0x0000095c       0x20 MPU6050.o
                0x0000095c                _ZN7MPU605010initializeEv
 .text._ZN7NewPingC2Ehhi
                0x0000097c       0xb0 NewPing.o
                0x0000097c                _ZN7NewPingC2Ehhi
                0x0000097c                _ZN7NewPingC1Ehhi
 .text._ZN7NewPing12ping_triggerEv
                0x00000a2c       0xdc NewPing.o
                0x00000a2c                _ZN7NewPing12ping_triggerEv
 .text._ZN7NewPing4pingEv
                0x00000b08       0x5c NewPing.o
                0x00000b08                _ZN7NewPing4pingEv
 .text.__vector_13
                0x00000b64       0x5a NewPing.o
                0x00000b64                __vector_13
 .text.pxPortInitialiseStack
                0x00000bbe       0xe4 port.o
                0x00000bbe                pxPortInitialiseStack
 .text.xPortStartScheduler
                0x00000ca2       0x7c port.o
                0x00000ca2                xPortStartScheduler
 .text.vPortYield
                0x00000d1e       0xc0 port.o
                0x00000d1e                vPortYield
 .text.vPortYieldFromTick
                0x00000dde       0xc4 port.o
                0x00000dde                vPortYieldFromTick
 .text.__vector_20
                0x00000ea2        0x4 port.o
                0x00000ea2                __vector_20
 .text.prvCopyDataToQueue
                0x00000ea6       0x94 queue.o
 .text.prvCopyDataFromQueue
                0x00000f3a       0x34 queue.o
 .text.prvUnlockQueue
                0x00000f6e       0x74 queue.o
 .text.xQueueGenericReset
                0x00000fe2       0x6c queue.o
                0x00000fe2                xQueueGenericReset
 .text.xQueueGenericCreate
                0x0000104e       0x4e queue.o
                0x0000104e                xQueueGenericCreate
 .text.xQueueGenericSend
                0x0000109c      0x11a queue.o
                0x0000109c                xQueueGenericSend
 .text.xQueueGenericReceive
                0x000011b6      0x12a queue.o
                0x000011b6                xQueueGenericReceive
 .text.prvResetNextTaskUnblockTime
                0x000012e0       0x36 tasks.o
 .text.prvAddCurrentTaskToDelayedList
                0x00001316       0x64 tasks.o
 .text.xTaskGenericCreate
                0x0000137a      0x1d4 tasks.o
                0x0000137a                xTaskGenericCreate
 .text.vTaskStartScheduler
                0x0000154e       0x60 tasks.o
                0x0000154e                vTaskStartScheduler
 .text.vTaskSuspendAll
                0x000015ae        0xc tasks.o
                0x000015ae                vTaskSuspendAll
 .text.xTaskIncrementTick
                0x000015ba      0x158 tasks.o
                0x000015ba                xTaskIncrementTick
 .text.xTaskResumeAll
                0x00001712       0xd6 tasks.o
                0x00001712                xTaskResumeAll
 .text.vTaskDelay
                0x000017e8       0x40 tasks.o
                0x000017e8                vTaskDelay
 .text.prvIdleTask
                0x00001828       0x60 tasks.o
 .text.vTaskSwitchContext
                0x00001888       0x80 tasks.o
                0x00001888                vTaskSwitchContext
 .text.vTaskPlaceOnEventList
                0x00001908       0x56 tasks.o
                0x00001908                vTaskPlaceOnEventList
 .text.xTaskRemoveFromEventList
                0x0000195e       0x80 tasks.o
                0x0000195e                xTaskRemoveFromEventList
 .text.vTaskSetTimeOutState
                0x000019de       0x16 tasks.o
                0x000019de                vTaskSetTimeOutState
 .text.xTaskCheckForTimeOut
                0x000019f4       0x62 tasks.o
                0x000019f4                xTaskCheckForTimeOut
 .text.vTaskMissedYield
                0x00001a56        0x8 tasks.o
                0x00001a56                vTaskMissedYield
 .text.twi_init
                0x00001a5e       0x3c twi.o
                0x00001a5e                twi_init
 .text.twi_readFrom
                0x00001a9a       0x88 twi.o
                0x00001a9a                twi_readFrom
 .text.twi_writeTo
                0x00001b22       0xa6 twi.o
                0x00001b22                twi_writeTo
 .text.twi_transmit
                0x00001bc8       0x32 twi.o
                0x00001bc8                twi_transmit
 .text.twi_stop
                0x00001bfa       0x14 twi.o
                0x00001bfa                twi_stop
 .text.twi_releaseBus
                0x00001c0e        0xc twi.o
                0x00001c0e                twi_releaseBus
 .text.__vector_39
                0x00001c1a      0x25c twi.o
                0x00001c1a                __vector_39
 .text._ZN7TwoWire9availableEv
                0x00001e76       0x10 Wire.o
                0x00001e76                _ZN7TwoWire9availableEv
 .text._ZN7TwoWire4readEv
                0x00001e86       0x26 Wire.o
                0x00001e86                _ZN7TwoWire4readEv
 .text._ZN7TwoWire4peekEv
                0x00001eac       0x1e Wire.o
                0x00001eac                _ZN7TwoWire4peekEv
 .text._ZN7TwoWire5flushEv
                0x00001eca        0x2 Wire.o
                0x00001eca                _ZN7TwoWire5flushEv
 .text._ZN7TwoWire5writeEPKhj
                0x00001ecc       0x58 Wire.o
                0x00001ecc                _ZN7TwoWire5writeEPKhj
 .text._ZN7TwoWire5writeEh
                0x00001f24       0x5c Wire.o
                0x00001f24                _ZN7TwoWire5writeEh
 .text._ZN7TwoWireC2Ev
                0x00001f80       0x20 Wire.o
                0x00001f80                _ZN7TwoWireC1Ev
                0x00001f80                _ZN7TwoWireC2Ev
 .text._ZN7TwoWire5beginEv
                0x00001fa0       0x12 Wire.o
                0x00001fa0                _ZN7TwoWire5beginEv
 .text._ZN7TwoWire11requestFromEhhh
                0x00001fb2       0x18 Wire.o
                0x00001fb2                _ZN7TwoWire11requestFromEhhh
 .text._ZN7TwoWire11requestFromEhh
                0x00001fca        0x4 Wire.o
                0x00001fca                _ZN7TwoWire11requestFromEhh
 .text._ZN7TwoWire17beginTransmissionEh
                0x00001fce       0x14 Wire.o
                0x00001fce                _ZN7TwoWire17beginTransmissionEh
 .text._ZN7TwoWire15endTransmissionEh
                0x00001fe2       0x24 Wire.o
                0x00001fe2                _ZN7TwoWire15endTransmissionEh
 .text._ZN7TwoWire15endTransmissionEv
                0x00002006        0x4 Wire.o
                0x00002006                _ZN7TwoWire15endTransmissionEv
 .text.startup._GLOBAL__sub_I__ZN7TwoWire8rxBufferE
                0x0000200a        0x6 Wire.o
 .text._ZN14HardwareSerial9availableEv
                0x00002010       0x20 ../../../Arduino/Arduino/Debug\libarduino.a(HardwareSerial.o)
                0x00002010                _ZN14HardwareSerial9availableEv
 .text._ZN14HardwareSerial4peekEv
                0x00002030       0x32 ../../../Arduino/Arduino/Debug\libarduino.a(HardwareSerial.o)
                0x00002030                _ZN14HardwareSerial4peekEv
 .text._ZN14HardwareSerial4readEv
                0x00002062       0x42 ../../../Arduino/Arduino/Debug\libarduino.a(HardwareSerial.o)
                0x00002062                _ZN14HardwareSerial4readEv
 .text._ZN14HardwareSerial5flushEv
                0x000020a4       0x16 ../../../Arduino/Arduino/Debug\libarduino.a(HardwareSerial.o)
                0x000020a4                _ZN14HardwareSerial5flushEv
 .text._ZN14HardwareSerial5writeEh
                0x000020ba       0x8c ../../../Arduino/Arduino/Debug\libarduino.a(HardwareSerial.o)
                0x000020ba                _ZN14HardwareSerial5writeEh
 .text.__vector_25
                0x00002146       0x80 ../../../Arduino/Arduino/Debug\libarduino.a(HardwareSerial.o)
                0x00002146                __vector_25
 .text.__vector_36
                0x000021c6       0x80 ../../../Arduino/Arduino/Debug\libarduino.a(HardwareSerial.o)
                0x000021c6                __vector_36
 .text.__vector_51
                0x00002246       0x80 ../../../Arduino/Arduino/Debug\libarduino.a(HardwareSerial.o)
                0x00002246                __vector_51
 .text.__vector_54
                0x000022c6       0x80 ../../../Arduino/Arduino/Debug\libarduino.a(HardwareSerial.o)
                0x000022c6                __vector_54
 .text.__vector_26
                0x00002346       0x7e ../../../Arduino/Arduino/Debug\libarduino.a(HardwareSerial.o)
                0x00002346                __vector_26
 .text.__vector_37
                0x000023c4       0x7e ../../../Arduino/Arduino/Debug\libarduino.a(HardwareSerial.o)
                0x000023c4                __vector_37
 .text.__vector_52
                0x00002442       0x7e ../../../Arduino/Arduino/Debug\libarduino.a(HardwareSerial.o)
                0x00002442                __vector_52
 .text.__vector_55
                0x000024c0       0x7e ../../../Arduino/Arduino/Debug\libarduino.a(HardwareSerial.o)
                0x000024c0                __vector_55
 .text._ZN14HardwareSerialC2EP11ring_bufferS1_PVhS3_S3_S3_S3_S3_hhhhh
                0x0000253e       0x88 ../../../Arduino/Arduino/Debug\libarduino.a(HardwareSerial.o)
                0x0000253e                _ZN14HardwareSerialC2EP11ring_bufferS1_PVhS3_S3_S3_S3_S3_hhhhh
                0x0000253e                _ZN14HardwareSerialC1EP11ring_bufferS1_PVhS3_S3_S3_S3_S3_hhhhh
 .text._ZN14HardwareSerial5beginEm
                0x000025c6      0x106 ../../../Arduino/Arduino/Debug\libarduino.a(HardwareSerial.o)
                0x000025c6                _ZN14HardwareSerial5beginEm
 .text._GLOBAL__sub_I_rx_buffer
                0x000026cc      0x18e ../../../Arduino/Arduino/Debug\libarduino.a(HardwareSerial.o)
 .text._ZN5Print5writeEPKhj
                0x0000285a       0x5c ../../../Arduino/Arduino/Debug\libarduino.a(Print.o)
                0x0000285a                _ZN5Print5writeEPKhj
 .text._ZN5Print5printEPKc
                0x000028b6       0x2c ../../../Arduino/Arduino/Debug\libarduino.a(Print.o)
                0x000028b6                _ZN5Print5printEPKc
 .text._ZN5Print5printEc
                0x000028e2       0x10 ../../../Arduino/Arduino/Debug\libarduino.a(Print.o)
                0x000028e2                _ZN5Print5printEc
 .text._ZN5Print7printlnEv
                0x000028f2       0x24 ../../../Arduino/Arduino/Debug\libarduino.a(Print.o)
                0x000028f2                _ZN5Print7printlnEv
 .text._ZN5Print7printlnEPKc
                0x00002916       0x20 ../../../Arduino/Arduino/Debug\libarduino.a(Print.o)
                0x00002916                _ZN5Print7printlnEPKc
 .text._ZN5Print11printNumberEmh
                0x00002936       0xf4 ../../../Arduino/Arduino/Debug\libarduino.a(Print.o)
                0x00002936                _ZN5Print11printNumberEmh
 .text._ZN5Print5printEmi
                0x00002a2a       0x1c ../../../Arduino/Arduino/Debug\libarduino.a(Print.o)
                0x00002a2a                _ZN5Print5printEmi
 .text._ZN5Print5printEji
                0x00002a46        0xc ../../../Arduino/Arduino/Debug\libarduino.a(Print.o)
                0x00002a46                _ZN5Print5printEji
 .text.__vector_23
                0x00002a52       0x94 ../../../Arduino/Arduino/Debug\libarduino.a(wiring.o)
                0x00002a52                __vector_23
 .text.millis   0x00002ae6       0x18 ../../../Arduino/Arduino/Debug\libarduino.a(wiring.o)
                0x00002ae6                millis
 .text.micros   0x00002afe       0x4c ../../../Arduino/Arduino/Debug\libarduino.a(wiring.o)
                0x00002afe                micros
 .text.delayMicroseconds
                0x00002b4a       0x16 ../../../Arduino/Arduino/Debug\libarduino.a(wiring.o)
                0x00002b4a                delayMicroseconds
 .text.init     0x00002b60       0xc4 ../../../Arduino/Arduino/Debug\libarduino.a(wiring.o)
                0x00002b60                init
 .text.turnOffPWM
                0x00002c24       0xc0 ../../../Arduino/Arduino/Debug\libarduino.a(wiring_digital.o)
 .text.digitalWrite
                0x00002ce4       0x60 ../../../Arduino/Arduino/Debug\libarduino.a(wiring_digital.o)
                0x00002ce4                digitalWrite
 .text.libgcc.div
                0x00002d44       0x28 c:/program files (x86)/atmel/atmel toolchain/avr8 gcc/native/3.4.1056/avr8-gnu-toolchain/bin/../lib/gcc/avr/4.8.1/avr6\libgcc.a(_udivmodhi4.o)
                0x00002d44                __udivmodhi4
 .text.libgcc.div
                0x00002d6c       0x44 c:/program files (x86)/atmel/atmel toolchain/avr8 gcc/native/3.4.1056/avr8-gnu-toolchain/bin/../lib/gcc/avr/4.8.1/avr6\libgcc.a(_udivmodsi4.o)
                0x00002d6c                __udivmodsi4
 .text.libgcc   0x00002db0        0xc c:/program files (x86)/atmel/atmel toolchain/avr8 gcc/native/3.4.1056/avr8-gnu-toolchain/bin/../lib/gcc/avr/4.8.1/avr6\libgcc.a(_tablejump.o)
                0x00002db0                __tablejump2__
                0x00002db4                __tablejump__
 .text.libgcc   0x00002dbc        0x8 c:/program files (x86)/atmel/atmel toolchain/avr8 gcc/native/3.4.1056/avr8-gnu-toolchain/bin/../lib/gcc/avr/4.8.1/avr6\libgcc.a(_tablejump_elpm.o)
                0x00002dbc                __tablejump_elpm__
 .text.avr-libc
                0x00002dc4       0x12 c:/program files (x86)/atmel/atmel toolchain/avr8 gcc/native/3.4.1056/avr8-gnu-toolchain/bin/../lib/gcc/avr/4.8.1/../../../../avr/lib/avr6\libc.a(memcpy.o)
                0x00002dc4                memcpy
                0x00002dd6                . = ALIGN (0x2)
 *(.fini9)
 .fini9         0x00002dd6        0x0 c:/program files (x86)/atmel/atmel toolchain/avr8 gcc/native/3.4.1056/avr8-gnu-toolchain/bin/../lib/gcc/avr/4.8.1/avr6\libgcc.a(_exit.o)
                0x00002dd6                _exit
                0x00002dd6                exit
 *(.fini9)
 *(.fini8)
 *(.fini8)
 *(.fini7)
 *(.fini7)
 *(.fini6)
 *(.fini6)
 *(.fini5)
 *(.fini5)
 *(.fini4)
 *(.fini4)
 *(.fini3)
 *(.fini3)
 *(.fini2)
 *(.fini2)
 *(.fini1)
 *(.fini1)
 *(.fini0)
 .fini0         0x00002dd6        0x4 c:/program files (x86)/atmel/atmel toolchain/avr8 gcc/native/3.4.1056/avr8-gnu-toolchain/bin/../lib/gcc/avr/4.8.1/avr6\libgcc.a(_exit.o)
 *(.fini0)
                0x00002dda                _etext = .

.data           0x00800200       0xae load address 0x00002dda
                0x00800200                PROVIDE (__data_start, .)
 *(.data)
 .data          0x00800200        0x0 c:/program files (x86)/atmel/atmel toolchain/avr8 gcc/native/3.4.1056/avr8-gnu-toolchain/bin/../lib/gcc/avr/4.8.1/../../../../avr/lib/avr6/crtm2560.o
 .data          0x00800200        0x0 FreeRTOS2560.o
 .data          0x00800200        0x0 heap_1.o
 .data          0x00800200        0x0 I2Cdev.o
 .data          0x00800200        0x0 list.o
 .data          0x00800200        0x0 MPU6050.o
 .data          0x00800200        0x0 NewPing.o
 .data          0x00800200        0x0 port.o
 .data          0x00800200        0x0 queue.o
 .data          0x00800200        0x0 tasks.o
 .data          0x00800200        0x0 twi.o
 .data          0x00800200        0x0 Wire.o
 .data          0x00800200        0x0 ../../../Arduino/Arduino/Debug\libarduino.a(HardwareSerial.o)
 .data          0x00800200        0x0 ../../../Arduino/Arduino/Debug\libarduino.a(new.o)
 .data          0x00800200        0x0 ../../../Arduino/Arduino/Debug\libarduino.a(Print.o)
 .data          0x00800200        0x0 ../../../Arduino/Arduino/Debug\libarduino.a(wiring.o)
 .data          0x00800200        0x0 ../../../Arduino/Arduino/Debug\libarduino.a(wiring_digital.o)
 .data          0x00800200        0x0 ../../../Arduino/Arduino/Debug\libarduino.a(WString.o)
 .data          0x00800200        0x0 c:/program files (x86)/atmel/atmel toolchain/avr8 gcc/native/3.4.1056/avr8-gnu-toolchain/bin/../lib/gcc/avr/4.8.1/../../../../avr/lib/avr6\libm.a(addsf3.o)
 .data          0x00800200        0x0 c:/program files (x86)/atmel/atmel toolchain/avr8 gcc/native/3.4.1056/avr8-gnu-toolchain/bin/../lib/gcc/avr/4.8.1/../../../../avr/lib/avr6\libm.a(addsf3x.o)
 .data          0x00800200        0x0 c:/program files (x86)/atmel/atmel toolchain/avr8 gcc/native/3.4.1056/avr8-gnu-toolchain/bin/../lib/gcc/avr/4.8.1/../../../../avr/lib/avr6\libm.a(cmpsf2.o)
 .data          0x00800200        0x0 c:/program files (x86)/atmel/atmel toolchain/avr8 gcc/native/3.4.1056/avr8-gnu-toolchain/bin/../lib/gcc/avr/4.8.1/../../../../avr/lib/avr6\libm.a(divsf3.o)
 .data          0x00800200        0x0 c:/program files (x86)/atmel/atmel toolchain/avr8 gcc/native/3.4.1056/avr8-gnu-toolchain/bin/../lib/gcc/avr/4.8.1/../../../../avr/lib/avr6\libm.a(divsf3x.o)
 .data          0x00800200        0x0 c:/program files (x86)/atmel/atmel toolchain/avr8 gcc/native/3.4.1056/avr8-gnu-toolchain/bin/../lib/gcc/avr/4.8.1/../../../../avr/lib/avr6\libm.a(fixsfsi.o)
 .data          0x00800200        0x0 c:/program files (x86)/atmel/atmel toolchain/avr8 gcc/native/3.4.1056/avr8-gnu-toolchain/bin/../lib/gcc/avr/4.8.1/../../../../avr/lib/avr6\libm.a(fixunssfsi.o)
 .data          0x00800200        0x0 c:/program files (x86)/atmel/atmel toolchain/avr8 gcc/native/3.4.1056/avr8-gnu-toolchain/bin/../lib/gcc/avr/4.8.1/../../../../avr/lib/avr6\libm.a(floatsisf.o)
 .data          0x00800200        0x0 c:/program files (x86)/atmel/atmel toolchain/avr8 gcc/native/3.4.1056/avr8-gnu-toolchain/bin/../lib/gcc/avr/4.8.1/../../../../avr/lib/avr6\libm.a(fp_cmp.o)
 .data          0x00800200        0x0 c:/program files (x86)/atmel/atmel toolchain/avr8 gcc/native/3.4.1056/avr8-gnu-toolchain/bin/../lib/gcc/avr/4.8.1/../../../../avr/lib/avr6\libm.a(fp_inf.o)
 .data          0x00800200        0x0 c:/program files (x86)/atmel/atmel toolchain/avr8 gcc/native/3.4.1056/avr8-gnu-toolchain/bin/../lib/gcc/avr/4.8.1/../../../../avr/lib/avr6\libm.a(fp_nan.o)
 .data          0x00800200        0x0 c:/program files (x86)/atmel/atmel toolchain/avr8 gcc/native/3.4.1056/avr8-gnu-toolchain/bin/../lib/gcc/avr/4.8.1/../../../../avr/lib/avr6\libm.a(fp_pscA.o)
 .data          0x00800200        0x0 c:/program files (x86)/atmel/atmel toolchain/avr8 gcc/native/3.4.1056/avr8-gnu-toolchain/bin/../lib/gcc/avr/4.8.1/../../../../avr/lib/avr6\libm.a(fp_pscB.o)
 .data          0x00800200        0x0 c:/program files (x86)/atmel/atmel toolchain/avr8 gcc/native/3.4.1056/avr8-gnu-toolchain/bin/../lib/gcc/avr/4.8.1/../../../../avr/lib/avr6\libm.a(fp_round.o)
 .data          0x00800200        0x0 c:/program files (x86)/atmel/atmel toolchain/avr8 gcc/native/3.4.1056/avr8-gnu-toolchain/bin/../lib/gcc/avr/4.8.1/../../../../avr/lib/avr6\libm.a(fp_split3.o)
 .data          0x00800200        0x0 c:/program files (x86)/atmel/atmel toolchain/avr8 gcc/native/3.4.1056/avr8-gnu-toolchain/bin/../lib/gcc/avr/4.8.1/../../../../avr/lib/avr6\libm.a(fp_zero.o)
 .data          0x00800200        0x0 c:/program files (x86)/atmel/atmel toolchain/avr8 gcc/native/3.4.1056/avr8-gnu-toolchain/bin/../lib/gcc/avr/4.8.1/../../../../avr/lib/avr6\libm.a(gesf2.o)
 .data          0x00800200        0x0 c:/program files (x86)/atmel/atmel toolchain/avr8 gcc/native/3.4.1056/avr8-gnu-toolchain/bin/../lib/gcc/avr/4.8.1/../../../../avr/lib/avr6\libm.a(mulsf3.o)
 .data          0x00800200        0x0 c:/program files (x86)/atmel/atmel toolchain/avr8 gcc/native/3.4.1056/avr8-gnu-toolchain/bin/../lib/gcc/avr/4.8.1/../../../../avr/lib/avr6\libm.a(mulsf3x.o)
 .data          0x00800200        0x0 c:/program files (x86)/atmel/atmel toolchain/avr8 gcc/native/3.4.1056/avr8-gnu-toolchain/bin/../lib/gcc/avr/4.8.1/../../../../avr/lib/avr6\libm.a(unordsf2.o)
 .data          0x00800200        0x0 c:/program files (x86)/atmel/atmel toolchain/avr8 gcc/native/3.4.1056/avr8-gnu-toolchain/bin/../lib/gcc/avr/4.8.1/avr6\libgcc.a(_udivmodhi4.o)
 .data          0x00800200        0x0 c:/program files (x86)/atmel/atmel toolchain/avr8 gcc/native/3.4.1056/avr8-gnu-toolchain/bin/../lib/gcc/avr/4.8.1/avr6\libgcc.a(_udivmodsi4.o)
 .data          0x00800200        0x0 c:/program files (x86)/atmel/atmel toolchain/avr8 gcc/native/3.4.1056/avr8-gnu-toolchain/bin/../lib/gcc/avr/4.8.1/avr6\libgcc.a(_exit.o)
 .data          0x00800200        0x0 c:/program files (x86)/atmel/atmel toolchain/avr8 gcc/native/3.4.1056/avr8-gnu-toolchain/bin/../lib/gcc/avr/4.8.1/avr6\libgcc.a(_tablejump.o)
 .data          0x00800200        0x0 c:/program files (x86)/atmel/atmel toolchain/avr8 gcc/native/3.4.1056/avr8-gnu-toolchain/bin/../lib/gcc/avr/4.8.1/avr6\libgcc.a(_copy_data.o)
 .data          0x00800200        0x0 c:/program files (x86)/atmel/atmel toolchain/avr8 gcc/native/3.4.1056/avr8-gnu-toolchain/bin/../lib/gcc/avr/4.8.1/avr6\libgcc.a(_clear_bss.o)
 .data          0x00800200        0x0 c:/program files (x86)/atmel/atmel toolchain/avr8 gcc/native/3.4.1056/avr8-gnu-toolchain/bin/../lib/gcc/avr/4.8.1/avr6\libgcc.a(_ctors.o)
 .data          0x00800200        0x0 c:/program files (x86)/atmel/atmel toolchain/avr8 gcc/native/3.4.1056/avr8-gnu-toolchain/bin/../lib/gcc/avr/4.8.1/avr6\libgcc.a(_tablejump_elpm.o)
 .data          0x00800200        0x6 c:/program files (x86)/atmel/atmel toolchain/avr8 gcc/native/3.4.1056/avr8-gnu-toolchain/bin/../lib/gcc/avr/4.8.1/../../../../avr/lib/avr6\libc.a(malloc.o)
                0x00800200                __malloc_heap_end
                0x00800202                __malloc_heap_start
                0x00800204                __malloc_margin
 .data          0x00800206        0x0 c:/program files (x86)/atmel/atmel toolchain/avr8 gcc/native/3.4.1056/avr8-gnu-toolchain/bin/../lib/gcc/avr/4.8.1/../../../../avr/lib/avr6\libc.a(realloc.o)
 .data          0x00800206        0x0 c:/program files (x86)/atmel/atmel toolchain/avr8 gcc/native/3.4.1056/avr8-gnu-toolchain/bin/../lib/gcc/avr/4.8.1/../../../../avr/lib/avr6\libc.a(atol.o)
 .data          0x00800206        0x0 c:/program files (x86)/atmel/atmel toolchain/avr8 gcc/native/3.4.1056/avr8-gnu-toolchain/bin/../lib/gcc/avr/4.8.1/../../../../avr/lib/avr6\libc.a(isspace.o)
 .data          0x00800206        0x0 c:/program files (x86)/atmel/atmel toolchain/avr8 gcc/native/3.4.1056/avr8-gnu-toolchain/bin/../lib/gcc/avr/4.8.1/../../../../avr/lib/avr6\libc.a(tolower.o)
 .data          0x00800206        0x0 c:/program files (x86)/atmel/atmel toolchain/avr8 gcc/native/3.4.1056/avr8-gnu-toolchain/bin/../lib/gcc/avr/4.8.1/../../../../avr/lib/avr6\libc.a(toupper.o)
 .data          0x00800206        0x0 c:/program files (x86)/atmel/atmel toolchain/avr8 gcc/native/3.4.1056/avr8-gnu-toolchain/bin/../lib/gcc/avr/4.8.1/../../../../avr/lib/avr6\libc.a(memcmp.o)
 .data          0x00800206        0x0 c:/program files (x86)/atmel/atmel toolchain/avr8 gcc/native/3.4.1056/avr8-gnu-toolchain/bin/../lib/gcc/avr/4.8.1/../../../../avr/lib/avr6\libc.a(memcpy.o)
 .data          0x00800206        0x0 c:/program files (x86)/atmel/atmel toolchain/avr8 gcc/native/3.4.1056/avr8-gnu-toolchain/bin/../lib/gcc/avr/4.8.1/../../../../avr/lib/avr6\libc.a(memmove.o)
 .data          0x00800206        0x0 c:/program files (x86)/atmel/atmel toolchain/avr8 gcc/native/3.4.1056/avr8-gnu-toolchain/bin/../lib/gcc/avr/4.8.1/../../../../avr/lib/avr6\libc.a(strchr.o)
 .data          0x00800206        0x0 c:/program files (x86)/atmel/atmel toolchain/avr8 gcc/native/3.4.1056/avr8-gnu-toolchain/bin/../lib/gcc/avr/4.8.1/../../../../avr/lib/avr6\libc.a(strcmp.o)
 .data          0x00800206        0x0 c:/program files (x86)/atmel/atmel toolchain/avr8 gcc/native/3.4.1056/avr8-gnu-toolchain/bin/../lib/gcc/avr/4.8.1/../../../../avr/lib/avr6\libc.a(strcpy.o)
 .data          0x00800206        0x0 c:/program files (x86)/atmel/atmel toolchain/avr8 gcc/native/3.4.1056/avr8-gnu-toolchain/bin/../lib/gcc/avr/4.8.1/../../../../avr/lib/avr6\libc.a(strncmp.o)
 .data          0x00800206        0x0 c:/program files (x86)/atmel/atmel toolchain/avr8 gcc/native/3.4.1056/avr8-gnu-toolchain/bin/../lib/gcc/avr/4.8.1/../../../../avr/lib/avr6\libc.a(strncpy.o)
 .data          0x00800206        0x0 c:/program files (x86)/atmel/atmel toolchain/avr8 gcc/native/3.4.1056/avr8-gnu-toolchain/bin/../lib/gcc/avr/4.8.1/../../../../avr/lib/avr6\libc.a(strrchr.o)
 .data          0x00800206        0x0 c:/program files (x86)/atmel/atmel toolchain/avr8 gcc/native/3.4.1056/avr8-gnu-toolchain/bin/../lib/gcc/avr/4.8.1/../../../../avr/lib/avr6\libc.a(strstr.o)
 .data          0x00800206        0x0 c:/program files (x86)/atmel/atmel toolchain/avr8 gcc/native/3.4.1056/avr8-gnu-toolchain/bin/../lib/gcc/avr/4.8.1/../../../../avr/lib/avr6\libc.a(itoa.o)
 .data          0x00800206        0x0 c:/program files (x86)/atmel/atmel toolchain/avr8 gcc/native/3.4.1056/avr8-gnu-toolchain/bin/../lib/gcc/avr/4.8.1/../../../../avr/lib/avr6\libc.a(itoa_ncheck.o)
 .data          0x00800206        0x0 c:/program files (x86)/atmel/atmel toolchain/avr8 gcc/native/3.4.1056/avr8-gnu-toolchain/bin/../lib/gcc/avr/4.8.1/../../../../avr/lib/avr6\libc.a(ltoa.o)
 .data          0x00800206        0x0 c:/program files (x86)/atmel/atmel toolchain/avr8 gcc/native/3.4.1056/avr8-gnu-toolchain/bin/../lib/gcc/avr/4.8.1/../../../../avr/lib/avr6\libc.a(ltoa_ncheck.o)
 .data          0x00800206        0x0 c:/program files (x86)/atmel/atmel toolchain/avr8 gcc/native/3.4.1056/avr8-gnu-toolchain/bin/../lib/gcc/avr/4.8.1/../../../../avr/lib/avr6\libc.a(mulsi10.o)
 .data          0x00800206        0x0 c:/program files (x86)/atmel/atmel toolchain/avr8 gcc/native/3.4.1056/avr8-gnu-toolchain/bin/../lib/gcc/avr/4.8.1/../../../../avr/lib/avr6\libc.a(ultoa.o)
 .data          0x00800206        0x0 c:/program files (x86)/atmel/atmel toolchain/avr8 gcc/native/3.4.1056/avr8-gnu-toolchain/bin/../lib/gcc/avr/4.8.1/../../../../avr/lib/avr6\libc.a(ultoa_ncheck.o)
 .data          0x00800206        0x0 c:/program files (x86)/atmel/atmel toolchain/avr8 gcc/native/3.4.1056/avr8-gnu-toolchain/bin/../lib/gcc/avr/4.8.1/../../../../avr/lib/avr6\libc.a(utoa.o)
 .data          0x00800206        0x0 c:/program files (x86)/atmel/atmel toolchain/avr8 gcc/native/3.4.1056/avr8-gnu-toolchain/bin/../lib/gcc/avr/4.8.1/../../../../avr/lib/avr6\libc.a(utoa_ncheck.o)
 .data          0x00800206        0x0 c:/program files (x86)/atmel/atmel toolchain/avr8 gcc/native/3.4.1056/avr8-gnu-toolchain/bin/../lib/gcc/avr/4.8.1/../../../../avr/lib/avr6\libc.a(cty_isfalse.o)
 .data          0x00800206        0x0 c:/program files (x86)/atmel/atmel toolchain/avr8 gcc/native/3.4.1056/avr8-gnu-toolchain/bin/../lib/gcc/avr/4.8.1/../../../../avr/lib/avr6\libc.a(strrev.o)
 *(.data*)
 .data._ZN6I2Cdev11readTimeoutE
                0x00800206        0x2 I2Cdev.o
                0x00800206                _ZN6I2Cdev11readTimeoutE
 .data.xNextTaskUnblockTime
                0x00800208        0x2 tasks.o
 *(.rodata)
 *(.rodata*)
 .rodata.str1.1
                0x0080020a       0x7e FreeRTOS2560.o
 .rodata.str1.1
                0x00800288        0x5 tasks.o
 .rodata._ZTV7TwoWire
                0x0080028d       0x10 Wire.o
                0x0080028d                _ZTV7TwoWire
 .rodata._ZTV14HardwareSerial
                0x0080029d       0x10 ../../../Arduino/Arduino/Debug\libarduino.a(HardwareSerial.o)
                0x0080029d                _ZTV14HardwareSerial
 *(.gnu.linkonce.d*)
                0x008002ae                . = ALIGN (0x2)
 *fill*         0x008002ad        0x1 
                0x008002ae                _edata = .
                0x008002ae                PROVIDE (__data_end, .)

.bss            0x008002ae     0x180e
                0x008002ae                PROVIDE (__bss_start, .)
 *(.bss)
 *(.bss*)
 .bss.printing_semphr
                0x008002ae        0x2 FreeRTOS2560.o
                0x008002ae                printing_semphr
 .bss.sonar2    0x008002b0       0x12 FreeRTOS2560.o
                0x008002b0                sonar2
 .bss.sonar1    0x008002c2       0x12 FreeRTOS2560.o
                0x008002c2                sonar1
 .bss.accelgyro
                0x008002d4        0xf FreeRTOS2560.o
                0x008002d4                accelgyro
 .bss.pucAlignedHeap.1837
                0x008002e3        0x2 heap_1.o
 .bss.xNextFreeByte
                0x008002e5        0x2 heap_1.o
 .bss.ucHeap    0x008002e7     0x1400 heap_1.o
 .bss.intFunc   0x008016e7        0x2 NewPing.o
                0x008016e7                intFunc
 .bss.uxSchedulerSuspended
                0x008016e9        0x1 tasks.o
 .bss.uxTaskNumber
                0x008016ea        0x1 tasks.o
 .bss.xNumOfOverflows
                0x008016eb        0x1 tasks.o
 .bss.xYieldPending
                0x008016ec        0x1 tasks.o
 .bss.uxPendedTicks
                0x008016ed        0x1 tasks.o
 .bss.xSchedulerRunning
                0x008016ee        0x1 tasks.o
 .bss.uxTopReadyPriority
                0x008016ef        0x1 tasks.o
 .bss.xTickCount
                0x008016f0        0x2 tasks.o
 .bss.uxCurrentNumberOfTasks
                0x008016f2        0x1 tasks.o
 .bss.xSuspendedTaskList
                0x008016f3        0x9 tasks.o
 .bss.uxTasksDeleted
                0x008016fc        0x1 tasks.o
 .bss.xTasksWaitingTermination
                0x008016fd        0x9 tasks.o
 .bss.xPendingReadyList
                0x00801706        0x9 tasks.o
 .bss.pxOverflowDelayedTaskList
                0x0080170f        0x2 tasks.o
 .bss.pxDelayedTaskList
                0x00801711        0x2 tasks.o
 .bss.xDelayedTaskList2
                0x00801713        0x9 tasks.o
 .bss.xDelayedTaskList1
                0x0080171c        0x9 tasks.o
 .bss.pxReadyTasksLists
                0x00801725       0x24 tasks.o
 .bss.pxCurrentTCB
                0x00801749        0x2 tasks.o
                0x00801749                pxCurrentTCB
 .bss.twi_error
                0x0080174b        0x1 twi.o
 .bss.twi_rxBufferIndex
                0x0080174c        0x1 twi.o
 .bss.twi_rxBuffer
                0x0080174d       0x20 twi.o
 .bss.twi_txBufferLength
                0x0080176d        0x1 twi.o
 .bss.twi_txBufferIndex
                0x0080176e        0x1 twi.o
 .bss.twi_txBuffer
                0x0080176f       0x20 twi.o
 .bss.twi_masterBufferLength
                0x0080178f        0x1 twi.o
 .bss.twi_masterBufferIndex
                0x00801790        0x1 twi.o
 .bss.twi_masterBuffer
                0x00801791       0x20 twi.o
 .bss.twi_onSlaveReceive
                0x008017b1        0x2 twi.o
 .bss.twi_onSlaveTransmit
                0x008017b3        0x2 twi.o
 .bss.twi_inRepStart
                0x008017b5        0x1 twi.o
 .bss.twi_sendStop
                0x008017b6        0x1 twi.o
 .bss.twi_slarw
                0x008017b7        0x1 twi.o
 .bss.twi_state
                0x008017b8        0x1 twi.o
 .bss.Wire      0x008017b9        0xc Wire.o
                0x008017b9                Wire
 .bss._ZN7TwoWire12transmittingE
                0x008017c5        0x1 Wire.o
                0x008017c5                _ZN7TwoWire12transmittingE
 .bss._ZN7TwoWire14txBufferLengthE
                0x008017c6        0x1 Wire.o
                0x008017c6                _ZN7TwoWire14txBufferLengthE
 .bss._ZN7TwoWire13txBufferIndexE
                0x008017c7        0x1 Wire.o
                0x008017c7                _ZN7TwoWire13txBufferIndexE
 .bss._ZN7TwoWire8txBufferE
                0x008017c8       0x20 Wire.o
                0x008017c8                _ZN7TwoWire8txBufferE
 .bss._ZN7TwoWire9txAddressE
                0x008017e8        0x1 Wire.o
                0x008017e8                _ZN7TwoWire9txAddressE
 .bss._ZN7TwoWire14rxBufferLengthE
                0x008017e9        0x1 Wire.o
                0x008017e9                _ZN7TwoWire14rxBufferLengthE
 .bss._ZN7TwoWire13rxBufferIndexE
                0x008017ea        0x1 Wire.o
                0x008017ea                _ZN7TwoWire13rxBufferIndexE
 .bss._ZN7TwoWire8rxBufferE
                0x008017eb       0x20 Wire.o
                0x008017eb                _ZN7TwoWire8rxBufferE
 .bss.Serial3   0x0080180b       0x22 ../../../Arduino/Arduino/Debug\libarduino.a(HardwareSerial.o)
                0x0080180b                Serial3
 .bss.Serial2   0x0080182d       0x22 ../../../Arduino/Arduino/Debug\libarduino.a(HardwareSerial.o)
                0x0080182d                Serial2
 .bss.Serial1   0x0080184f       0x22 ../../../Arduino/Arduino/Debug\libarduino.a(HardwareSerial.o)
                0x0080184f                Serial1
 .bss.Serial    0x00801871       0x22 ../../../Arduino/Arduino/Debug\libarduino.a(HardwareSerial.o)
                0x00801871                Serial
 .bss.tx_buffer3
                0x00801893       0x44 ../../../Arduino/Arduino/Debug\libarduino.a(HardwareSerial.o)
                0x00801893                tx_buffer3
 .bss.rx_buffer3
                0x008018d7       0x44 ../../../Arduino/Arduino/Debug\libarduino.a(HardwareSerial.o)
                0x008018d7                rx_buffer3
 .bss.tx_buffer2
                0x0080191b       0x44 ../../../Arduino/Arduino/Debug\libarduino.a(HardwareSerial.o)
                0x0080191b                tx_buffer2
 .bss.rx_buffer2
                0x0080195f       0x44 ../../../Arduino/Arduino/Debug\libarduino.a(HardwareSerial.o)
                0x0080195f                rx_buffer2
 .bss.tx_buffer1
                0x008019a3       0x44 ../../../Arduino/Arduino/Debug\libarduino.a(HardwareSerial.o)
                0x008019a3                tx_buffer1
 .bss.rx_buffer1
                0x008019e7       0x44 ../../../Arduino/Arduino/Debug\libarduino.a(HardwareSerial.o)
                0x008019e7                rx_buffer1
 .bss.tx_buffer
                0x00801a2b       0x44 ../../../Arduino/Arduino/Debug\libarduino.a(HardwareSerial.o)
                0x00801a2b                tx_buffer
 .bss.rx_buffer
                0x00801a6f       0x44 ../../../Arduino/Arduino/Debug\libarduino.a(HardwareSerial.o)
                0x00801a6f                rx_buffer
 .bss.timer0_fract
                0x00801ab3        0x1 ../../../Arduino/Arduino/Debug\libarduino.a(wiring.o)
 .bss.timer0_millis
                0x00801ab4        0x4 ../../../Arduino/Arduino/Debug\libarduino.a(wiring.o)
                0x00801ab4                timer0_millis
 .bss.timer0_overflow_count
                0x00801ab8        0x4 ../../../Arduino/Arduino/Debug\libarduino.a(wiring.o)
                0x00801ab8                timer0_overflow_count
 *(COMMON)
                0x00801abc                PROVIDE (__bss_end, .)
                0x00002dda                __data_load_start = LOADADDR (.data)
                0x00002e88                __data_load_end = (__data_load_start + SIZEOF (.data))

.noinit         0x00801abc        0x0
                0x00801abc                PROVIDE (__noinit_start, .)
 *(.noinit*)
                0x00801abc                PROVIDE (__noinit_end, .)
                0x00801abc                _end = .
                0x00801abc                PROVIDE (__heap_start, .)

.eeprom         0x00810000        0x0
 *(.eeprom*)
                0x00810000                __eeprom_end = .

.fuse
 *(.fuse)
 *(.lfuse)
 *(.hfuse)
 *(.efuse)

.lock
 *(.lock*)

.signature
 *(.signature*)

.user_signatures
 *(.user_signatures*)

.stab
 *(.stab)

.stabstr
 *(.stabstr)

.stab.excl
 *(.stab.excl)

.stab.exclstr
 *(.stab.exclstr)

.stab.index
 *(.stab.index)

.stab.indexstr
 *(.stab.indexstr)

.comment        0x00000000       0x30
 *(.comment)
 .comment       0x00000000       0x30 FreeRTOS2560.o
                                 0x31 (size before relaxing)
 .comment       0x00000000       0x31 heap_1.o
 .comment       0x00000000       0x31 I2Cdev.o
 .comment       0x00000000       0x31 list.o
 .comment       0x00000000       0x31 MPU6050.o
 .comment       0x00000000       0x31 NewPing.o
 .comment       0x00000000       0x31 port.o
 .comment       0x00000000       0x31 queue.o
 .comment       0x00000000       0x31 tasks.o
 .comment       0x00000000       0x31 twi.o
 .comment       0x00000000       0x31 Wire.o
 .comment       0x00000000       0x31 ../../../Arduino/Arduino/Debug\libarduino.a(HardwareSerial.o)
 .comment       0x00000000       0x31 ../../../Arduino/Arduino/Debug\libarduino.a(new.o)
 .comment       0x00000000       0x31 ../../../Arduino/Arduino/Debug\libarduino.a(Print.o)
 .comment       0x00000000       0x31 ../../../Arduino/Arduino/Debug\libarduino.a(wiring.o)
 .comment       0x00000000       0x31 ../../../Arduino/Arduino/Debug\libarduino.a(wiring_digital.o)
 .comment       0x00000000       0x31 ../../../Arduino/Arduino/Debug\libarduino.a(WString.o)
 .comment       0x00000000       0x31 c:/program files (x86)/atmel/atmel toolchain/avr8 gcc/native/3.4.1056/avr8-gnu-toolchain/bin/../lib/gcc/avr/4.8.1/../../../../avr/lib/avr6\libc.a(malloc.o)
 .comment       0x00000000       0x31 c:/program files (x86)/atmel/atmel toolchain/avr8 gcc/native/3.4.1056/avr8-gnu-toolchain/bin/../lib/gcc/avr/4.8.1/../../../../avr/lib/avr6\libc.a(realloc.o)

.note.gnu.build-id
 *(.note.gnu.build-id)

.debug
 *(.debug)

.line
 *(.line)

.debug_srcinfo
 *(.debug_srcinfo)

.debug_sfnames
 *(.debug_sfnames)

.debug_aranges  0x00000000     0x1208
 *(.debug_aranges)
 .debug_aranges
                0x00000000       0x50 FreeRTOS2560.o
 .debug_aranges
                0x00000050       0x38 heap_1.o
 .debug_aranges
                0x00000088       0xa0 I2Cdev.o
 .debug_aranges
                0x00000128       0x40 list.o
 .debug_aranges
                0x00000168      0x840 MPU6050.o
 .debug_aranges
                0x000009a8       0x98 NewPing.o
 .debug_aranges
                0x00000a40       0x48 port.o
 .debug_aranges
                0x00000a88       0x98 queue.o
 .debug_aranges
                0x00000b20       0xf8 tasks.o
 .debug_aranges
                0x00000c18       0x70 twi.o
 .debug_aranges
                0x00000c88       0xd0 Wire.o
 .debug_aranges
                0x00000d58       0xd8 ../../../Arduino/Arduino/Debug\libarduino.a(HardwareSerial.o)
 .debug_aranges
                0x00000e30       0x58 ../../../Arduino/Arduino/Debug\libarduino.a(new.o)
 .debug_aranges
                0x00000e88       0xe8 ../../../Arduino/Arduino/Debug\libarduino.a(Print.o)
 .debug_aranges
                0x00000f70       0x48 ../../../Arduino/Arduino/Debug\libarduino.a(wiring.o)
 .debug_aranges
                0x00000fb8       0x38 ../../../Arduino/Arduino/Debug\libarduino.a(wiring_digital.o)
 .debug_aranges
                0x00000ff0      0x218 ../../../Arduino/Arduino/Debug\libarduino.a(WString.o)

.debug_pubnames
 *(.debug_pubnames)

.debug_info     0x00000000    0x1af93
 *(.debug_info .gnu.linkonce.wi.*)
 .debug_info    0x00000000     0x3158 FreeRTOS2560.o
 .debug_info    0x00003158      0x1ad heap_1.o
 .debug_info    0x00003305     0x1282 I2Cdev.o
 .debug_info    0x00004587      0x2c3 list.o
 .debug_info    0x0000484a     0x8893 MPU6050.o
 .debug_info    0x0000d0dd      0xbd0 NewPing.o
 .debug_info    0x0000dcad      0x202 port.o
 .debug_info    0x0000deaf      0xf06 queue.o
 .debug_info    0x0000edb5     0x1799 tasks.o
 .debug_info    0x0001054e      0x5ed twi.o
 .debug_info    0x00010b3b     0x2019 Wire.o
 .debug_info    0x00012b54     0x1f94 ../../../Arduino/Arduino/Debug\libarduino.a(HardwareSerial.o)
 .debug_info    0x00014ae8      0x230 ../../../Arduino/Arduino/Debug\libarduino.a(new.o)
 .debug_info    0x00014d18     0x23ca ../../../Arduino/Arduino/Debug\libarduino.a(Print.o)
 .debug_info    0x000170e2      0x30b ../../../Arduino/Arduino/Debug\libarduino.a(wiring.o)
 .debug_info    0x000173ed      0x63a ../../../Arduino/Arduino/Debug\libarduino.a(wiring_digital.o)
 .debug_info    0x00017a27     0x356c ../../../Arduino/Arduino/Debug\libarduino.a(WString.o)

.debug_abbrev   0x00000000     0x2f47
 *(.debug_abbrev)
 .debug_abbrev  0x00000000      0x41a FreeRTOS2560.o
 .debug_abbrev  0x0000041a      0x12e heap_1.o
 .debug_abbrev  0x00000548      0x2d7 I2Cdev.o
 .debug_abbrev  0x0000081f       0xf8 list.o
 .debug_abbrev  0x00000917      0x2f2 MPU6050.o
 .debug_abbrev  0x00000c09      0x367 NewPing.o
 .debug_abbrev  0x00000f70      0x13d port.o
 .debug_abbrev  0x000010ad      0x2c1 queue.o
 .debug_abbrev  0x0000136e      0x31d tasks.o
 .debug_abbrev  0x0000168b      0x251 twi.o
 .debug_abbrev  0x000018dc      0x4e7 Wire.o
 .debug_abbrev  0x00001dc3      0x53c ../../../Arduino/Arduino/Debug\libarduino.a(HardwareSerial.o)
 .debug_abbrev  0x000022ff      0x13f ../../../Arduino/Arduino/Debug\libarduino.a(new.o)
 .debug_abbrev  0x0000243e      0x3dd ../../../Arduino/Arduino/Debug\libarduino.a(Print.o)
 .debug_abbrev  0x0000281b      0x134 ../../../Arduino/Arduino/Debug\libarduino.a(wiring.o)
 .debug_abbrev  0x0000294f      0x15a ../../../Arduino/Arduino/Debug\libarduino.a(wiring_digital.o)
 .debug_abbrev  0x00002aa9      0x49e ../../../Arduino/Arduino/Debug\libarduino.a(WString.o)

.debug_line     0x00000000     0x7da1
 *(.debug_line .debug_line.* .debug_line_end)
 .debug_line    0x00000000      0x439 FreeRTOS2560.o
 .debug_line    0x00000439      0x230 heap_1.o
 .debug_line    0x00000669      0x6ba I2Cdev.o
 .debug_line    0x00000d23      0x244 list.o
 .debug_line    0x00000f67     0x22be MPU6050.o
 .debug_line    0x00003225      0x4e0 NewPing.o
 .debug_line    0x00003705      0x301 port.o
 .debug_line    0x00003a06      0x7c2 queue.o
 .debug_line    0x000041c8      0xc58 tasks.o
 .debug_line    0x00004e20      0x512 twi.o
 .debug_line    0x00005332      0x514 Wire.o
 .debug_line    0x00005846      0x72e ../../../Arduino/Arduino/Debug\libarduino.a(HardwareSerial.o)
 .debug_line    0x00005f74      0x222 ../../../Arduino/Arduino/Debug\libarduino.a(new.o)
 .debug_line    0x00006196      0x6e9 ../../../Arduino/Arduino/Debug\libarduino.a(Print.o)
 .debug_line    0x0000687f      0x2ea ../../../Arduino/Arduino/Debug\libarduino.a(wiring.o)
 .debug_line    0x00006b69      0x2c6 ../../../Arduino/Arduino/Debug\libarduino.a(wiring_digital.o)
 .debug_line    0x00006e2f      0xf72 ../../../Arduino/Arduino/Debug\libarduino.a(WString.o)

.debug_frame    0x00000000     0x4074
 *(.debug_frame)
 .debug_frame   0x00000000       0xb8 FreeRTOS2560.o
 .debug_frame   0x000000b8       0x60 heap_1.o
 .debug_frame   0x00000118      0x3c4 I2Cdev.o
 .debug_frame   0x000004dc       0x90 list.o
 .debug_frame   0x0000056c     0x1de8 MPU6050.o
 .debug_frame   0x00002354      0x238 NewPing.o
 .debug_frame   0x0000258c       0x74 port.o
 .debug_frame   0x00002600      0x208 queue.o
 .debug_frame   0x00002808      0x380 tasks.o
 .debug_frame   0x00002b88      0x114 twi.o
 .debug_frame   0x00002c9c      0x1d0 Wire.o
 .debug_frame   0x00002e6c      0x470 ../../../Arduino/Arduino/Debug\libarduino.a(HardwareSerial.o)
 .debug_frame   0x000032dc       0x94 ../../../Arduino/Arduino/Debug\libarduino.a(new.o)
 .debug_frame   0x00003370      0x3ec ../../../Arduino/Arduino/Debug\libarduino.a(Print.o)
 .debug_frame   0x0000375c       0xbc ../../../Arduino/Arduino/Debug\libarduino.a(wiring.o)
 .debug_frame   0x00003818       0x7c ../../../Arduino/Arduino/Debug\libarduino.a(wiring_digital.o)
 .debug_frame   0x00003894      0x7e0 ../../../Arduino/Arduino/Debug\libarduino.a(WString.o)

.debug_str      0x00000000     0x6d4a
 *(.debug_str)
 .debug_str     0x00000000     0x3e40 FreeRTOS2560.o
                               0x3ecc (size before relaxing)
 .debug_str     0x00003e40      0x145 heap_1.o
                                0x22b (size before relaxing)
 .debug_str     0x00003f85      0x3a5 I2Cdev.o
                                0x5a3 (size before relaxing)
 .debug_str     0x0000432a      0x129 list.o
                                0x2a6 (size before relaxing)
 .debug_str     0x00004453      0x15a MPU6050.o
                               0x3ce2 (size before relaxing)
 .debug_str     0x000045ad      0x115 NewPing.o
                                0x59d (size before relaxing)
 .debug_str     0x000046c2       0xcf port.o
                                0x271 (size before relaxing)
 .debug_str     0x00004791      0x387 queue.o
                                0x685 (size before relaxing)
 .debug_str     0x00004b18      0x540 tasks.o
                                0xa13 (size before relaxing)
 .debug_str     0x00005058      0x1b0 twi.o
                                0x34f (size before relaxing)
 .debug_str     0x00005208      0xe7d Wire.o
                               0x12d2 (size before relaxing)
 .debug_str     0x00006085      0x4d7 ../../../Arduino/Arduino/Debug\libarduino.a(HardwareSerial.o)
                               0x1079 (size before relaxing)
 .debug_str     0x0000655c       0xbc ../../../Arduino/Arduino/Debug\libarduino.a(new.o)
                                0x200 (size before relaxing)
 .debug_str     0x00006618      0x314 ../../../Arduino/Arduino/Debug\libarduino.a(Print.o)
                                0xcf3 (size before relaxing)
 .debug_str     0x0000692c       0xf6 ../../../Arduino/Arduino/Debug\libarduino.a(wiring.o)
                                0x1f8 (size before relaxing)
 .debug_str     0x00006a22       0x53 ../../../Arduino/Arduino/Debug\libarduino.a(wiring_digital.o)
                                0x26c (size before relaxing)
 .debug_str     0x00006a75      0x2d5 ../../../Arduino/Arduino/Debug\libarduino.a(WString.o)
                                0xc0d (size before relaxing)

.debug_loc      0x00000000    0x15206
 *(.debug_loc)
 .debug_loc     0x00000000      0x11f FreeRTOS2560.o
 .debug_loc     0x0000011f       0xd3 heap_1.o
 .debug_loc     0x000001f2     0x162e I2Cdev.o
 .debug_loc     0x00001820      0x1b3 list.o
 .debug_loc     0x000019d3     0x8cb2 MPU6050.o
 .debug_loc     0x0000a685      0xae4 NewPing.o
 .debug_loc     0x0000b169      0x29b port.o
 .debug_loc     0x0000b404      0xfa7 queue.o
 .debug_loc     0x0000c3ab     0x1392 tasks.o
 .debug_loc     0x0000d73d      0x3e7 twi.o
 .debug_loc     0x0000db24      0x8a8 Wire.o
 .debug_loc     0x0000e3cc      0xe4b ../../../Arduino/Arduino/Debug\libarduino.a(HardwareSerial.o)
 .debug_loc     0x0000f217       0xc0 ../../../Arduino/Arduino/Debug\libarduino.a(new.o)
 .debug_loc     0x0000f2d7     0x1fc9 ../../../Arduino/Arduino/Debug\libarduino.a(Print.o)
 .debug_loc     0x000112a0      0x22a ../../../Arduino/Arduino/Debug\libarduino.a(wiring.o)
 .debug_loc     0x000114ca      0x700 ../../../Arduino/Arduino/Debug\libarduino.a(wiring_digital.o)
 .debug_loc     0x00011bca     0x363c ../../../Arduino/Arduino/Debug\libarduino.a(WString.o)

.debug_macinfo
 *(.debug_macinfo)

.debug_weaknames
 *(.debug_weaknames)

.debug_funcnames
 *(.debug_funcnames)

.debug_typenames
 *(.debug_typenames)

.debug_varnames
 *(.debug_varnames)

.debug_pubtypes
 *(.debug_pubtypes)

.debug_ranges   0x00000000     0x12b0
 *(.debug_ranges)
 .debug_ranges  0x00000000       0x70 FreeRTOS2560.o
 .debug_ranges  0x00000070       0x28 heap_1.o
 .debug_ranges  0x00000098      0x100 I2Cdev.o
 .debug_ranges  0x00000198       0x30 list.o
 .debug_ranges  0x000001c8      0x830 MPU6050.o
 .debug_ranges  0x000009f8       0x88 NewPing.o
 .debug_ranges  0x00000a80       0x38 port.o
 .debug_ranges  0x00000ab8       0x88 queue.o
 .debug_ranges  0x00000b40      0x138 tasks.o
 .debug_ranges  0x00000c78       0x60 twi.o
 .debug_ranges  0x00000cd8       0xc0 Wire.o
 .debug_ranges  0x00000d98       0xc8 ../../../Arduino/Arduino/Debug\libarduino.a(HardwareSerial.o)
 .debug_ranges  0x00000e60       0x48 ../../../Arduino/Arduino/Debug\libarduino.a(new.o)
 .debug_ranges  0x00000ea8      0x168 ../../../Arduino/Arduino/Debug\libarduino.a(Print.o)
 .debug_ranges  0x00001010       0x38 ../../../Arduino/Arduino/Debug\libarduino.a(wiring.o)
 .debug_ranges  0x00001048       0x28 ../../../Arduino/Arduino/Debug\libarduino.a(wiring_digital.o)
 .debug_ranges  0x00001070      0x240 ../../../Arduino/Arduino/Debug\libarduino.a(WString.o)

.debug_macro
 *(.debug_macro)
OUTPUT(FreeRTOS2560.elf elf32-avr)
LOAD linker stubs
