Archive member included because of file (symbol)

../../../Arduino/Arduino/Debug\libarduino.a(HardwareSerial.o)
                              FreeRTOS2560.o (Serial)
../../../Arduino/Arduino/Debug\libarduino.a(new.o)
                              Wire.o (__cxa_pure_virtual)
../../../Arduino/Arduino/Debug\libarduino.a(Print.o)
                              Wire.o (_ZN5Print5writeEPKhj)
../../../Arduino/Arduino/Debug\libarduino.a(wiring.o)
                              I2Cdev.o (millis)
../../../Arduino/Arduino/Debug\libarduino.a(wiring_digital.o)
                              NewPing.o (digital_pin_to_bit_mask_PGM)
../../../Arduino/Arduino/Debug\libarduino.a(WString.o)
                              ../../../Arduino/Arduino/Debug\libarduino.a(Print.o) (_ZNK6StringixEj)
c:/program files (x86)/atmel/atmel toolchain/avr8 gcc/native/3.4.1056/avr8-gnu-toolchain/bin/../lib/gcc/avr/4.8.1/../../../../avr/lib/avr6\libm.a(addsf3.o)
                              ../../../Arduino/Arduino/Debug\libarduino.a(Print.o) (__subsf3)
c:/program files (x86)/atmel/atmel toolchain/avr8 gcc/native/3.4.1056/avr8-gnu-toolchain/bin/../lib/gcc/avr/4.8.1/../../../../avr/lib/avr6\libm.a(addsf3x.o)
                              c:/program files (x86)/atmel/atmel toolchain/avr8 gcc/native/3.4.1056/avr8-gnu-toolchain/bin/../lib/gcc/avr/4.8.1/../../../../avr/lib/avr6\libm.a(addsf3.o) (__addsf3x)
c:/program files (x86)/atmel/atmel toolchain/avr8 gcc/native/3.4.1056/avr8-gnu-toolchain/bin/../lib/gcc/avr/4.8.1/../../../../avr/lib/avr6\libm.a(cmpsf2.o)
                              ../../../Arduino/Arduino/Debug\libarduino.a(Print.o) (__ltsf2)
c:/program files (x86)/atmel/atmel toolchain/avr8 gcc/native/3.4.1056/avr8-gnu-toolchain/bin/../lib/gcc/avr/4.8.1/../../../../avr/lib/avr6\libm.a(divsf3.o)
                              ../../../Arduino/Arduino/Debug\libarduino.a(Print.o) (__divsf3)
c:/program files (x86)/atmel/atmel toolchain/avr8 gcc/native/3.4.1056/avr8-gnu-toolchain/bin/../lib/gcc/avr/4.8.1/../../../../avr/lib/avr6\libm.a(divsf3x.o)
                              c:/program files (x86)/atmel/atmel toolchain/avr8 gcc/native/3.4.1056/avr8-gnu-toolchain/bin/../lib/gcc/avr/4.8.1/../../../../avr/lib/avr6\libm.a(divsf3.o) (__divsf3x)
c:/program files (x86)/atmel/atmel toolchain/avr8 gcc/native/3.4.1056/avr8-gnu-toolchain/bin/../lib/gcc/avr/4.8.1/../../../../avr/lib/avr6\libm.a(fixsfsi.o)
                              ../../../Arduino/Arduino/Debug\libarduino.a(Print.o) (__fixsfsi)
c:/program files (x86)/atmel/atmel toolchain/avr8 gcc/native/3.4.1056/avr8-gnu-toolchain/bin/../lib/gcc/avr/4.8.1/../../../../avr/lib/avr6\libm.a(fixunssfsi.o)
                              ../../../Arduino/Arduino/Debug\libarduino.a(Print.o) (__fixunssfsi)
c:/program files (x86)/atmel/atmel toolchain/avr8 gcc/native/3.4.1056/avr8-gnu-toolchain/bin/../lib/gcc/avr/4.8.1/../../../../avr/lib/avr6\libm.a(floatsisf.o)
                              ../../../Arduino/Arduino/Debug\libarduino.a(Print.o) (__floatunsisf)
c:/program files (x86)/atmel/atmel toolchain/avr8 gcc/native/3.4.1056/avr8-gnu-toolchain/bin/../lib/gcc/avr/4.8.1/../../../../avr/lib/avr6\libm.a(fp_cmp.o)
                              c:/program files (x86)/atmel/atmel toolchain/avr8 gcc/native/3.4.1056/avr8-gnu-toolchain/bin/../lib/gcc/avr/4.8.1/../../../../avr/lib/avr6\libm.a(cmpsf2.o) (__fp_cmp)
c:/program files (x86)/atmel/atmel toolchain/avr8 gcc/native/3.4.1056/avr8-gnu-toolchain/bin/../lib/gcc/avr/4.8.1/../../../../avr/lib/avr6\libm.a(fp_inf.o)
                              c:/program files (x86)/atmel/atmel toolchain/avr8 gcc/native/3.4.1056/avr8-gnu-toolchain/bin/../lib/gcc/avr/4.8.1/../../../../avr/lib/avr6\libm.a(addsf3x.o) (__fp_inf)
c:/program files (x86)/atmel/atmel toolchain/avr8 gcc/native/3.4.1056/avr8-gnu-toolchain/bin/../lib/gcc/avr/4.8.1/../../../../avr/lib/avr6\libm.a(fp_nan.o)
                              c:/program files (x86)/atmel/atmel toolchain/avr8 gcc/native/3.4.1056/avr8-gnu-toolchain/bin/../lib/gcc/avr/4.8.1/../../../../avr/lib/avr6\libm.a(addsf3x.o) (__fp_nan)
c:/program files (x86)/atmel/atmel toolchain/avr8 gcc/native/3.4.1056/avr8-gnu-toolchain/bin/../lib/gcc/avr/4.8.1/../../../../avr/lib/avr6\libm.a(fp_pscA.o)
                              c:/program files (x86)/atmel/atmel toolchain/avr8 gcc/native/3.4.1056/avr8-gnu-toolchain/bin/../lib/gcc/avr/4.8.1/../../../../avr/lib/avr6\libm.a(addsf3x.o) (__fp_pscA)
c:/program files (x86)/atmel/atmel toolchain/avr8 gcc/native/3.4.1056/avr8-gnu-toolchain/bin/../lib/gcc/avr/4.8.1/../../../../avr/lib/avr6\libm.a(fp_pscB.o)
                              c:/program files (x86)/atmel/atmel toolchain/avr8 gcc/native/3.4.1056/avr8-gnu-toolchain/bin/../lib/gcc/avr/4.8.1/../../../../avr/lib/avr6\libm.a(addsf3x.o) (__fp_pscB)
c:/program files (x86)/atmel/atmel toolchain/avr8 gcc/native/3.4.1056/avr8-gnu-toolchain/bin/../lib/gcc/avr/4.8.1/../../../../avr/lib/avr6\libm.a(fp_round.o)
[...]
Memory Configuration

Name             Origin             Length             Attributes
text             0x00000000         0x00100000         xr
data             0x00800200         0x0000fe00         rw !x
eeprom           0x00810000         0x00010000         rw !x
fuse             0x00820000         0x00000400         rw !x
lock             0x00830000         0x00000400         rw !x
signature        0x00840000         0x00000400         rw !x
user_signatures  0x00850000         0x00000400         rw !x
*default*        0x00000000         0xffffffff

Linker script and memory map

Address of section .data set to 0x800200
LOAD c:/program files (x86)/atmel/atmel toolchain/avr8 gcc/native/3.4.1056/avr8-gnu-toolchain/bin/../lib/gcc/avr/4.8.1/../../../../avr/lib/avr6/crtm2560.o
LOAD FreeRTOS2560.o
LOAD heap_1.o
LOAD I2Cdev.o
LOAD list.o
LOAD MPU6050.o
LOAD NewPing.o
LOAD port.o
LOAD queue.o
LOAD tasks.o
LOAD twi.o
LOAD Wire.o
START GROUP
LOAD ../../../Arduino/Arduino/Debug\libarduino.a
LOAD c:/program files (x86)/atmel/atmel toolchain/avr8 gcc/native/3.4.1056/avr8-gnu-toolchain/bin/../lib/gcc/avr/4.8.1/../../../../avr/lib/avr6\libm.a
END GROUP
LOAD c:/program files (x86)/atmel/atmel toolchain/avr8 gcc/native/3.4.1056/avr8-gnu-toolchain/bin/../lib/gcc/avr/4.8.1/avr6\libgcc.a
LOAD c:/program files (x86)/atmel/atmel toolchain/avr8 gcc/native/3.4.1056/avr8-gnu-toolchain/bin/../lib/gcc/avr/4.8.1/../../../../avr/lib/avr6\libm.a
START GROUP
LOAD c:/program files (x86)/atmel/atmel toolchain/avr8 gcc/native/3.4.1056/avr8-gnu-toolchain/bin/../lib/gcc/avr/4.8.1/avr6\libgcc.a
LOAD c:/program files (x86)/atmel/atmel toolchain/avr8 gcc/native/3.4.1056/avr8-gnu-toolchain/bin/../lib/gcc/avr/4.8.1/../../../../avr/lib/avr6\libm.a
LOAD c:/program files (x86)/atmel/atmel toolchain/avr8 gcc/native/3.4.1056/avr8-gnu-toolchain/bin/../lib/gcc/avr/4.8.1/../../../../avr/lib/avr6\libc.a
END GROUP

.hash
 *(.hash)

.dynsym
 *(.dynsym)

.dynstr
 *(.dynstr)

.gnu.version
 *(.gnu.version)

.gnu.version_d
 *(.gnu.version_d)

.gnu.version_r
 *(.gnu.version_r)

.rel.init
 *(.rel.init)

.rela.init
 *(.rela.init)

.rel.text
 *(.rel.text)
 *(.rel.text.*)
 *(.rel.gnu.linkonce.t*)

.rela.text
 *(.rela.text)
 *(.rela.text.*)
 *(.rela.gnu.linkonce.t*)

.rel.fini
 *(.rel.fini)

.rela.fini
 *(.rela.fini)

.rel.rodata
 *(.rel.rodata)
 *(.rel.rodata.*)
 *(.rel.gnu.linkonce.r*)

.rela.rodata
 *(.rela.rodata)
 *(.rela.rodata.*)
 *(.rela.gnu.linkonce.r*)

.rel.data
 *(.rel.data)
 *(.rel.data.*)
 *(.rel.gnu.linkonce.d*)

.rela.data
 *(.rela.data)
 *(.rela.data.*)
 *(.rela.gnu.linkonce.d*)

.rel.ctors
 *(.rel.ctors)

.rela.ctors
 *(.rela.ctors)

.rel.dtors
 *(.rel.dtors)

.rela.dtors
 *(.rela.dtors)

.rel.got
 *(.rel.got)

.rela.got
 *(.rela.got)

.rel.bss
 *(.rel.bss)

.rela.bss
 *(.rela.bss)

.rel.plt
 *(.rel.plt)

.rela.plt
 *(.rela.plt)

.text           0x00000000     0x2eac
 *(.vectors)
 .vectors       0x00000000       0xe4 c:/program files (x86)/atmel/atmel toolchain/avr8 gcc/native/3.4.1056/avr8-gnu-toolchain/bin/../lib/gcc/avr/4.8.1/../../../../avr/lib/avr6/crtm2560.o
                0x00000000                __vector_default
                0x00000000                __vectors
 *(.vectors)
 *(.progmem.gcc*)
 .progmem.gcc_sw_table.turnOffPWM
                0x000000e4       0x22 ../../../Arduino/Arduino/Debug\libarduino.a(wiring_digital.o)
                0x00000106                . = ALIGN (0x2)
                0x00000106                __trampolines_start = .
 *(.trampolines)
 .trampolines   0x00000106        0x0 linker stubs
 *(.trampolines*)
                0x00000106                __trampolines_end = .
 *(.progmem*)
 .progmem.data.digital_pin_to_timer_PGM
                0x00000106       0x46 ../../../Arduino/Arduino/Debug\libarduino.a(wiring_digital.o)
                0x00000106                digital_pin_to_timer_PGM
 .progmem.data.digital_pin_to_bit_mask_PGM
                0x0000014c       0x46 ../../../Arduino/Arduino/Debug\libarduino.a(wiring_digital.o)
                0x0000014c                digital_pin_to_bit_mask_PGM
 .progmem.data.digital_pin_to_port_PGM
                0x00000192       0x46 ../../../Arduino/Arduino/Debug\libarduino.a(wiring_digital.o)
                0x00000192                digital_pin_to_port_PGM
 .progmem.data.port_to_input_PGM
                0x000001d8       0x1a ../../../Arduino/Arduino/Debug\libarduino.a(wiring_digital.o)
                0x000001d8                port_to_input_PGM
 .progmem.data.port_to_output_PGM
                0x000001f2       0x1a ../../../Arduino/Arduino/Debug\libarduino.a(wiring_digital.o)
                0x000001f2                port_to_output_PGM
 .progmem.data.port_to_mode_PGM
                0x0000020c       0x1a ../../../Arduino/Arduino/Debug\libarduino.a(wiring_digital.o)
                0x0000020c                port_to_mode_PGM
                0x00000226                . = ALIGN (0x2)
 *(.jumptables)
 *(.jumptables*)
 *(.lowtext)
 *(.lowtext*)
                0x00000226                __ctors_start = .
 *(.ctors)
 .ctors         0x00000226        0x2 FreeRTOS2560.o
 .ctors         0x00000228        0x2 Wire.o
 .ctors         0x0000022a        0x2 ../../../Arduino/Arduino/Debug\libarduino.a(HardwareSerial.o)
                0x0000022c                __ctors_end = .
                0x0000022c                __dtors_start = .
 *(.dtors)
                0x0000022c                __dtors_end = .
 SORT(*)(.ctors)
 SORT(*)(.dtors)
 *(.init0)
 .init0         0x0000022c        0x0 c:/program files (x86)/atmel/atmel toolchain/avr8 gcc/native/3.4.1056/avr8-gnu-toolchain/bin/../lib/gcc/avr/4.8.1/../../../../avr/lib/avr6/crtm2560.o
                0x0000022c                __init
 *(.init0)
 *(.init1)
 *(.init1)
 *(.init2)
 .init2         0x0000022c       0x10 c:/program files (x86)/atmel/atmel toolchain/avr8 gcc/native/3.4.1056/avr8-gnu-toolchain/bin/../lib/gcc/avr/4.8.1/../../../../avr/lib/avr6/crtm2560.o
 *(.init2)
 *(.init3)
 *(.init3)
 *(.init4)
 .init4         0x0000023c       0x1a c:/program files (x86)/atmel/atmel toolchain/avr8 gcc/native/3.4.1056/avr8-gnu-toolchain/bin/../lib/gcc/avr/4.8.1/avr6\libgcc.a(_copy_data.o)
                0x0000023c                __do_copy_data
 .init4         0x00000256       0x10 c:/program files (x86)/atmel/atmel toolchain/avr8 gcc/native/3.4.1056/avr8-gnu-toolchain/bin/../lib/gcc/avr/4.8.1/avr6\libgcc.a(_clear_bss.o)
                0x00000256                __do_clear_bss
 *(.init4)
 *(.init5)
 *(.init5)
 *(.init6)
 .init6         0x00000266       0x20 c:/program files (x86)/atmel/atmel toolchain/avr8 gcc/native/3.4.1056/avr8-gnu-toolchain/bin/../lib/gcc/avr/4.8.1/avr6\libgcc.a(_ctors.o)
                0x00000266                __do_global_ctors
 *(.init6)
 *(.init7)
 *(.init7)
 *(.init8)
 *(.init8)
 *(.init9)
 .init9         0x00000286        0x6 c:/program files (x86)/atmel/atmel toolchain/avr8 gcc/native/3.4.1056/avr8-gnu-toolchain/bin/../lib/gcc/avr/4.8.1/../../../../avr/lib/avr6/crtm2560.o
 *(.init9)
 *(.text)
 .text          0x0000028c        0x2 c:/program files (x86)/atmel/atmel toolchain/avr8 gcc/native/3.4.1056/avr8-gnu-toolchain/bin/../lib/gcc/avr/4.8.1/../../../../avr/lib/avr6/crtm2560.o
                0x0000028c                __vector_38
                0x0000028c                __vector_22
                0x0000028c                __vector_28
                0x0000028c                __vector_1
                0x0000028c                __vector_32
                0x0000028c                __vector_34
                0x0000028c                __vector_24
                0x0000028c                __vector_12
                0x0000028c                __vector_46
                0x0000028c                __bad_interrupt
                0x0000028c                __vector_6
                0x0000028c                __vector_31
                0x0000028c                __vector_35
                0x0000028c                __vector_3
                0x0000028c                __vector_30
                0x0000028c                __vector_45
                0x0000028c                __vector_11
                0x0000028c                __vector_17
                0x0000028c                __vector_19
                0x0000028c                __vector_56
                0x0000028c                __vector_7
                0x0000028c                __vector_49
                0x0000028c                __vector_41
                0x0000028c                __vector_43
                0x0000028c                __vector_27
                0x0000028c                __vector_5
                0x0000028c                __vector_33
                0x0000028c                __vector_47
                0x0000028c                __vector_4
                0x0000028c                __vector_44
                0x0000028c                __vector_9
                0x0000028c                __vector_2
                0x0000028c                __vector_21
                0x0000028c                __vector_15
                0x0000028c                __vector_29
                0x0000028c                __vector_40
                0x0000028c                __vector_8
                0x0000028c                __vector_48
                0x0000028c                __vector_14
                0x0000028c                __vector_53
                0x0000028c                __vector_10
                0x0000028c                __vector_50
                0x0000028c                __vector_16
                0x0000028c                __vector_18
                0x0000028c                __vector_42
                0x0000028e                . = ALIGN (0x2)
 *(.text.*)
 .text._Z5task1Pv
                0x0000028e       0x7e FreeRTOS2560.o
                0x0000028e                _Z5task1Pv
 .text._Z5task2Pv
                0x0000030c       0x7e FreeRTOS2560.o
                0x0000030c                _Z5task2Pv
 .text.setup    0x0000038a       0x1e FreeRTOS2560.o
                0x0000038a                setup
 .text.startup.main
                0x000003a8       0x8c FreeRTOS2560.o
                0x000003a8                main
 .text.startup._GLOBAL__sub_I_accelgyro
                0x00000434       0x22 FreeRTOS2560.o
 .text.pvPortMalloc
                0x00000456       0x64 heap_1.o
                0x00000456                pvPortMalloc
 .text.vPortFree
                0x000004ba        0x2 heap_1.o
                0x000004ba                vPortFree
 .text._ZN6I2Cdev10writeBytesEhhhPh
                0x000004bc       0x6e I2Cdev.o
                0x000004bc                _ZN6I2Cdev10writeBytesEhhhPh
 .text._ZN6I2Cdev9writeByteEhhh
                0x0000052a       0x1e I2Cdev.o
                0x0000052a                _ZN6I2Cdev9writeByteEhhh
 .text._ZN6I2Cdev9readBytesEhhhPhj
                0x00000548      0x160 I2Cdev.o
                0x00000548                _ZN6I2Cdev9readBytesEhhhPhj
 .text._ZN6I2Cdev8readByteEhhPhj
                0x000006a8       0x12 I2Cdev.o
                0x000006a8                _ZN6I2Cdev8readByteEhhPhj
 .text._ZN6I2Cdev8writeBitEhhhh
                0x000006ba       0x62 I2Cdev.o
                0x000006ba                _ZN6I2Cdev8writeBitEhhhh
 .text._ZN6I2Cdev9writeBitsEhhhhh
                0x0000071c       0x88 I2Cdev.o
                0x0000071c                _ZN6I2Cdev9writeBitsEhhhhh
 .text.vListInitialise
                0x000007a4       0x1c list.o
                0x000007a4                vListInitialise
 .text.vListInitialiseItem
                0x000007c0        0x8 list.o
                0x000007c0                vListInitialiseItem
 .text.vListInsertEnd
                0x000007c8       0x42 list.o
                0x000007c8                vListInsertEnd
 .text.vListInsert
                0x0000080a       0x70 list.o
                0x0000080a                vListInsert
 .text.uxListRemove
                0x0000087a       0x46 list.o
                0x0000087a                uxListRemove
 .text._ZN7MPU6050C2Ev
                0x000008c0        0x8 MPU6050.o
                0x000008c0                _ZN7MPU6050C2Ev
                0x000008c0                _ZN7MPU6050C1Ev
 .text._ZN7MPU605021setFullScaleGyroRangeEh
                0x000008c8       0x14 MPU6050.o
                0x000008c8                _ZN7MPU605021setFullScaleGyroRangeEh
 .text._ZN7MPU605022setFullScaleAccelRangeEh
                0x000008dc       0x14 MPU6050.o
                0x000008dc                _ZN7MPU605022setFullScaleAccelRangeEh
 .text._ZN7MPU605015setSleepEnabledEb
                0x000008f0        0xc MPU6050.o
                0x000008f0                _ZN7MPU605015setSleepEnabledEb
 .text._ZN7MPU605014setClockSourceEh
                0x000008fc       0x14 MPU6050.o
                0x000008fc                _ZN7MPU605014setClockSourceEh
 .text._ZN7MPU605010initializeEv
                0x00000910       0x20 MPU6050.o
                0x00000910                _ZN7MPU605010initializeEv
 .text._ZN7NewPingC2Ehhi
                0x00000930       0xb0 NewPing.o
                0x00000930                _ZN7NewPingC2Ehhi
                0x00000930                _ZN7NewPingC1Ehhi
 .text._ZN7NewPing12ping_triggerEv
                0x000009e0       0xdc NewPing.o
                0x000009e0                _ZN7NewPing12ping_triggerEv
 .text._ZN7NewPing4pingEv
                0x00000abc       0x5c NewPing.o
                0x00000abc                _ZN7NewPing4pingEv
 .text.__vector_13
                0x00000b18       0x5a NewPing.o
                0x00000b18                __vector_13
 .text.pxPortInitialiseStack
                0x00000b72       0xe4 port.o
                0x00000b72                pxPortInitialiseStack
 .text.xPortStartScheduler
                0x00000c56       0x7c port.o
                0x00000c56                xPortStartScheduler
 .text.vPortYield
                0x00000cd2       0xc0 port.o
                0x00000cd2                vPortYield
 .text.vPortYieldFromTick
                0x00000d92       0xc4 port.o
                0x00000d92                vPortYieldFromTick
 .text.__vector_20
                0x00000e56        0x4 port.o
                0x00000e56                __vector_20
 .text.prvCopyDataToQueue
                0x00000e5a       0xaa queue.o
 .text.prvCopyDataFromQueue
                0x00000f04       0x34 queue.o
 .text.prvUnlockQueue
                0x00000f38       0x74 queue.o
 .text.xQueueGenericSend
                0x00000fac      0x11a queue.o
                0x00000fac                xQueueGenericSend
 .text.xQueueCreateMutex
                0x000010c6       0x50 queue.o
                0x000010c6                xQueueCreateMutex
 .text.xQueueGenericReceive
                0x00001116      0x158 queue.o
                0x00001116                xQueueGenericReceive
 .text.prvResetNextTaskUnblockTime
                0x0000126e       0x36 tasks.o
 .text.prvAddCurrentTaskToDelayedList
                0x000012a4       0x64 tasks.o
 .text.xTaskGenericCreate
                0x00001308      0x1d8 tasks.o
                0x00001308                xTaskGenericCreate
 .text.vTaskStartScheduler
                0x000014e0       0x60 tasks.o
                0x000014e0                vTaskStartScheduler
 .text.vTaskSuspendAll
                0x00001540        0xc tasks.o
                0x00001540                vTaskSuspendAll
 .text.xTaskIncrementTick
                0x0000154c      0x158 tasks.o
                0x0000154c                xTaskIncrementTick
 .text.xTaskResumeAll
                0x000016a4       0xd6 tasks.o
                0x000016a4                xTaskResumeAll
 .text.vTaskDelay
                0x0000177a       0x40 tasks.o
                0x0000177a                vTaskDelay
 .text.prvIdleTask
                0x000017ba       0x60 tasks.o
 .text.vTaskSwitchContext
                0x0000181a       0x80 tasks.o
                0x0000181a                vTaskSwitchContext
 .text.vTaskPlaceOnEventList
                0x0000189a       0x56 tasks.o
                0x0000189a                vTaskPlaceOnEventList
 .text.xTaskRemoveFromEventList
                0x000018f0       0x80 tasks.o
                0x000018f0                xTaskRemoveFromEventList
 .text.vTaskSetTimeOutState
                0x00001970       0x16 tasks.o
                0x00001970                vTaskSetTimeOutState
 .text.xTaskCheckForTimeOut
                0x00001986       0x62 tasks.o
                0x00001986                xTaskCheckForTimeOut
 .text.vTaskMissedYield
                0x000019e8        0x8 tasks.o
                0x000019e8                vTaskMissedYield
 .text.vTaskPriorityInherit
                0x000019f0       0xaa tasks.o
                0x000019f0                vTaskPriorityInherit
 .text.xTaskPriorityDisinherit
                0x00001a9a       0x72 tasks.o
                0x00001a9a                xTaskPriorityDisinherit
 .text.pvTaskIncrementMutexHeldCount
                0x00001b0c       0x24 tasks.o
                0x00001b0c                pvTaskIncrementMutexHeldCount
 .text.twi_init
                0x00001b30       0x3c twi.o
                0x00001b30                twi_init
 .text.twi_readFrom
                0x00001b6c       0x88 twi.o
                0x00001b6c                twi_readFrom
 .text.twi_writeTo
                0x00001bf4       0xa6 twi.o
                0x00001bf4                twi_writeTo
 .text.twi_transmit
                0x00001c9a       0x32 twi.o
                0x00001c9a                twi_transmit
 .text.twi_stop
                0x00001ccc       0x14 twi.o
                0x00001ccc                twi_stop
 .text.twi_releaseBus
                0x00001ce0        0xc twi.o
                0x00001ce0                twi_releaseBus
 .text.__vector_39
                0x00001cec      0x25c twi.o
                0x00001cec                __vector_39
 .text._ZN7TwoWire9availableEv
                0x00001f48       0x10 Wire.o
                0x00001f48                _ZN7TwoWire9availableEv
 .text._ZN7TwoWire4readEv
                0x00001f58       0x26 Wire.o
                0x00001f58                _ZN7TwoWire4readEv
 .text._ZN7TwoWire4peekEv
                0x00001f7e       0x1e Wire.o
                0x00001f7e                _ZN7TwoWire4peekEv
 .text._ZN7TwoWire5flushEv
                0x00001f9c        0x2 Wire.o
                0x00001f9c                _ZN7TwoWire5flushEv
 .text._ZN7TwoWire5writeEPKhj
                0x00001f9e       0x58 Wire.o
                0x00001f9e                _ZN7TwoWire5writeEPKhj
 .text._ZN7TwoWire5writeEh
                0x00001ff6       0x5c Wire.o
                0x00001ff6                _ZN7TwoWire5writeEh
 .text._ZN7TwoWireC2Ev
                0x00002052       0x20 Wire.o
                0x00002052                _ZN7TwoWireC1Ev
                0x00002052                _ZN7TwoWireC2Ev
 .text._ZN7TwoWire5beginEv
                0x00002072       0x12 Wire.o
                0x00002072                _ZN7TwoWire5beginEv
 .text._ZN7TwoWire11requestFromEhhh
                0x00002084       0x18 Wire.o
                0x00002084                _ZN7TwoWire11requestFromEhhh
 .text._ZN7TwoWire11requestFromEhh
                0x0000209c        0x4 Wire.o
                0x0000209c                _ZN7TwoWire11requestFromEhh
 .text._ZN7TwoWire17beginTransmissionEh
                0x000020a0       0x14 Wire.o
                0x000020a0                _ZN7TwoWire17beginTransmissionEh
 .text._ZN7TwoWire15endTransmissionEh
                0x000020b4       0x24 Wire.o
                0x000020b4                _ZN7TwoWire15endTransmissionEh
 .text._ZN7TwoWire15endTransmissionEv
                0x000020d8        0x4 Wire.o
                0x000020d8                _ZN7TwoWire15endTransmissionEv
 .text.startup._GLOBAL__sub_I__ZN7TwoWire8rxBufferE
                0x000020dc        0x6 Wire.o
 .text._ZN14HardwareSerial9availableEv
                0x000020e2       0x20 ../../../Arduino/Arduino/Debug\libarduino.a(HardwareSerial.o)
                0x000020e2                _ZN14HardwareSerial9availableEv
 .text._ZN14HardwareSerial4peekEv
                0x00002102       0x32 ../../../Arduino/Arduino/Debug\libarduino.a(HardwareSerial.o)
                0x00002102                _ZN14HardwareSerial4peekEv
 .text._ZN14HardwareSerial4readEv
                0x00002134       0x42 ../../../Arduino/Arduino/Debug\libarduino.a(HardwareSerial.o)
                0x00002134                _ZN14HardwareSerial4readEv
 .text._ZN14HardwareSerial5flushEv
                0x00002176       0x16 ../../../Arduino/Arduino/Debug\libarduino.a(HardwareSerial.o)
                0x00002176                _ZN14HardwareSerial5flushEv
 .text._ZN14HardwareSerial5writeEh
                0x0000218c       0x8c ../../../Arduino/Arduino/Debug\libarduino.a(HardwareSerial.o)
                0x0000218c                _ZN14HardwareSerial5writeEh
 .text.__vector_25
                0x00002218       0x80 ../../../Arduino/Arduino/Debug\libarduino.a(HardwareSerial.o)
                0x00002218                __vector_25
 .text.__vector_36
                0x00002298       0x80 ../../../Arduino/Arduino/Debug\libarduino.a(HardwareSerial.o)
                0x00002298                __vector_36
 .text.__vector_51
                0x00002318       0x80 ../../../Arduino/Arduino/Debug\libarduino.a(HardwareSerial.o)
                0x00002318                __vector_51
 .text.__vector_54
                0x00002398       0x80 ../../../Arduino/Arduino/Debug\libarduino.a(HardwareSerial.o)
                0x00002398                __vector_54
 .text.__vector_26
                0x00002418       0x7e ../../../Arduino/Arduino/Debug\libarduino.a(HardwareSerial.o)
                0x00002418                __vector_26
 .text.__vector_37
                0x00002496       0x7e ../../../Arduino/Arduino/Debug\libarduino.a(HardwareSerial.o)
                0x00002496                __vector_37
 .text.__vector_52
                0x00002514       0x7e ../../../Arduino/Arduino/Debug\libarduino.a(HardwareSerial.o)
                0x00002514                __vector_52
 .text.__vector_55
                0x00002592       0x7e ../../../Arduino/Arduino/Debug\libarduino.a(HardwareSerial.o)
                0x00002592                __vector_55
 .text._ZN14HardwareSerialC2EP11ring_bufferS1_PVhS3_S3_S3_S3_S3_hhhhh
                0x00002610       0x88 ../../../Arduino/Arduino/Debug\libarduino.a(HardwareSerial.o)
                0x00002610                _ZN14HardwareSerialC2EP11ring_bufferS1_PVhS3_S3_S3_S3_S3_hhhhh
                0x00002610                _ZN14HardwareSerialC1EP11ring_bufferS1_PVhS3_S3_S3_S3_S3_hhhhh
 .text._ZN14HardwareSerial5beginEm
                0x00002698      0x106 ../../../Arduino/Arduino/Debug\libarduino.a(HardwareSerial.o)
                0x00002698                _ZN14HardwareSerial5beginEm
 .text._GLOBAL__sub_I_rx_buffer
                0x0000279e      0x18e ../../../Arduino/Arduino/Debug\libarduino.a(HardwareSerial.o)
 .text._ZN5Print5writeEPKhj
                0x0000292c       0x5c ../../../Arduino/Arduino/Debug\libarduino.a(Print.o)
                0x0000292c                _ZN5Print5writeEPKhj
 .text._ZN5Print5printEPKc
                0x00002988       0x2c ../../../Arduino/Arduino/Debug\libarduino.a(Print.o)
                0x00002988                _ZN5Print5printEPKc
 .text._ZN5Print5printEc
                0x000029b4       0x10 ../../../Arduino/Arduino/Debug\libarduino.a(Print.o)
                0x000029b4                _ZN5Print5printEc
 .text._ZN5Print7printlnEv
                0x000029c4       0x24 ../../../Arduino/Arduino/Debug\libarduino.a(Print.o)
                0x000029c4                _ZN5Print7printlnEv
 .text._ZN5Print7printlnEPKc
                0x000029e8       0x20 ../../../Arduino/Arduino/Debug\libarduino.a(Print.o)
                0x000029e8                _ZN5Print7printlnEPKc
 .text._ZN5Print11printNumberEmh
                0x00002a08       0xf4 ../../../Arduino/Arduino/Debug\libarduino.a(Print.o)
                0x00002a08                _ZN5Print11printNumberEmh
 .text._ZN5Print5printEmi
                0x00002afc       0x1c ../../../Arduino/Arduino/Debug\libarduino.a(Print.o)
                0x00002afc                _ZN5Print5printEmi
 .text._ZN5Print5printEji
                0x00002b18        0xc ../../../Arduino/Arduino/Debug\libarduino.a(Print.o)
                0x00002b18                _ZN5Print5printEji
 .text.__vector_23
                0x00002b24       0x94 ../../../Arduino/Arduino/Debug\libarduino.a(wiring.o)
                0x00002b24                __vector_23
 .text.millis   0x00002bb8       0x18 ../../../Arduino/Arduino/Debug\libarduino.a(wiring.o)
                0x00002bb8                millis
 .text.micros   0x00002bd0       0x4c ../../../Arduino/Arduino/Debug\libarduino.a(wiring.o)
                0x00002bd0                micros
 .text.delayMicroseconds
                0x00002c1c       0x16 ../../../Arduino/Arduino/Debug\libarduino.a(wiring.o)
                0x00002c1c                delayMicroseconds
 .text.init     0x00002c32       0xc4 ../../../Arduino/Arduino/Debug\libarduino.a(wiring.o)
                0x00002c32                init
 .text.turnOffPWM
                0x00002cf6       0xc0 ../../../Arduino/Arduino/Debug\libarduino.a(wiring_digital.o)
 .text.digitalWrite
                0x00002db6       0x60 ../../../Arduino/Arduino/Debug\libarduino.a(wiring_digital.o)
                0x00002db6                digitalWrite
 .text.libgcc.div
                0x00002e16       0x28 c:/program files (x86)/atmel/atmel toolchain/avr8 gcc/native/3.4.1056/avr8-gnu-toolchain/bin/../lib/gcc/avr/4.8.1/avr6\libgcc.a(_udivmodhi4.o)
                0x00002e16                __udivmodhi4
 .text.libgcc.div
                0x00002e3e       0x44 c:/program files (x86)/atmel/atmel toolchain/avr8 gcc/native/3.4.1056/avr8-gnu-toolchain/bin/../lib/gcc/avr/4.8.1/avr6\libgcc.a(_udivmodsi4.o)
                0x00002e3e                __udivmodsi4
 .text.libgcc   0x00002e82        0xc c:/program files (x86)/atmel/atmel toolchain/avr8 gcc/native/3.4.1056/avr8-gnu-toolchain/bin/../lib/gcc/avr/4.8.1/avr6\libgcc.a(_tablejump.o)
                0x00002e82                __tablejump2__
                0x00002e86                __tablejump__
 .text.libgcc   0x00002e8e        0x8 c:/program files (x86)/atmel/atmel toolchain/avr8 gcc/native/3.4.1056/avr8-gnu-toolchain/bin/../lib/gcc/avr/4.8.1/avr6\libgcc.a(_tablejump_elpm.o)
                0x00002e8e                __tablejump_elpm__
 .text.avr-libc
                0x00002e96       0x12 c:/program files (x86)/atmel/atmel toolchain/avr8 gcc/native/3.4.1056/avr8-gnu-toolchain/bin/../lib/gcc/avr/4.8.1/../../../../avr/lib/avr6\libc.a(memcpy.o)
                0x00002e96                memcpy
                0x00002ea8                . = ALIGN (0x2)
 *(.fini9)
 .fini9         0x00002ea8        0x0 c:/program files (x86)/atmel/atmel toolchain/avr8 gcc/native/3.4.1056/avr8-gnu-toolchain/bin/../lib/gcc/avr/4.8.1/avr6\libgcc.a(_exit.o)
                0x00002ea8                _exit
                0x00002ea8                exit
 *(.fini9)
 *(.fini8)
 *(.fini8)
 *(.fini7)
 *(.fini7)
 *(.fini6)
 *(.fini6)
 *(.fini5)
 *(.fini5)
 *(.fini4)
 *(.fini4)
 *(.fini3)
 *(.fini3)
 *(.fini2)
 *(.fini2)
 *(.fini1)
 *(.fini1)
 *(.fini0)
 .fini0         0x00002ea8        0x4 c:/program files (x86)/atmel/atmel toolchain/avr8 gcc/native/3.4.1056/avr8-gnu-toolchain/bin/../lib/gcc/avr/4.8.1/avr6\libgcc.a(_exit.o)
 *(.fini0)
                0x00002eac                _etext = .

.data           0x00800200       0xec load address 0x00002eac
                0x00800200                PROVIDE (__data_start, .)
 *(.data)
 .data          0x00800200        0x0 c:/program files (x86)/atmel/atmel toolchain/avr8 gcc/native/3.4.1056/avr8-gnu-toolchain/bin/../lib/gcc/avr/4.8.1/../../../../avr/lib/avr6/crtm2560.o
 .data          0x00800200        0x0 FreeRTOS2560.o
 .data          0x00800200        0x0 heap_1.o
 .data          0x00800200        0x0 I2Cdev.o
 .data          0x00800200        0x0 list.o
 .data          0x00800200        0x0 MPU6050.o
 .data          0x00800200        0x0 NewPing.o
 .data          0x00800200        0x0 port.o
 .data          0x00800200        0x0 queue.o
 .data          0x00800200        0x0 tasks.o
 .data          0x00800200        0x0 twi.o
 .data          0x00800200        0x0 Wire.o
 .data          0x00800200        0x0 ../../../Arduino/Arduino/Debug\libarduino.a(HardwareSerial.o)
 .data          0x00800200        0x0 ../../../Arduino/Arduino/Debug\libarduino.a(new.o)
 .data          0x00800200        0x0 ../../../Arduino/Arduino/Debug\libarduino.a(Print.o)
 .data          0x00800200        0x0 ../../../Arduino/Arduino/Debug\libarduino.a(wiring.o)
 .data          0x00800200        0x0 ../../../Arduino/Arduino/Debug\libarduino.a(wiring_digital.o)
 .data          0x00800200        0x0 ../../../Arduino/Arduino/Debug\libarduino.a(WString.o)
 .data          0x00800200        0x0 c:/program files (x86)/atmel/atmel toolchain/avr8 gcc/native/3.4.1056/avr8-gnu-toolchain/bin/../lib/gcc/avr/4.8.1/../../../../avr/lib/avr6\libm.a(addsf3.o)
 .data          0x00800200        0x0 c:/program files (x86)/atmel/atmel toolchain/avr8 gcc/native/3.4.1056/avr8-gnu-toolchain/bin/../lib/gcc/avr/4.8.1/../../../../avr/lib/avr6\libm.a(addsf3x.o)
 .data          0x00800200        0x0 c:/program files (x86)/atmel/atmel toolchain/avr8 gcc/native/3.4.1056/avr8-gnu-toolchain/bin/../lib/gcc/avr/4.8.1/../../../../avr/lib/avr6\libm.a(cmpsf2.o)
 .data          0x00800200        0x0 c:/program files (x86)/atmel/atmel toolchain/avr8 gcc/native/3.4.1056/avr8-gnu-toolchain/bin/../lib/gcc/avr/4.8.1/../../../../avr/lib/avr6\libm.a(divsf3.o)
 .data          0x00800200        0x0 c:/program files (x86)/atmel/atmel toolchain/avr8 gcc/native/3.4.1056/avr8-gnu-toolchain/bin/../lib/gcc/avr/4.8.1/../../../../avr/lib/avr6\libm.a(divsf3x.o)
 .data          0x00800200        0x0 c:/program files (x86)/atmel/atmel toolchain/avr8 gcc/native/3.4.1056/avr8-gnu-toolchain/bin/../lib/gcc/avr/4.8.1/../../../../avr/lib/avr6\libm.a(fixsfsi.o)
 .data          0x00800200        0x0 c:/program files (x86)/atmel/atmel toolchain/avr8 gcc/native/3.4.1056/avr8-gnu-toolchain/bin/../lib/gcc/avr/4.8.1/../../../../avr/lib/avr6\libm.a(fixunssfsi.o)
 .data          0x00800200        0x0 c:/program files (x86)/atmel/atmel toolchain/avr8 gcc/native/3.4.1056/avr8-gnu-toolchain/bin/../lib/gcc/avr/4.8.1/../../../../avr/lib/avr6\libm.a(floatsisf.o)
 .data          0x00800200        0x0 c:/program files (x86)/atmel/atmel toolchain/avr8 gcc/native/3.4.1056/avr8-gnu-toolchain/bin/../lib/gcc/avr/4.8.1/../../../../avr/lib/avr6\libm.a(fp_cmp.o)
 .data          0x00800200        0x0 c:/program files (x86)/atmel/atmel toolchain/avr8 gcc/native/3.4.1056/avr8-gnu-toolchain/bin/../lib/gcc/avr/4.8.1/../../../../avr/lib/avr6\libm.a(fp_inf.o)
 .data          0x00800200        0x0 c:/program files (x86)/atmel/atmel toolchain/avr8 gcc/native/3.4.1056/avr8-gnu-toolchain/bin/../lib/gcc/avr/4.8.1/../../../../avr/lib/avr6\libm.a(fp_nan.o)
 .data          0x00800200        0x0 c:/program files (x86)/atmel/atmel toolchain/avr8 gcc/native/3.4.1056/avr8-gnu-toolchain/bin/../lib/gcc/avr/4.8.1/../../../../avr/lib/avr6\libm.a(fp_pscA.o)
 .data          0x00800200        0x0 c:/program files (x86)/atmel/atmel toolchain/avr8 gcc/native/3.4.1056/avr8-gnu-toolchain/bin/../lib/gcc/avr/4.8.1/../../../../avr/lib/avr6\libm.a(fp_pscB.o)
 .data          0x00800200        0x0 c:/program files (x86)/atmel/atmel toolchain/avr8 gcc/native/3.4.1056/avr8-gnu-toolchain/bin/../lib/gcc/avr/4.8.1/../../../../avr/lib/avr6\libm.a(fp_round.o)
 .data          0x00800200        0x0 c:/program files (x86)/atmel/atmel toolchain/avr8 gcc/native/3.4.1056/avr8-gnu-toolchain/bin/../lib/gcc/avr/4.8.1/../../../../avr/lib/avr6\libm.a(fp_split3.o)
 .data          0x00800200        0x0 c:/program files (x86)/atmel/atmel toolchain/avr8 gcc/native/3.4.1056/avr8-gnu-toolchain/bin/../lib/gcc/avr/4.8.1/../../../../avr/lib/avr6\libm.a(fp_zero.o)
 .data          0x00800200        0x0 c:/program files (x86)/atmel/atmel toolchain/avr8 gcc/native/3.4.1056/avr8-gnu-toolchain/bin/../lib/gcc/avr/4.8.1/../../../../avr/lib/avr6\libm.a(gesf2.o)
 .data          0x00800200        0x0 c:/program files (x86)/atmel/atmel toolchain/avr8 gcc/native/3.4.1056/avr8-gnu-toolchain/bin/../lib/gcc/avr/4.8.1/../../../../avr/lib/avr6\libm.a(mulsf3.o)
 .data          0x00800200        0x0 c:/program files (x86)/atmel/atmel toolchain/avr8 gcc/native/3.4.1056/avr8-gnu-toolchain/bin/../lib/gcc/avr/4.8.1/../../../../avr/lib/avr6\libm.a(mulsf3x.o)
 .data          0x00800200        0x0 c:/program files (x86)/atmel/atmel toolchain/avr8 gcc/native/3.4.1056/avr8-gnu-toolchain/bin/../lib/gcc/avr/4.8.1/../../../../avr/lib/avr6\libm.a(unordsf2.o)
 .data          0x00800200        0x0 c:/program files (x86)/atmel/atmel toolchain/avr8 gcc/native/3.4.1056/avr8-gnu-toolchain/bin/../lib/gcc/avr/4.8.1/avr6\libgcc.a(_udivmodhi4.o)
 .data          0x00800200        0x0 c:/program files (x86)/atmel/atmel toolchain/avr8 gcc/native/3.4.1056/avr8-gnu-toolchain/bin/../lib/gcc/avr/4.8.1/avr6\libgcc.a(_udivmodsi4.o)
 .data          0x00800200        0x0 c:/program files (x86)/atmel/atmel toolchain/avr8 gcc/native/3.4.1056/avr8-gnu-toolchain/bin/../lib/gcc/avr/4.8.1/avr6\libgcc.a(_exit.o)
 .data          0x00800200        0x0 c:/program files (x86)/atmel/atmel toolchain/avr8 gcc/native/3.4.1056/avr8-gnu-toolchain/bin/../lib/gcc/avr/4.8.1/avr6\libgcc.a(_tablejump.o)
 .data          0x00800200        0x0 c:/program files (x86)/atmel/atmel toolchain/avr8 gcc/native/3.4.1056/avr8-gnu-toolchain/bin/../lib/gcc/avr/4.8.1/avr6\libgcc.a(_copy_data.o)
 .data          0x00800200        0x0 c:/program files (x86)/atmel/atmel toolchain/avr8 gcc/native/3.4.1056/avr8-gnu-toolchain/bin/../lib/gcc/avr/4.8.1/avr6\libgcc.a(_clear_bss.o)
 .data          0x00800200        0x0 c:/program files (x86)/atmel/atmel toolchain/avr8 gcc/native/3.4.1056/avr8-gnu-toolchain/bin/../lib/gcc/avr/4.8.1/avr6\libgcc.a(_ctors.o)
 .data          0x00800200        0x0 c:/program files (x86)/atmel/atmel toolchain/avr8 gcc/native/3.4.1056/avr8-gnu-toolchain/bin/../lib/gcc/avr/4.8.1/avr6\libgcc.a(_tablejump_elpm.o)
 .data          0x00800200        0x6 c:/program files (x86)/atmel/atmel toolchain/avr8 gcc/native/3.4.1056/avr8-gnu-toolchain/bin/../lib/gcc/avr/4.8.1/../../../../avr/lib/avr6\libc.a(malloc.o)
                0x00800200                __malloc_heap_end
                0x00800202                __malloc_heap_start
                0x00800204                __malloc_margin
 .data          0x00800206        0x0 c:/program files (x86)/atmel/atmel toolchain/avr8 gcc/native/3.4.1056/avr8-gnu-toolchain/bin/../lib/gcc/avr/4.8.1/../../../../avr/lib/avr6\libc.a(realloc.o)
 .data          0x00800206        0x0 c:/program files (x86)/atmel/atmel toolchain/avr8 gcc/native/3.4.1056/avr8-gnu-toolchain/bin/../lib/gcc/avr/4.8.1/../../../../avr/lib/avr6\libc.a(atol.o)
 .data          0x00800206        0x0 c:/program files (x86)/atmel/atmel toolchain/avr8 gcc/native/3.4.1056/avr8-gnu-toolchain/bin/../lib/gcc/avr/4.8.1/../../../../avr/lib/avr6\libc.a(isspace.o)
 .data          0x00800206        0x0 c:/program files (x86)/atmel/atmel toolchain/avr8 gcc/native/3.4.1056/avr8-gnu-toolchain/bin/../lib/gcc/avr/4.8.1/../../../../avr/lib/avr6\libc.a(tolower.o)
 .data          0x00800206        0x0 c:/program files (x86)/atmel/atmel toolchain/avr8 gcc/native/3.4.1056/avr8-gnu-toolchain/bin/../lib/gcc/avr/4.8.1/../../../../avr/lib/avr6\libc.a(toupper.o)
 .data          0x00800206        0x0 c:/program files (x86)/atmel/atmel toolchain/avr8 gcc/native/3.4.1056/avr8-gnu-toolchain/bin/../lib/gcc/avr/4.8.1/../../../../avr/lib/avr6\libc.a(memcmp.o)
 .data          0x00800206        0x0 c:/program files (x86)/atmel/atmel toolchain/avr8 gcc/native/3.4.1056/avr8-gnu-toolchain/bin/../lib/gcc/avr/4.8.1/../../../../avr/lib/avr6\libc.a(memcpy.o)
 .data          0x00800206        0x0 c:/program files (x86)/atmel/atmel toolchain/avr8 gcc/native/3.4.1056/avr8-gnu-toolchain/bin/../lib/gcc/avr/4.8.1/../../../../avr/lib/avr6\libc.a(memmove.o)
 .data          0x00800206        0x0 c:/program files (x86)/atmel/atmel toolchain/avr8 gcc/native/3.4.1056/avr8-gnu-toolchain/bin/../lib/gcc/avr/4.8.1/../../../../avr/lib/avr6\libc.a(strchr.o)
 .data          0x00800206        0x0 c:/program files (x86)/atmel/atmel toolchain/avr8 gcc/native/3.4.1056/avr8-gnu-toolchain/bin/../lib/gcc/avr/4.8.1/../../../../avr/lib/avr6\libc.a(strcmp.o)
 .data          0x00800206        0x0 c:/program files (x86)/atmel/atmel toolchain/avr8 gcc/native/3.4.1056/avr8-gnu-toolchain/bin/../lib/gcc/avr/4.8.1/../../../../avr/lib/avr6\libc.a(strcpy.o)
 .data          0x00800206        0x0 c:/program files (x86)/atmel/atmel toolchain/avr8 gcc/native/3.4.1056/avr8-gnu-toolchain/bin/../lib/gcc/avr/4.8.1/../../../../avr/lib/avr6\libc.a(strncmp.o)
 .data          0x00800206        0x0 c:/program files (x86)/atmel/atmel toolchain/avr8 gcc/native/3.4.1056/avr8-gnu-toolchain/bin/../lib/gcc/avr/4.8.1/../../../../avr/lib/avr6\libc.a(strncpy.o)
 .data          0x00800206        0x0 c:/program files (x86)/atmel/atmel toolchain/avr8 gcc/native/3.4.1056/avr8-gnu-toolchain/bin/../lib/gcc/avr/4.8.1/../../../../avr/lib/avr6\libc.a(strrchr.o)
 .data          0x00800206        0x0 c:/program files (x86)/atmel/atmel toolchain/avr8 gcc/native/3.4.1056/avr8-gnu-toolchain/bin/../lib/gcc/avr/4.8.1/../../../../avr/lib/avr6\libc.a(strstr.o)
 .data          0x00800206        0x0 c:/program files (x86)/atmel/atmel toolchain/avr8 gcc/native/3.4.1056/avr8-gnu-toolchain/bin/../lib/gcc/avr/4.8.1/../../../../avr/lib/avr6\libc.a(itoa.o)
 .data          0x00800206        0x0 c:/program files (x86)/atmel/atmel toolchain/avr8 gcc/native/3.4.1056/avr8-gnu-toolchain/bin/../lib/gcc/avr/4.8.1/../../../../avr/lib/avr6\libc.a(itoa_ncheck.o)
 .data          0x00800206        0x0 c:/program files (x86)/atmel/atmel toolchain/avr8 gcc/native/3.4.1056/avr8-gnu-toolchain/bin/../lib/gcc/avr/4.8.1/../../../../avr/lib/avr6\libc.a(ltoa.o)
 .data          0x00800206        0x0 c:/program files (x86)/atmel/atmel toolchain/avr8 gcc/native/3.4.1056/avr8-gnu-toolchain/bin/../lib/gcc/avr/4.8.1/../../../../avr/lib/avr6\libc.a(ltoa_ncheck.o)
 .data          0x00800206        0x0 c:/program files (x86)/atmel/atmel toolchain/avr8 gcc/native/3.4.1056/avr8-gnu-toolchain/bin/../lib/gcc/avr/4.8.1/../../../../avr/lib/avr6\libc.a(mulsi10.o)
 .data          0x00800206        0x0 c:/program files (x86)/atmel/atmel toolchain/avr8 gcc/native/3.4.1056/avr8-gnu-toolchain/bin/../lib/gcc/avr/4.8.1/../../../../avr/lib/avr6\libc.a(ultoa.o)
 .data          0x00800206        0x0 c:/program files (x86)/atmel/atmel toolchain/avr8 gcc/native/3.4.1056/avr8-gnu-toolchain/bin/../lib/gcc/avr/4.8.1/../../../../avr/lib/avr6\libc.a(ultoa_ncheck.o)
 .data          0x00800206        0x0 c:/program files (x86)/atmel/atmel toolchain/avr8 gcc/native/3.4.1056/avr8-gnu-toolchain/bin/../lib/gcc/avr/4.8.1/../../../../avr/lib/avr6\libc.a(utoa.o)
 .data          0x00800206        0x0 c:/program files (x86)/atmel/atmel toolchain/avr8 gcc/native/3.4.1056/avr8-gnu-toolchain/bin/../lib/gcc/avr/4.8.1/../../../../avr/lib/avr6\libc.a(utoa_ncheck.o)
 .data          0x00800206        0x0 c:/program files (x86)/atmel/atmel toolchain/avr8 gcc/native/3.4.1056/avr8-gnu-toolchain/bin/../lib/gcc/avr/4.8.1/../../../../avr/lib/avr6\libc.a(cty_isfalse.o)
 .data          0x00800206        0x0 c:/program files (x86)/atmel/atmel toolchain/avr8 gcc/native/3.4.1056/avr8-gnu-toolchain/bin/../lib/gcc/avr/4.8.1/../../../../avr/lib/avr6\libc.a(strrev.o)
 *(.data*)
 .data._ZN6I2Cdev11readTimeoutE
                0x00800206        0x2 I2Cdev.o
                0x00800206                _ZN6I2Cdev11readTimeoutE
 .data.xNextTaskUnblockTime
                0x00800208        0x2 tasks.o
 *(.rodata)
 *(.rodata*)
 .rodata.str1.1
                0x0080020a       0xbc FreeRTOS2560.o
                                 0xbe (size before relaxing)
 .rodata.str1.1
                0x008002c6        0x5 tasks.o
 .rodata._ZTV7TwoWire
                0x008002cb       0x10 Wire.o
                0x008002cb                _ZTV7TwoWire
 .rodata._ZTV14HardwareSerial
                0x008002db       0x10 ../../../Arduino/Arduino/Debug\libarduino.a(HardwareSerial.o)
                0x008002db                _ZTV14HardwareSerial
 *(.gnu.linkonce.d*)
                0x008002ec                . = ALIGN (0x2)
 *fill*         0x008002eb        0x1 
                0x008002ec                _edata = .
                0x008002ec                PROVIDE (__data_end, .)

.bss            0x008002ec     0x180e
                0x008002ec                PROVIDE (__bss_start, .)
 *(.bss)
 *(.bss*)
 .bss.printing_semphr
                0x008002ec        0x2 FreeRTOS2560.o
                0x008002ec                printing_semphr
 .bss.sonar2    0x008002ee       0x12 FreeRTOS2560.o
                0x008002ee                sonar2
 .bss.sonar1    0x00800300       0x12 FreeRTOS2560.o
                0x00800300                sonar1
 .bss.accelgyro
                0x00800312        0xf FreeRTOS2560.o
                0x00800312                accelgyro
 .bss.pucAlignedHeap.1837
                0x00800321        0x2 heap_1.o
 .bss.xNextFreeByte
                0x00800323        0x2 heap_1.o
 .bss.ucHeap    0x00800325     0x1400 heap_1.o
 .bss.intFunc   0x00801725        0x2 NewPing.o
                0x00801725                intFunc
 .bss.uxSchedulerSuspended
                0x00801727        0x1 tasks.o
 .bss.uxTaskNumber
                0x00801728        0x1 tasks.o
 .bss.xNumOfOverflows
                0x00801729        0x1 tasks.o
 .bss.xYieldPending
                0x0080172a        0x1 tasks.o
 .bss.uxPendedTicks
                0x0080172b        0x1 tasks.o
 .bss.xSchedulerRunning
                0x0080172c        0x1 tasks.o
 .bss.uxTopReadyPriority
                0x0080172d        0x1 tasks.o
 .bss.xTickCount
                0x0080172e        0x2 tasks.o
 .bss.uxCurrentNumberOfTasks
                0x00801730        0x1 tasks.o
 .bss.xSuspendedTaskList
                0x00801731        0x9 tasks.o
 .bss.uxTasksDeleted
                0x0080173a        0x1 tasks.o
 .bss.xTasksWaitingTermination
                0x0080173b        0x9 tasks.o
 .bss.xPendingReadyList
                0x00801744        0x9 tasks.o
 .bss.pxOverflowDelayedTaskList
                0x0080174d        0x2 tasks.o
 .bss.pxDelayedTaskList
                0x0080174f        0x2 tasks.o
 .bss.xDelayedTaskList2
                0x00801751        0x9 tasks.o
 .bss.xDelayedTaskList1
                0x0080175a        0x9 tasks.o
 .bss.pxReadyTasksLists
                0x00801763       0x24 tasks.o
 .bss.pxCurrentTCB
                0x00801787        0x2 tasks.o
                0x00801787                pxCurrentTCB
 .bss.twi_error
                0x00801789        0x1 twi.o
 .bss.twi_rxBufferIndex
                0x0080178a        0x1 twi.o
 .bss.twi_rxBuffer
                0x0080178b       0x20 twi.o
 .bss.twi_txBufferLength
                0x008017ab        0x1 twi.o
 .bss.twi_txBufferIndex
                0x008017ac        0x1 twi.o
 .bss.twi_txBuffer
                0x008017ad       0x20 twi.o
 .bss.twi_masterBufferLength
                0x008017cd        0x1 twi.o
 .bss.twi_masterBufferIndex
                0x008017ce        0x1 twi.o
 .bss.twi_masterBuffer
                0x008017cf       0x20 twi.o
 .bss.twi_onSlaveReceive
                0x008017ef        0x2 twi.o
 .bss.twi_onSlaveTransmit
                0x008017f1        0x2 twi.o
 .bss.twi_inRepStart
                0x008017f3        0x1 twi.o
 .bss.twi_sendStop
                0x008017f4        0x1 twi.o
 .bss.twi_slarw
                0x008017f5        0x1 twi.o
 .bss.twi_state
                0x008017f6        0x1 twi.o
 .bss.Wire      0x008017f7        0xc Wire.o
                0x008017f7                Wire
 .bss._ZN7TwoWire12transmittingE
                0x00801803        0x1 Wire.o
                0x00801803                _ZN7TwoWire12transmittingE
 .bss._ZN7TwoWire14txBufferLengthE
                0x00801804        0x1 Wire.o
                0x00801804                _ZN7TwoWire14txBufferLengthE
 .bss._ZN7TwoWire13txBufferIndexE
                0x00801805        0x1 Wire.o
                0x00801805                _ZN7TwoWire13txBufferIndexE
 .bss._ZN7TwoWire8txBufferE
                0x00801806       0x20 Wire.o
                0x00801806                _ZN7TwoWire8txBufferE
 .bss._ZN7TwoWire9txAddressE
                0x00801826        0x1 Wire.o
                0x00801826                _ZN7TwoWire9txAddressE
 .bss._ZN7TwoWire14rxBufferLengthE
                0x00801827        0x1 Wire.o
                0x00801827                _ZN7TwoWire14rxBufferLengthE
 .bss._ZN7TwoWire13rxBufferIndexE
                0x00801828        0x1 Wire.o
                0x00801828                _ZN7TwoWire13rxBufferIndexE
 .bss._ZN7TwoWire8rxBufferE
                0x00801829       0x20 Wire.o
                0x00801829                _ZN7TwoWire8rxBufferE
 .bss.Serial3   0x00801849       0x22 ../../../Arduino/Arduino/Debug\libarduino.a(HardwareSerial.o)
                0x00801849                Serial3
 .bss.Serial2   0x0080186b       0x22 ../../../Arduino/Arduino/Debug\libarduino.a(HardwareSerial.o)
                0x0080186b                Serial2
 .bss.Serial1   0x0080188d       0x22 ../../../Arduino/Arduino/Debug\libarduino.a(HardwareSerial.o)
                0x0080188d                Serial1
 .bss.Serial    0x008018af       0x22 ../../../Arduino/Arduino/Debug\libarduino.a(HardwareSerial.o)
                0x008018af                Serial
 .bss.tx_buffer3
                0x008018d1       0x44 ../../../Arduino/Arduino/Debug\libarduino.a(HardwareSerial.o)
                0x008018d1                tx_buffer3
 .bss.rx_buffer3
                0x00801915       0x44 ../../../Arduino/Arduino/Debug\libarduino.a(HardwareSerial.o)
                0x00801915                rx_buffer3
 .bss.tx_buffer2
                0x00801959       0x44 ../../../Arduino/Arduino/Debug\libarduino.a(HardwareSerial.o)
                0x00801959                tx_buffer2
 .bss.rx_buffer2
                0x0080199d       0x44 ../../../Arduino/Arduino/Debug\libarduino.a(HardwareSerial.o)
                0x0080199d                rx_buffer2
 .bss.tx_buffer1
                0x008019e1       0x44 ../../../Arduino/Arduino/Debug\libarduino.a(HardwareSerial.o)
                0x008019e1                tx_buffer1
 .bss.rx_buffer1
                0x00801a25       0x44 ../../../Arduino/Arduino/Debug\libarduino.a(HardwareSerial.o)
                0x00801a25                rx_buffer1
 .bss.tx_buffer
                0x00801a69       0x44 ../../../Arduino/Arduino/Debug\libarduino.a(HardwareSerial.o)
                0x00801a69                tx_buffer
 .bss.rx_buffer
                0x00801aad       0x44 ../../../Arduino/Arduino/Debug\libarduino.a(HardwareSerial.o)
                0x00801aad                rx_buffer
 .bss.timer0_fract
                0x00801af1        0x1 ../../../Arduino/Arduino/Debug\libarduino.a(wiring.o)
 .bss.timer0_millis
                0x00801af2        0x4 ../../../Arduino/Arduino/Debug\libarduino.a(wiring.o)
                0x00801af2                timer0_millis
 .bss.timer0_overflow_count
                0x00801af6        0x4 ../../../Arduino/Arduino/Debug\libarduino.a(wiring.o)
                0x00801af6                timer0_overflow_count
 *(COMMON)
                0x00801afa                PROVIDE (__bss_end, .)
                0x00002eac                __data_load_start = LOADADDR (.data)
                0x00002f98                __data_load_end = (__data_load_start + SIZEOF (.data))

.noinit         0x00801afa        0x0
                0x00801afa                PROVIDE (__noinit_start, .)
 *(.noinit*)
                0x00801afa                PROVIDE (__noinit_end, .)
                0x00801afa                _end = .
                0x00801afa                PROVIDE (__heap_start, .)

.eeprom         0x00810000        0x0
 *(.eeprom*)
                0x00810000                __eeprom_end = .

.fuse
 *(.fuse)
 *(.lfuse)
 *(.hfuse)
 *(.efuse)

.lock
 *(.lock*)

.signature
 *(.signature*)

.user_signatures
 *(.user_signatures*)

.stab
 *(.stab)

.stabstr
 *(.stabstr)

.stab.excl
 *(.stab.excl)

.stab.exclstr
 *(.stab.exclstr)

.stab.index
 *(.stab.index)

.stab.indexstr
 *(.stab.indexstr)

.comment        0x00000000       0x30
 *(.comment)
 .comment       0x00000000       0x30 FreeRTOS2560.o
                                 0x31 (size before relaxing)
 .comment       0x00000000       0x31 heap_1.o
 .comment       0x00000000       0x31 I2Cdev.o
 .comment       0x00000000       0x31 list.o
 .comment       0x00000000       0x31 MPU6050.o
 .comment       0x00000000       0x31 NewPing.o
 .comment       0x00000000       0x31 port.o
 .comment       0x00000000       0x31 queue.o
 .comment       0x00000000       0x31 tasks.o
 .comment       0x00000000       0x31 twi.o
 .comment       0x00000000       0x31 Wire.o
 .comment       0x00000000       0x31 ../../../Arduino/Arduino/Debug\libarduino.a(HardwareSerial.o)
 .comment       0x00000000       0x31 ../../../Arduino/Arduino/Debug\libarduino.a(new.o)
 .comment       0x00000000       0x31 ../../../Arduino/Arduino/Debug\libarduino.a(Print.o)
 .comment       0x00000000       0x31 ../../../Arduino/Arduino/Debug\libarduino.a(wiring.o)
 .comment       0x00000000       0x31 ../../../Arduino/Arduino/Debug\libarduino.a(wiring_digital.o)
 .comment       0x00000000       0x31 ../../../Arduino/Arduino/Debug\libarduino.a(WString.o)
 .comment       0x00000000       0x31 c:/program files (x86)/atmel/atmel toolchain/avr8 gcc/native/3.4.1056/avr8-gnu-toolchain/bin/../lib/gcc/avr/4.8.1/../../../../avr/lib/avr6\libc.a(malloc.o)
 .comment       0x00000000       0x31 c:/program files (x86)/atmel/atmel toolchain/avr8 gcc/native/3.4.1056/avr8-gnu-toolchain/bin/../lib/gcc/avr/4.8.1/../../../../avr/lib/avr6\libc.a(realloc.o)

.note.gnu.build-id
 *(.note.gnu.build-id)

.debug
 *(.debug)

.line
 *(.line)

.debug_srcinfo
 *(.debug_srcinfo)

.debug_sfnames
 *(.debug_sfnames)

.debug_aranges  0x00000000     0x1248
 *(.debug_aranges)
 .debug_aranges
                0x00000000       0x68 FreeRTOS2560.o
 .debug_aranges
                0x00000068       0x38 heap_1.o
 .debug_aranges
                0x000000a0       0xa0 I2Cdev.o
 .debug_aranges
                0x00000140       0x40 list.o
 .debug_aranges
                0x00000180      0x840 MPU6050.o
 .debug_aranges
                0x000009c0       0x98 NewPing.o
 .debug_aranges
                0x00000a58       0x48 port.o
 .debug_aranges
                0x00000aa0       0xa0 queue.o
 .debug_aranges
                0x00000b40      0x118 tasks.o
 .debug_aranges
                0x00000c58       0x70 twi.o
 .debug_aranges
                0x00000cc8       0xd0 Wire.o
 .debug_aranges
                0x00000d98       0xd8 ../../../Arduino/Arduino/Debug\libarduino.a(HardwareSerial.o)
 .debug_aranges
                0x00000e70       0x58 ../../../Arduino/Arduino/Debug\libarduino.a(new.o)
 .debug_aranges
                0x00000ec8       0xe8 ../../../Arduino/Arduino/Debug\libarduino.a(Print.o)
 .debug_aranges
                0x00000fb0       0x48 ../../../Arduino/Arduino/Debug\libarduino.a(wiring.o)
 .debug_aranges
                0x00000ff8       0x38 ../../../Arduino/Arduino/Debug\libarduino.a(wiring_digital.o)
 .debug_aranges
                0x00001030      0x218 ../../../Arduino/Arduino/Debug\libarduino.a(WString.o)

.debug_pubnames
 *(.debug_pubnames)

.debug_info     0x00000000    0x1b483
 *(.debug_info .gnu.linkonce.wi.*)
 .debug_info    0x00000000     0x33e4 FreeRTOS2560.o
 .debug_info    0x000033e4      0x1ad heap_1.o
 .debug_info    0x00003591     0x1282 I2Cdev.o
 .debug_info    0x00004813      0x2c3 list.o
 .debug_info    0x00004ad6     0x8893 MPU6050.o
 .debug_info    0x0000d369      0xbd0 NewPing.o
 .debug_info    0x0000df39      0x202 port.o
 .debug_info    0x0000e13b     0x1014 queue.o
 .debug_info    0x0000f14f     0x18ef tasks.o
 .debug_info    0x00010a3e      0x5ed twi.o
 .debug_info    0x0001102b     0x2019 Wire.o
 .debug_info    0x00013044     0x1f94 ../../../Arduino/Arduino/Debug\libarduino.a(HardwareSerial.o)
 .debug_info    0x00014fd8      0x230 ../../../Arduino/Arduino/Debug\libarduino.a(new.o)
 .debug_info    0x00015208     0x23ca ../../../Arduino/Arduino/Debug\libarduino.a(Print.o)
 .debug_info    0x000175d2      0x30b ../../../Arduino/Arduino/Debug\libarduino.a(wiring.o)
 .debug_info    0x000178dd      0x63a ../../../Arduino/Arduino/Debug\libarduino.a(wiring_digital.o)
 .debug_info    0x00017f17     0x356c ../../../Arduino/Arduino/Debug\libarduino.a(WString.o)

.debug_abbrev   0x00000000     0x2f90
 *(.debug_abbrev)
 .debug_abbrev  0x00000000      0x444 FreeRTOS2560.o
 .debug_abbrev  0x00000444      0x12e heap_1.o
 .debug_abbrev  0x00000572      0x2d7 I2Cdev.o
 .debug_abbrev  0x00000849       0xf8 list.o
 .debug_abbrev  0x00000941      0x2f2 MPU6050.o
 .debug_abbrev  0x00000c33      0x367 NewPing.o
 .debug_abbrev  0x00000f9a      0x13d port.o
 .debug_abbrev  0x000010d7      0x2d2 queue.o
 .debug_abbrev  0x000013a9      0x32b tasks.o
 .debug_abbrev  0x000016d4      0x251 twi.o
 .debug_abbrev  0x00001925      0x4e7 Wire.o
 .debug_abbrev  0x00001e0c      0x53c ../../../Arduino/Arduino/Debug\libarduino.a(HardwareSerial.o)
 .debug_abbrev  0x00002348      0x13f ../../../Arduino/Arduino/Debug\libarduino.a(new.o)
 .debug_abbrev  0x00002487      0x3dd ../../../Arduino/Arduino/Debug\libarduino.a(Print.o)
 .debug_abbrev  0x00002864      0x134 ../../../Arduino/Arduino/Debug\libarduino.a(wiring.o)
 .debug_abbrev  0x00002998      0x15a ../../../Arduino/Arduino/Debug\libarduino.a(wiring_digital.o)
 .debug_abbrev  0x00002af2      0x49e ../../../Arduino/Arduino/Debug\libarduino.a(WString.o)

.debug_line     0x00000000     0x803c
 *(.debug_line .debug_line.* .debug_line_end)
 .debug_line    0x00000000      0x4e4 FreeRTOS2560.o
 .debug_line    0x000004e4      0x230 heap_1.o
 .debug_line    0x00000714      0x6ba I2Cdev.o
 .debug_line    0x00000dce      0x244 list.o
 .debug_line    0x00001012     0x22be MPU6050.o
 .debug_line    0x000032d0      0x4e0 NewPing.o
 .debug_line    0x000037b0      0x301 port.o
 .debug_line    0x00003ab1      0x86a queue.o
 .debug_line    0x0000431b      0xda0 tasks.o
 .debug_line    0x000050bb      0x512 twi.o
 .debug_line    0x000055cd      0x514 Wire.o
 .debug_line    0x00005ae1      0x72e ../../../Arduino/Arduino/Debug\libarduino.a(HardwareSerial.o)
 .debug_line    0x0000620f      0x222 ../../../Arduino/Arduino/Debug\libarduino.a(new.o)
 .debug_line    0x00006431      0x6e9 ../../../Arduino/Arduino/Debug\libarduino.a(Print.o)
 .debug_line    0x00006b1a      0x2ea ../../../Arduino/Arduino/Debug\libarduino.a(wiring.o)
 .debug_line    0x00006e04      0x2c6 ../../../Arduino/Arduino/Debug\libarduino.a(wiring_digital.o)
 .debug_line    0x000070ca      0xf72 ../../../Arduino/Arduino/Debug\libarduino.a(WString.o)

.debug_frame    0x00000000     0x4128
 *(.debug_frame)
 .debug_frame   0x00000000       0xe8 FreeRTOS2560.o
 .debug_frame   0x000000e8       0x60 heap_1.o
 .debug_frame   0x00000148      0x3c4 I2Cdev.o
 .debug_frame   0x0000050c       0x90 list.o
 .debug_frame   0x0000059c     0x1de8 MPU6050.o
 .debug_frame   0x00002384      0x238 NewPing.o
 .debug_frame   0x000025bc       0x74 port.o
 .debug_frame   0x00002630      0x224 queue.o
 .debug_frame   0x00002854      0x3e8 tasks.o
 .debug_frame   0x00002c3c      0x114 twi.o
 .debug_frame   0x00002d50      0x1d0 Wire.o
 .debug_frame   0x00002f20      0x470 ../../../Arduino/Arduino/Debug\libarduino.a(HardwareSerial.o)
 .debug_frame   0x00003390       0x94 ../../../Arduino/Arduino/Debug\libarduino.a(new.o)
 .debug_frame   0x00003424      0x3ec ../../../Arduino/Arduino/Debug\libarduino.a(Print.o)
 .debug_frame   0x00003810       0xbc ../../../Arduino/Arduino/Debug\libarduino.a(wiring.o)
 .debug_frame   0x000038cc       0x7c ../../../Arduino/Arduino/Debug\libarduino.a(wiring_digital.o)
 .debug_frame   0x00003948      0x7e0 ../../../Arduino/Arduino/Debug\libarduino.a(WString.o)

.debug_str      0x00000000     0x6e35
 *(.debug_str)
 .debug_str     0x00000000     0x3ebc FreeRTOS2560.o
                               0x3f48 (size before relaxing)
 .debug_str     0x00003ebc      0x145 heap_1.o
                                0x22b (size before relaxing)
 .debug_str     0x00004001      0x3a5 I2Cdev.o
                                0x5a3 (size before relaxing)
 .debug_str     0x000043a6      0x129 list.o
                                0x2a6 (size before relaxing)
 .debug_str     0x000044cf      0x15a MPU6050.o
                               0x3ce2 (size before relaxing)
 .debug_str     0x00004629      0x115 NewPing.o
                                0x59d (size before relaxing)
 .debug_str     0x0000473e       0xcf port.o
                                0x271 (size before relaxing)
 .debug_str     0x0000480d      0x3e6 queue.o
                                0x6ef (size before relaxing)
 .debug_str     0x00004bf3      0x585 tasks.o
                                0xaa3 (size before relaxing)
 .debug_str     0x00005178      0x1a3 twi.o
                                0x34f (size before relaxing)
 .debug_str     0x0000531b      0xe7d Wire.o
                               0x12d2 (size before relaxing)
 .debug_str     0x00006198      0x4d7 ../../../Arduino/Arduino/Debug\libarduino.a(HardwareSerial.o)
                               0x1079 (size before relaxing)
 .debug_str     0x0000666f       0xbc ../../../Arduino/Arduino/Debug\libarduino.a(new.o)
                                0x200 (size before relaxing)
 .debug_str     0x0000672b      0x2ec ../../../Arduino/Arduino/Debug\libarduino.a(Print.o)
                                0xcf3 (size before relaxing)
 .debug_str     0x00006a17       0xf6 ../../../Arduino/Arduino/Debug\libarduino.a(wiring.o)
                                0x1f8 (size before relaxing)
 .debug_str     0x00006b0d       0x53 ../../../Arduino/Arduino/Debug\libarduino.a(wiring_digital.o)
                                0x26c (size before relaxing)
 .debug_str     0x00006b60      0x2d5 ../../../Arduino/Arduino/Debug\libarduino.a(WString.o)
                                0xc0d (size before relaxing)

.debug_loc      0x00000000    0x15629
 *(.debug_loc)
 .debug_loc     0x00000000      0x201 FreeRTOS2560.o
 .debug_loc     0x00000201       0xd3 heap_1.o
 .debug_loc     0x000002d4     0x162e I2Cdev.o
 .debug_loc     0x00001902      0x1b3 list.o
 .debug_loc     0x00001ab5     0x8cb2 MPU6050.o
 .debug_loc     0x0000a767      0xae4 NewPing.o
 .debug_loc     0x0000b24b      0x29b port.o
 .debug_loc     0x0000b4e6     0x10a3 queue.o
 .debug_loc     0x0000c589     0x15d7 tasks.o
 .debug_loc     0x0000db60      0x3e7 twi.o
 .debug_loc     0x0000df47      0x8a8 Wire.o
 .debug_loc     0x0000e7ef      0xe4b ../../../Arduino/Arduino/Debug\libarduino.a(HardwareSerial.o)
 .debug_loc     0x0000f63a       0xc0 ../../../Arduino/Arduino/Debug\libarduino.a(new.o)
 .debug_loc     0x0000f6fa     0x1fc9 ../../../Arduino/Arduino/Debug\libarduino.a(Print.o)
 .debug_loc     0x000116c3      0x22a ../../../Arduino/Arduino/Debug\libarduino.a(wiring.o)
 .debug_loc     0x000118ed      0x700 ../../../Arduino/Arduino/Debug\libarduino.a(wiring_digital.o)
 .debug_loc     0x00011fed     0x363c ../../../Arduino/Arduino/Debug\libarduino.a(WString.o)

.debug_macinfo
 *(.debug_macinfo)

.debug_weaknames
 *(.debug_weaknames)

.debug_funcnames
 *(.debug_funcnames)

.debug_typenames
 *(.debug_typenames)

.debug_varnames
 *(.debug_varnames)

.debug_pubtypes
 *(.debug_pubtypes)

.debug_ranges   0x00000000     0x12f0
 *(.debug_ranges)
 .debug_ranges  0x00000000       0x88 FreeRTOS2560.o
 .debug_ranges  0x00000088       0x28 heap_1.o
 .debug_ranges  0x000000b0      0x100 I2Cdev.o
 .debug_ranges  0x000001b0       0x30 list.o
 .debug_ranges  0x000001e0      0x830 MPU6050.o
 .debug_ranges  0x00000a10       0x88 NewPing.o
 .debug_ranges  0x00000a98       0x38 port.o
 .debug_ranges  0x00000ad0       0x90 queue.o
 .debug_ranges  0x00000b60      0x158 tasks.o
 .debug_ranges  0x00000cb8       0x60 twi.o
 .debug_ranges  0x00000d18       0xc0 Wire.o
 .debug_ranges  0x00000dd8       0xc8 ../../../Arduino/Arduino/Debug\libarduino.a(HardwareSerial.o)
 .debug_ranges  0x00000ea0       0x48 ../../../Arduino/Arduino/Debug\libarduino.a(new.o)
 .debug_ranges  0x00000ee8      0x168 ../../../Arduino/Arduino/Debug\libarduino.a(Print.o)
 .debug_ranges  0x00001050       0x38 ../../../Arduino/Arduino/Debug\libarduino.a(wiring.o)
 .debug_ranges  0x00001088       0x28 ../../../Arduino/Arduino/Debug\libarduino.a(wiring_digital.o)
 .debug_ranges  0x000010b0      0x240 ../../../Arduino/Arduino/Debug\libarduino.a(WString.o)

.debug_macro
 *(.debug_macro)
OUTPUT(FreeRTOS2560.elf elf32-avr)
LOAD linker stubs
