Archive member included because of file (symbol)

c:/program files (x86)/atmel/atmel toolchain/avr8 gcc/native/3.4.1056/avr8-gnu-toolchain/bin/../lib/gcc/avr/4.8.1/../../../../avr/lib/avr6\libm.a(addsf3.o)
                              FreeRTOS2560.o (__subsf3)
c:/program files (x86)/atmel/atmel toolchain/avr8 gcc/native/3.4.1056/avr8-gnu-toolchain/bin/../lib/gcc/avr/4.8.1/../../../../avr/lib/avr6\libm.a(addsf3x.o)
                              c:/program files (x86)/atmel/atmel toolchain/avr8 gcc/native/3.4.1056/avr8-gnu-toolchain/bin/../lib/gcc/avr/4.8.1/../../../../avr/lib/avr6\libm.a(addsf3.o) (__addsf3x)
c:/program files (x86)/atmel/atmel toolchain/avr8 gcc/native/3.4.1056/avr8-gnu-toolchain/bin/../lib/gcc/avr/4.8.1/../../../../avr/lib/avr6\libm.a(atan2.o)
                              FreeRTOS2560.o (atan2)
c:/program files (x86)/atmel/atmel toolchain/avr8 gcc/native/3.4.1056/avr8-gnu-toolchain/bin/../lib/gcc/avr/4.8.1/../../../../avr/lib/avr6\libm.a(atan.o)
                              FreeRTOS2560.o (atan)
c:/program files (x86)/atmel/atmel toolchain/avr8 gcc/native/3.4.1056/avr8-gnu-toolchain/bin/../lib/gcc/avr/4.8.1/../../../../avr/lib/avr6\libm.a(cmpsf2.o)
                              FreeRTOS2560.o (__ltsf2)
c:/program files (x86)/atmel/atmel toolchain/avr8 gcc/native/3.4.1056/avr8-gnu-toolchain/bin/../lib/gcc/avr/4.8.1/../../../../avr/lib/avr6\libm.a(cos.o)
                              FreeRTOS2560.o (cos)
c:/program files (x86)/atmel/atmel toolchain/avr8 gcc/native/3.4.1056/avr8-gnu-toolchain/bin/../lib/gcc/avr/4.8.1/../../../../avr/lib/avr6\libm.a(divsf3.o)
                              FreeRTOS2560.o (__divsf3)
c:/program files (x86)/atmel/atmel toolchain/avr8 gcc/native/3.4.1056/avr8-gnu-toolchain/bin/../lib/gcc/avr/4.8.1/../../../../avr/lib/avr6\libm.a(divsf3x.o)
                              c:/program files (x86)/atmel/atmel toolchain/avr8 gcc/native/3.4.1056/avr8-gnu-toolchain/bin/../lib/gcc/avr/4.8.1/../../../../avr/lib/avr6\libm.a(divsf3.o) (__divsf3x)
c:/program files (x86)/atmel/atmel toolchain/avr8 gcc/native/3.4.1056/avr8-gnu-toolchain/bin/../lib/gcc/avr/4.8.1/../../../../avr/lib/avr6\libm.a(fixsfsi.o)
                              FreeRTOS2560.o (__fixsfsi)
c:/program files (x86)/atmel/atmel toolchain/avr8 gcc/native/3.4.1056/avr8-gnu-toolchain/bin/../lib/gcc/avr/4.8.1/../../../../avr/lib/avr6\libm.a(fixunssfsi.o)
                              c:/program files (x86)/atmel/atmel toolchain/avr8 gcc/native/3.4.1056/avr8-gnu-toolchain/bin/../lib/gcc/avr/4.8.1/../../../../avr/lib/avr6\libm.a(fixsfsi.o) (__fixunssfsi)
c:/program files (x86)/atmel/atmel toolchain/avr8 gcc/native/3.4.1056/avr8-gnu-toolchain/bin/../lib/gcc/avr/4.8.1/../../../../avr/lib/avr6\libm.a(floatsisf.o)
                              FreeRTOS2560.o (__floatunsisf)
c:/program files (x86)/atmel/atmel toolchain/avr8 gcc/native/3.4.1056/avr8-gnu-toolchain/bin/../lib/gcc/avr/4.8.1/../../../../avr/lib/avr6\libm.a(fmod.o)
                              FreeRTOS2560.o (fmod)
c:/program files (x86)/atmel/atmel toolchain/avr8 gcc/native/3.4.1056/avr8-gnu-toolchain/bin/../lib/gcc/avr/4.8.1/../../../../avr/lib/avr6\libm.a(fp_cmp.o)
                              c:/program files (x86)/atmel/atmel toolchain/avr8 gcc/native/3.4.1056/avr8-gnu-toolchain/bin/../lib/gcc/avr/4.8.1/../../../../avr/lib/avr6\libm.a(cmpsf2.o) (__fp_cmp)
c:/program files (x86)/atmel/atmel toolchain/avr8 gcc/native/3.4.1056/avr8-gnu-toolchain/bin/../lib/gcc/avr/4.8.1/../../../../avr/lib/avr6\libm.a(fp_inf.o)
                              c:/program files (x86)/atmel/atmel toolchain/avr8 gcc/native/3.4.1056/avr8-gnu-toolchain/bin/../lib/gcc/avr/4.8.1/../../../../avr/lib/avr6\libm.a(addsf3x.o) (__fp_inf)
c:/program files (x86)/atmel/atmel toolchain/avr8 gcc/native/3.4.1056/avr8-gnu-toolchain/bin/../lib/gcc/avr/4.8.1/../../../../avr/lib/avr6\libm.a(fp_mpack.o)
                              c:/program files (x86)/atmel/atmel toolchain/avr8 gcc/native/3.4.1056/avr8-gnu-toolchain/bin/../lib/gcc/avr/4.8.1/../../../../avr/lib/avr6\libm.a(fmod.o) (__fp_mpack)
c:/program files (x86)/atmel/atmel toolchain/avr8 gcc/native/3.4.1056/avr8-gnu-toolchain/bin/../lib/gcc/avr/4.8.1/../../../../avr/lib/avr6\libm.a(fp_nan.o)
                              c:/program files (x86)/atmel/atmel toolchain/avr8 gcc/native/3.4.1056/avr8-gnu-toolchain/bin/../lib/gcc/avr/4.8.1/../../../../avr/lib/avr6\libm.a(addsf3x.o) (__fp_nan)
c:/program files (x86)/atmel/atmel toolchain/avr8 gcc/native/3.4.1056/avr8-gnu-toolchain/bin/../lib/gcc/avr/4.8.1/../../../../avr/lib/avr6\libm.a(fp_powser.o)
                              c:/program files (x86)/atmel/atmel toolchain/avr8 gcc/native/3.4.1056/avr8-gnu-toolchain/bin/../lib/gcc/avr/4.8.1/../../../../avr/lib/avr6\libm.a(atan.o) (__fp_powser)
c:/program files (x86)/atmel/atmel toolchain/avr8 gcc/native/3.4.1056/avr8-gnu-toolchain/bin/../lib/gcc/avr/4.8.1/../../../../avr/lib/avr6\libm.a(fp_pscA.o)
[...]
Memory Configuration

Name             Origin             Length             Attributes
text             0x00000000         0x00100000         xr
data             0x00800200         0x0000fe00         rw !x
eeprom           0x00810000         0x00010000         rw !x
fuse             0x00820000         0x00000400         rw !x
lock             0x00830000         0x00000400         rw !x
signature        0x00840000         0x00000400         rw !x
user_signatures  0x00850000         0x00000400         rw !x
*default*        0x00000000         0xffffffff

Linker script and memory map

Address of section .data set to 0x800200
LOAD c:/program files (x86)/atmel/atmel toolchain/avr8 gcc/native/3.4.1056/avr8-gnu-toolchain/bin/../lib/gcc/avr/4.8.1/../../../../avr/lib/avr6/crtm2560.o
LOAD FreeRTOS2560.o
LOAD heap_1.o
LOAD I2Cdev.o
LOAD list.o
LOAD MPU6050.o
LOAD NewPing.o
LOAD port.o
LOAD queue.o
LOAD tasks.o
LOAD twi.o
LOAD Wire.o
START GROUP
LOAD c:/program files (x86)/atmel/atmel toolchain/avr8 gcc/native/3.4.1056/avr8-gnu-toolchain/bin/../lib/gcc/avr/4.8.1/../../../../avr/lib/avr6\libm.a
LOAD ../../../Arduino/Arduino/Debug\libarduino.a
END GROUP
LOAD c:/program files (x86)/atmel/atmel toolchain/avr8 gcc/native/3.4.1056/avr8-gnu-toolchain/bin/../lib/gcc/avr/4.8.1/avr6\libgcc.a
LOAD c:/program files (x86)/atmel/atmel toolchain/avr8 gcc/native/3.4.1056/avr8-gnu-toolchain/bin/../lib/gcc/avr/4.8.1/../../../../avr/lib/avr6\libm.a
START GROUP
LOAD c:/program files (x86)/atmel/atmel toolchain/avr8 gcc/native/3.4.1056/avr8-gnu-toolchain/bin/../lib/gcc/avr/4.8.1/avr6\libgcc.a
LOAD c:/program files (x86)/atmel/atmel toolchain/avr8 gcc/native/3.4.1056/avr8-gnu-toolchain/bin/../lib/gcc/avr/4.8.1/../../../../avr/lib/avr6\libm.a
LOAD c:/program files (x86)/atmel/atmel toolchain/avr8 gcc/native/3.4.1056/avr8-gnu-toolchain/bin/../lib/gcc/avr/4.8.1/../../../../avr/lib/avr6\libc.a
END GROUP

.hash
 *(.hash)

.dynsym
 *(.dynsym)

.dynstr
 *(.dynstr)

.gnu.version
 *(.gnu.version)

.gnu.version_d
 *(.gnu.version_d)

.gnu.version_r
 *(.gnu.version_r)

.rel.init
 *(.rel.init)

.rela.init
 *(.rela.init)

.rel.text
 *(.rel.text)
 *(.rel.text.*)
 *(.rel.gnu.linkonce.t*)

.rela.text
 *(.rela.text)
 *(.rela.text.*)
 *(.rela.gnu.linkonce.t*)

.rel.fini
 *(.rel.fini)

.rela.fini
 *(.rela.fini)

.rel.rodata
 *(.rel.rodata)
 *(.rel.rodata.*)
 *(.rel.gnu.linkonce.r*)

.rela.rodata
 *(.rela.rodata)
 *(.rela.rodata.*)
 *(.rela.gnu.linkonce.r*)

.rel.data
 *(.rel.data)
 *(.rel.data.*)
 *(.rel.gnu.linkonce.d*)

.rela.data
 *(.rela.data)
 *(.rela.data.*)
 *(.rela.gnu.linkonce.d*)

.rel.ctors
 *(.rel.ctors)

.rela.ctors
 *(.rela.ctors)

.rel.dtors
 *(.rel.dtors)

.rela.dtors
 *(.rela.dtors)

.rel.got
 *(.rel.got)

.rela.got
 *(.rela.got)

.rel.bss
 *(.rel.bss)

.rela.bss
 *(.rela.bss)

.rel.plt
 *(.rel.plt)

.rela.plt
 *(.rela.plt)

.text           0x00000000     0x5658
 *(.vectors)
 .vectors       0x00000000       0xe4 c:/program files (x86)/atmel/atmel toolchain/avr8 gcc/native/3.4.1056/avr8-gnu-toolchain/bin/../lib/gcc/avr/4.8.1/../../../../avr/lib/avr6/crtm2560.o
                0x00000000                __vector_default
                0x00000000                __vectors
 *(.vectors)
 *(.progmem.gcc*)
 .progmem.gcc_fplib
                0x000000e4       0x2d c:/program files (x86)/atmel/atmel toolchain/avr8 gcc/native/3.4.1056/avr8-gnu-toolchain/bin/../lib/gcc/avr/4.8.1/../../../../avr/lib/avr6\libm.a(atan.o)
 .progmem.gcc_fplib
                0x00000111       0x1e c:/program files (x86)/atmel/atmel toolchain/avr8 gcc/native/3.4.1056/avr8-gnu-toolchain/bin/../lib/gcc/avr/4.8.1/../../../../avr/lib/avr6\libm.a(fp_sinus.o)
 *fill*         0x0000012f        0x1 
 .progmem.gcc_sw_table.turnOffPWM
                0x00000130       0x22 ../../../Arduino/Arduino/Debug\libarduino.a(wiring_digital.o)
                0x00000152                . = ALIGN (0x2)
                0x00000152                __trampolines_start = .
 *(.trampolines)
 .trampolines   0x00000152        0x0 linker stubs
 *(.trampolines*)
                0x00000152                __trampolines_end = .
 *(.progmem*)
 .progmem.data._ZZ5setupE3__c
                0x00000152       0x15 FreeRTOS2560.o
 .progmem.data._ZZ7i2cReadhhPhhE3__c_0
                0x00000167       0x10 FreeRTOS2560.o
 .progmem.data._ZZ7i2cReadhhPhhE3__c
                0x00000177       0x11 FreeRTOS2560.o
 .progmem.data._ZZ8i2cWritehhPhhbE3__c
                0x00000188       0x12 FreeRTOS2560.o
 .progmem.data.digital_pin_to_timer_PGM
                0x0000019a       0x46 ../../../Arduino/Arduino/Debug\libarduino.a(wiring_digital.o)
                0x0000019a                digital_pin_to_timer_PGM
 .progmem.data.digital_pin_to_bit_mask_PGM
                0x000001e0       0x46 ../../../Arduino/Arduino/Debug\libarduino.a(wiring_digital.o)
                0x000001e0                digital_pin_to_bit_mask_PGM
 .progmem.data.digital_pin_to_port_PGM
                0x00000226       0x46 ../../../Arduino/Arduino/Debug\libarduino.a(wiring_digital.o)
                0x00000226                digital_pin_to_port_PGM
 .progmem.data.port_to_input_PGM
                0x0000026c       0x1a ../../../Arduino/Arduino/Debug\libarduino.a(wiring_digital.o)
                0x0000026c                port_to_input_PGM
 .progmem.data.port_to_output_PGM
                0x00000286       0x1a ../../../Arduino/Arduino/Debug\libarduino.a(wiring_digital.o)
                0x00000286                port_to_output_PGM
 .progmem.data.port_to_mode_PGM
                0x000002a0       0x1a ../../../Arduino/Arduino/Debug\libarduino.a(wiring_digital.o)
                0x000002a0                port_to_mode_PGM
 .progmem.data  0x000002ba       0xfa c:/program files (x86)/atmel/atmel toolchain/avr8 gcc/native/3.4.1056/avr8-gnu-toolchain/bin/../lib/gcc/avr/4.8.1/../../../../avr/lib/avr6\libc.a(ftoa_engine.o)
                0x000003b4                . = ALIGN (0x2)
 *(.jumptables)
 *(.jumptables*)
 *(.lowtext)
 *(.lowtext*)
                0x000003b4                __ctors_start = .
 *(.ctors)
 .ctors         0x000003b4        0x2 FreeRTOS2560.o
 .ctors         0x000003b6        0x2 Wire.o
 .ctors         0x000003b8        0x2 ../../../Arduino/Arduino/Debug\libarduino.a(HardwareSerial.o)
                0x000003ba                __ctors_end = .
                0x000003ba                __dtors_start = .
 *(.dtors)
                0x000003ba                __dtors_end = .
 SORT(*)(.ctors)
 SORT(*)(.dtors)
 *(.init0)
 .init0         0x000003ba        0x0 c:/program files (x86)/atmel/atmel toolchain/avr8 gcc/native/3.4.1056/avr8-gnu-toolchain/bin/../lib/gcc/avr/4.8.1/../../../../avr/lib/avr6/crtm2560.o
                0x000003ba                __init
 *(.init0)
 *(.init1)
 *(.init1)
 *(.init2)
 .init2         0x000003ba       0x10 c:/program files (x86)/atmel/atmel toolchain/avr8 gcc/native/3.4.1056/avr8-gnu-toolchain/bin/../lib/gcc/avr/4.8.1/../../../../avr/lib/avr6/crtm2560.o
 *(.init2)
 *(.init3)
 *(.init3)
 *(.init4)
 .init4         0x000003ca       0x1a c:/program files (x86)/atmel/atmel toolchain/avr8 gcc/native/3.4.1056/avr8-gnu-toolchain/bin/../lib/gcc/avr/4.8.1/avr6\libgcc.a(_copy_data.o)
                0x000003ca                __do_copy_data
 .init4         0x000003e4       0x10 c:/program files (x86)/atmel/atmel toolchain/avr8 gcc/native/3.4.1056/avr8-gnu-toolchain/bin/../lib/gcc/avr/4.8.1/avr6\libgcc.a(_clear_bss.o)
                0x000003e4                __do_clear_bss
 *(.init4)
 *(.init5)
 *(.init5)
 *(.init6)
 .init6         0x000003f4       0x20 c:/program files (x86)/atmel/atmel toolchain/avr8 gcc/native/3.4.1056/avr8-gnu-toolchain/bin/../lib/gcc/avr/4.8.1/avr6\libgcc.a(_ctors.o)
                0x000003f4                __do_global_ctors
 *(.init6)
 *(.init7)
 *(.init7)
 *(.init8)
 *(.init8)
 *(.init9)
 .init9         0x00000414        0x8 c:/program files (x86)/atmel/atmel toolchain/avr8 gcc/native/3.4.1056/avr8-gnu-toolchain/bin/../lib/gcc/avr/4.8.1/../../../../avr/lib/avr6/crtm2560.o
 *(.init9)
 *(.text)
 .text          0x0000041c        0x2 c:/program files (x86)/atmel/atmel toolchain/avr8 gcc/native/3.4.1056/avr8-gnu-toolchain/bin/../lib/gcc/avr/4.8.1/../../../../avr/lib/avr6/crtm2560.o
                0x0000041c                __vector_38
                0x0000041c                __vector_22
                0x0000041c                __vector_28
                0x0000041c                __vector_1
                0x0000041c                __vector_32
                0x0000041c                __vector_34
                0x0000041c                __vector_24
                0x0000041c                __vector_12
                0x0000041c                __vector_46
                0x0000041c                __bad_interrupt
                0x0000041c                __vector_6
                0x0000041c                __vector_31
                0x0000041c                __vector_35
                0x0000041c                __vector_3
                0x0000041c                __vector_30
                0x0000041c                __vector_45
                0x0000041c                __vector_11
                0x0000041c                __vector_17
                0x0000041c                __vector_19
                0x0000041c                __vector_56
                0x0000041c                __vector_7
                0x0000041c                __vector_49
                0x0000041c                __vector_41
                0x0000041c                __vector_43
                0x0000041c                __vector_27
                0x0000041c                __vector_5
                0x0000041c                __vector_33
                0x0000041c                __vector_47
                0x0000041c                __vector_4
                0x0000041c                __vector_44
                0x0000041c                __vector_9
                0x0000041c                __vector_2
                0x0000041c                __vector_21
                0x0000041c                __vector_15
                0x0000041c                __vector_29
                0x0000041c                __vector_40
                0x0000041c                __vector_8
                0x0000041c                __vector_48
                0x0000041c                __vector_14
                0x0000041c                __vector_53
                0x0000041c                __vector_10
                0x0000041c                __vector_50
                0x0000041c                __vector_16
                0x0000041c                __vector_18
                0x0000041c                __vector_42
                0x0000041e                . = ALIGN (0x2)
 *(.text.*)
 .text._Z5task1Pv
                0x0000041e       0x86 FreeRTOS2560.o
                0x0000041e                _Z5task1Pv
 .text._ZN6Kalman8getAngleEddd
                0x000004a4      0x342 FreeRTOS2560.o
                0x000004a4                _ZN6Kalman8getAngleEddd
 .text._Z15updatePitchRollv
                0x000007e6       0xd4 FreeRTOS2560.o
                0x000007e6                _Z15updatePitchRollv
 .text._Z9updateYawv
                0x000008ba      0x2ae FreeRTOS2560.o
                0x000008ba                _Z9updateYawv
 .text.startup._GLOBAL__sub_I_sonar1
                0x00000b68      0x1f2 FreeRTOS2560.o
 .text._Z8i2cWritehhPhhb
                0x00000d5a       0x78 FreeRTOS2560.o
                0x00000d5a                _Z8i2cWritehhPhhb
 .text._Z8i2cWritehhhb
                0x00000dd2       0x24 FreeRTOS2560.o
                0x00000dd2                _Z8i2cWritehhhb
 .text._Z7i2cReadhhPhh
                0x00000df6       0xee FreeRTOS2560.o
                0x00000df6                _Z7i2cReadhhPhh
 .text._Z13updateMPU6050v
                0x00000ee4      0x146 FreeRTOS2560.o
                0x00000ee4                _Z13updateMPU6050v
 .text._Z14updateHMC5883Lv
                0x0000102a       0x96 FreeRTOS2560.o
                0x0000102a                _Z14updateHMC5883Lv
 .text._Z12calibrateMagv
                0x000010c0      0x1ca FreeRTOS2560.o
                0x000010c0                _Z12calibrateMagv
 .text._Z5task2Pv
                0x0000128a      0x7d0 FreeRTOS2560.o
                0x0000128a                _Z5task2Pv
 .text.setup    0x00001a5a      0x172 FreeRTOS2560.o
                0x00001a5a                setup
 .text.startup.main
                0x00001bcc       0x8a FreeRTOS2560.o
                0x00001bcc                main
 .text.pvPortMalloc
                0x00001c56       0x60 heap_1.o
                0x00001c56                pvPortMalloc
 .text.vPortFree
                0x00001cb6        0x2 heap_1.o
                0x00001cb6                vPortFree
 .text.vListInitialise
                0x00001cb8       0x1c list.o
                0x00001cb8                vListInitialise
 .text.vListInitialiseItem
                0x00001cd4        0x8 list.o
                0x00001cd4                vListInitialiseItem
 .text.vListInsertEnd
                0x00001cdc       0x42 list.o
                0x00001cdc                vListInsertEnd
 .text.vListInsert
                0x00001d1e       0x70 list.o
                0x00001d1e                vListInsert
 .text.uxListRemove
                0x00001d8e       0x46 list.o
                0x00001d8e                uxListRemove
 .text._ZN7NewPingC2Ehhi
                0x00001dd4       0xb0 NewPing.o
                0x00001dd4                _ZN7NewPingC2Ehhi
                0x00001dd4                _ZN7NewPingC1Ehhi
 .text._ZN7NewPing12ping_triggerEv
                0x00001e84       0xdc NewPing.o
                0x00001e84                _ZN7NewPing12ping_triggerEv
 .text._ZN7NewPing4pingEv
                0x00001f60       0x5c NewPing.o
                0x00001f60                _ZN7NewPing4pingEv
 .text.__vector_13
                0x00001fbc       0x5a NewPing.o
                0x00001fbc                __vector_13
 .text.pxPortInitialiseStack
                0x00002016       0xe4 port.o
                0x00002016                pxPortInitialiseStack
 .text.xPortStartScheduler
                0x000020fa       0x7c port.o
                0x000020fa                xPortStartScheduler
 .text.vPortYield
                0x00002176       0xc0 port.o
                0x00002176                vPortYield
 .text.vPortYieldFromTick
                0x00002236       0xc4 port.o
                0x00002236                vPortYieldFromTick
 .text.__vector_20
                0x000022fa        0x4 port.o
                0x000022fa                __vector_20
 .text.prvCopyDataToQueue
                0x000022fe       0xaa queue.o
 .text.prvCopyDataFromQueue
                0x000023a8       0x34 queue.o
 .text.prvUnlockQueue
                0x000023dc       0x74 queue.o
 .text.xQueueGenericSend
                0x00002450      0x11a queue.o
                0x00002450                xQueueGenericSend
 .text.xQueueCreateMutex
                0x0000256a       0x50 queue.o
                0x0000256a                xQueueCreateMutex
 .text.xQueueGenericReceive
                0x000025ba      0x158 queue.o
                0x000025ba                xQueueGenericReceive
 .text.prvResetNextTaskUnblockTime
                0x00002712       0x36 tasks.o
 .text.prvAddCurrentTaskToDelayedList
                0x00002748       0x64 tasks.o
 .text.xTaskGenericCreate
                0x000027ac      0x1d8 tasks.o
                0x000027ac                xTaskGenericCreate
 .text.vTaskStartScheduler
                0x00002984       0x60 tasks.o
                0x00002984                vTaskStartScheduler
 .text.vTaskSuspendAll
                0x000029e4        0xc tasks.o
                0x000029e4                vTaskSuspendAll
 .text.xTaskIncrementTick
                0x000029f0      0x158 tasks.o
                0x000029f0                xTaskIncrementTick
 .text.xTaskResumeAll
                0x00002b48       0xd6 tasks.o
                0x00002b48                xTaskResumeAll
 .text.vTaskDelay
                0x00002c1e       0x40 tasks.o
                0x00002c1e                vTaskDelay
 .text.prvIdleTask
                0x00002c5e       0x5c tasks.o
 .text.vTaskSwitchContext
                0x00002cba       0x80 tasks.o
                0x00002cba                vTaskSwitchContext
 .text.vTaskPlaceOnEventList
                0x00002d3a       0x54 tasks.o
                0x00002d3a                vTaskPlaceOnEventList
 .text.xTaskRemoveFromEventList
                0x00002d8e       0x80 tasks.o
                0x00002d8e                xTaskRemoveFromEventList
 .text.vTaskSetTimeOutState
                0x00002e0e       0x16 tasks.o
                0x00002e0e                vTaskSetTimeOutState
 .text.xTaskCheckForTimeOut
                0x00002e24       0x62 tasks.o
                0x00002e24                xTaskCheckForTimeOut
 .text.vTaskMissedYield
                0x00002e86        0x8 tasks.o
                0x00002e86                vTaskMissedYield
 .text.vTaskPriorityInherit
                0x00002e8e       0xaa tasks.o
                0x00002e8e                vTaskPriorityInherit
 .text.xTaskPriorityDisinherit
                0x00002f38       0x72 tasks.o
                0x00002f38                xTaskPriorityDisinherit
 .text.pvTaskIncrementMutexHeldCount
                0x00002faa       0x24 tasks.o
                0x00002faa                pvTaskIncrementMutexHeldCount
 .text.twi_init
                0x00002fce       0x3c twi.o
                0x00002fce                twi_init
 .text.twi_readFrom
                0x0000300a       0x88 twi.o
                0x0000300a                twi_readFrom
 .text.twi_writeTo
                0x00003092       0xa6 twi.o
                0x00003092                twi_writeTo
 .text.twi_transmit
                0x00003138       0x32 twi.o
                0x00003138                twi_transmit
 .text.twi_stop
                0x0000316a       0x14 twi.o
                0x0000316a                twi_stop
 .text.twi_releaseBus
                0x0000317e        0xc twi.o
                0x0000317e                twi_releaseBus
 .text.__vector_39
                0x0000318a      0x25c twi.o
                0x0000318a                __vector_39
 .text._ZN7TwoWire9availableEv
                0x000033e6       0x10 Wire.o
                0x000033e6                _ZN7TwoWire9availableEv
 .text._ZN7TwoWire4readEv
                0x000033f6       0x26 Wire.o
                0x000033f6                _ZN7TwoWire4readEv
 .text._ZN7TwoWire4peekEv
                0x0000341c       0x1e Wire.o
                0x0000341c                _ZN7TwoWire4peekEv
 .text._ZN7TwoWire5flushEv
                0x0000343a        0x2 Wire.o
                0x0000343a                _ZN7TwoWire5flushEv
 .text._ZN7TwoWire5writeEPKhj
                0x0000343c       0x58 Wire.o
                0x0000343c                _ZN7TwoWire5writeEPKhj
 .text._ZN7TwoWire5writeEh
                0x00003494       0x5c Wire.o
                0x00003494                _ZN7TwoWire5writeEh
 .text._ZN7TwoWireC2Ev
                0x000034f0       0x20 Wire.o
                0x000034f0                _ZN7TwoWireC1Ev
                0x000034f0                _ZN7TwoWireC2Ev
 .text._ZN7TwoWire5beginEv
                0x00003510       0x12 Wire.o
                0x00003510                _ZN7TwoWire5beginEv
 .text._ZN7TwoWire11requestFromEhhh
                0x00003522       0x18 Wire.o
                0x00003522                _ZN7TwoWire11requestFromEhhh
 .text._ZN7TwoWire17beginTransmissionEh
                0x0000353a       0x14 Wire.o
                0x0000353a                _ZN7TwoWire17beginTransmissionEh
 .text._ZN7TwoWire15endTransmissionEh
                0x0000354e       0x24 Wire.o
                0x0000354e                _ZN7TwoWire15endTransmissionEh
 .text.startup._GLOBAL__sub_I__ZN7TwoWire8rxBufferE
                0x00003572        0x6 Wire.o
 .text.avr-libc.fplib
                0x00003578        0xa c:/program files (x86)/atmel/atmel toolchain/avr8 gcc/native/3.4.1056/avr8-gnu-toolchain/bin/../lib/gcc/avr/4.8.1/../../../../avr/lib/avr6\libm.a(addsf3.o)
                0x00003578                __subsf3
                0x0000357a                __addsf3
 .text.avr-libc.fplib
                0x00003582       0xc0 c:/program files (x86)/atmel/atmel toolchain/avr8 gcc/native/3.4.1056/avr8-gnu-toolchain/bin/../lib/gcc/avr/4.8.1/../../../../avr/lib/avr6\libm.a(addsf3x.o)
                0x0000359c                __addsf3x
 .text.avr-libc.fplib
                0x00003642       0x74 c:/program files (x86)/atmel/atmel toolchain/avr8 gcc/native/3.4.1056/avr8-gnu-toolchain/bin/../lib/gcc/avr/4.8.1/../../../../avr/lib/avr6\libm.a(atan2.o)
                0x00003660                atan2
 .text.avr-libc.fplib
                0x000036b6       0x50 c:/program files (x86)/atmel/atmel toolchain/avr8 gcc/native/3.4.1056/avr8-gnu-toolchain/bin/../lib/gcc/avr/4.8.1/../../../../avr/lib/avr6\libm.a(atan.o)
                0x000036b6                atan
 .text.avr-libc.fplib
                0x00003706        0x8 c:/program files (x86)/atmel/atmel toolchain/avr8 gcc/native/3.4.1056/avr8-gnu-toolchain/bin/../lib/gcc/avr/4.8.1/../../../../avr/lib/avr6\libm.a(cmpsf2.o)
                0x00003706                __nesf2
                0x00003706                __eqsf2
                0x00003706                __cmpsf2
                0x00003706                __ltsf2
                0x00003706                __lesf2
 .text.avr-libc.fplib
                0x0000370e        0x6 c:/program files (x86)/atmel/atmel toolchain/avr8 gcc/native/3.4.1056/avr8-gnu-toolchain/bin/../lib/gcc/avr/4.8.1/../../../../avr/lib/avr6\libm.a(cos.o)
                0x0000370e                cos
 .text.avr-libc.fplib
                0x00003714        0x4 c:/program files (x86)/atmel/atmel toolchain/avr8 gcc/native/3.4.1056/avr8-gnu-toolchain/bin/../lib/gcc/avr/4.8.1/../../../../avr/lib/avr6\libm.a(divsf3.o)
                0x00003714                __divsf3
 .text.avr-libc.fplib
                0x00003718       0xcc c:/program files (x86)/atmel/atmel toolchain/avr8 gcc/native/3.4.1056/avr8-gnu-toolchain/bin/../lib/gcc/avr/4.8.1/../../../../avr/lib/avr6\libm.a(divsf3x.o)
                0x0000372e                __divsf3x
                0x00003732                __divsf3_pse
 .text.avr-libc.fplib
                0x000037e4        0xa c:/program files (x86)/atmel/atmel toolchain/avr8 gcc/native/3.4.1056/avr8-gnu-toolchain/bin/../lib/gcc/avr/4.8.1/../../../../avr/lib/avr6\libm.a(fixsfsi.o)
                0x000037e4                __fixsfsi
 .text.avr-libc.fplib
                0x000037ee       0x58 c:/program files (x86)/atmel/atmel toolchain/avr8 gcc/native/3.4.1056/avr8-gnu-toolchain/bin/../lib/gcc/avr/4.8.1/../../../../avr/lib/avr6\libm.a(fixunssfsi.o)
                0x000037ee                __fixunssfsi
 .text.avr-libc.fplib
                0x00003846       0x7a c:/program files (x86)/atmel/atmel toolchain/avr8 gcc/native/3.4.1056/avr8-gnu-toolchain/bin/../lib/gcc/avr/4.8.1/../../../../avr/lib/avr6\libm.a(floatsisf.o)
                0x00003846                __floatunsisf
                0x0000384a                __floatsisf
 .text.avr-libc.fplib
                0x000038c0       0x9c c:/program files (x86)/atmel/atmel toolchain/avr8 gcc/native/3.4.1056/avr8-gnu-toolchain/bin/../lib/gcc/avr/4.8.1/../../../../avr/lib/avr6\libm.a(fmod.o)
                0x000038ce                fmod
 .text.avr-libc.fplib
                0x0000395c       0x48 c:/program files (x86)/atmel/atmel toolchain/avr8 gcc/native/3.4.1056/avr8-gnu-toolchain/bin/../lib/gcc/avr/4.8.1/../../../../avr/lib/avr6\libm.a(fp_cmp.o)
                0x0000395c                __fp_cmp
 .text.avr-libc.fplib
                0x000039a4        0xc c:/program files (x86)/atmel/atmel toolchain/avr8 gcc/native/3.4.1056/avr8-gnu-toolchain/bin/../lib/gcc/avr/4.8.1/../../../../avr/lib/avr6\libm.a(fp_inf.o)
                0x000039a4                __fp_inf
 .text.avr-libc.fplib
                0x000039b0       0x1c c:/program files (x86)/atmel/atmel toolchain/avr8 gcc/native/3.4.1056/avr8-gnu-toolchain/bin/../lib/gcc/avr/4.8.1/../../../../avr/lib/avr6\libm.a(fp_mpack.o)
                0x000039b0                __fp_mpack
                0x000039b4                __fp_mpack_finite
 .text.avr-libc.fplib
                0x000039cc        0x6 c:/program files (x86)/atmel/atmel toolchain/avr8 gcc/native/3.4.1056/avr8-gnu-toolchain/bin/../lib/gcc/avr/4.8.1/../../../../avr/lib/avr6\libm.a(fp_nan.o)
                0x000039cc                __fp_nan
 .text.avr-libc.fplib
                0x000039d2       0x4a c:/program files (x86)/atmel/atmel toolchain/avr8 gcc/native/3.4.1056/avr8-gnu-toolchain/bin/../lib/gcc/avr/4.8.1/../../../../avr/lib/avr6\libm.a(fp_powser.o)
                0x000039d2                __fp_powser
 .text.avr-libc.fplib
                0x00003a1c        0xe c:/program files (x86)/atmel/atmel toolchain/avr8 gcc/native/3.4.1056/avr8-gnu-toolchain/bin/../lib/gcc/avr/4.8.1/../../../../avr/lib/avr6\libm.a(fp_pscA.o)
                0x00003a1c                __fp_pscA
 .text.avr-libc.fplib
                0x00003a2a        0xe c:/program files (x86)/atmel/atmel toolchain/avr8 gcc/native/3.4.1056/avr8-gnu-toolchain/bin/../lib/gcc/avr/4.8.1/../../../../avr/lib/avr6\libm.a(fp_pscB.o)
                0x00003a2a                __fp_pscB
 .text.avr-libc.fplib
                0x00003a38       0x50 c:/program files (x86)/atmel/atmel toolchain/avr8 gcc/native/3.4.1056/avr8-gnu-toolchain/bin/../lib/gcc/avr/4.8.1/../../../../avr/lib/avr6\libm.a(fp_rempio2.o)
                0x00003a3a                __fp_rempio2
 .text.avr-libc.fplib
                0x00003a88       0x22 c:/program files (x86)/atmel/atmel toolchain/avr8 gcc/native/3.4.1056/avr8-gnu-toolchain/bin/../lib/gcc/avr/4.8.1/../../../../avr/lib/avr6\libm.a(fp_round.o)
                0x00003a88                __fp_round
 .text.avr-libc.fplib
                0x00003aaa       0x22 c:/program files (x86)/atmel/atmel toolchain/avr8 gcc/native/3.4.1056/avr8-gnu-toolchain/bin/../lib/gcc/avr/4.8.1/../../../../avr/lib/avr6\libm.a(fp_sinus.o)
                0x00003aaa                __fp_sinus
 .text.avr-libc.fplib
                0x00003acc       0x44 c:/program files (x86)/atmel/atmel toolchain/avr8 gcc/native/3.4.1056/avr8-gnu-toolchain/bin/../lib/gcc/avr/4.8.1/../../../../avr/lib/avr6\libm.a(fp_split3.o)
                0x00003acc                __fp_split3
                0x00003adc                __fp_splitA
 .text.avr-libc.fplib
                0x00003b10        0xe c:/program files (x86)/atmel/atmel toolchain/avr8 gcc/native/3.4.1056/avr8-gnu-toolchain/bin/../lib/gcc/avr/4.8.1/../../../../avr/lib/avr6\libm.a(fp_zero.o)
                0x00003b10                __fp_zero
                0x00003b12                __fp_szero
 .text.avr-libc.fplib
                0x00003b1e        0x8 c:/program files (x86)/atmel/atmel toolchain/avr8 gcc/native/3.4.1056/avr8-gnu-toolchain/bin/../lib/gcc/avr/4.8.1/../../../../avr/lib/avr6\libm.a(gesf2.o)
                0x00003b1e                __gesf2
                0x00003b1e                __gtsf2
 .text.avr-libc.fplib
                0x00003b26        0xe c:/program files (x86)/atmel/atmel toolchain/avr8 gcc/native/3.4.1056/avr8-gnu-toolchain/bin/../lib/gcc/avr/4.8.1/../../../../avr/lib/avr6\libm.a(inverse.o)
                0x00003b26                inverse
 .text.avr-libc.fplib
                0x00003b34        0x4 c:/program files (x86)/atmel/atmel toolchain/avr8 gcc/native/3.4.1056/avr8-gnu-toolchain/bin/../lib/gcc/avr/4.8.1/../../../../avr/lib/avr6\libm.a(mulsf3.o)
                0x00003b34                __mulsf3
 .text.avr-libc.fplib
                0x00003b38       0xc2 c:/program files (x86)/atmel/atmel toolchain/avr8 gcc/native/3.4.1056/avr8-gnu-toolchain/bin/../lib/gcc/avr/4.8.1/../../../../avr/lib/avr6\libm.a(mulsf3x.o)
                0x00003b4c                __mulsf3x
                0x00003b50                __mulsf3_pse
 .text.avr-libc.fplib
                0x00003bfa        0xc c:/program files (x86)/atmel/atmel toolchain/avr8 gcc/native/3.4.1056/avr8-gnu-toolchain/bin/../lib/gcc/avr/4.8.1/../../../../avr/lib/avr6\libm.a(sin.o)
                0x00003bfa                sin
 .text.avr-libc.fplib
                0x00003c06       0x84 c:/program files (x86)/atmel/atmel toolchain/avr8 gcc/native/3.4.1056/avr8-gnu-toolchain/bin/../lib/gcc/avr/4.8.1/../../../../avr/lib/avr6\libm.a(sqrt.o)
                0x00003c0e                sqrt
 .text.avr-libc.fplib
                0x00003c8a        0x6 c:/program files (x86)/atmel/atmel toolchain/avr8 gcc/native/3.4.1056/avr8-gnu-toolchain/bin/../lib/gcc/avr/4.8.1/../../../../avr/lib/avr6\libm.a(square.o)
                0x00003c8a                square
 .text.avr-libc.fplib
                0x00003c90        0xe c:/program files (x86)/atmel/atmel toolchain/avr8 gcc/native/3.4.1056/avr8-gnu-toolchain/bin/../lib/gcc/avr/4.8.1/../../../../avr/lib/avr6\libm.a(fp_norm2.o)
                0x00003c90                __fp_norm2
 .text.avr-libc.fplib
                0x00003c9e       0x22 c:/program files (x86)/atmel/atmel toolchain/avr8 gcc/native/3.4.1056/avr8-gnu-toolchain/bin/../lib/gcc/avr/4.8.1/../../../../avr/lib/avr6\libm.a(fp_powsodd.o)
                0x00003c9e                __fp_powsodd
 .text._ZN14HardwareSerial9availableEv
                0x00003cc0       0x20 ../../../Arduino/Arduino/Debug\libarduino.a(HardwareSerial.o)
                0x00003cc0                _ZN14HardwareSerial9availableEv
 .text._ZN14HardwareSerial4peekEv
                0x00003ce0       0x32 ../../../Arduino/Arduino/Debug\libarduino.a(HardwareSerial.o)
                0x00003ce0                _ZN14HardwareSerial4peekEv
 .text._ZN14HardwareSerial4readEv
                0x00003d12       0x42 ../../../Arduino/Arduino/Debug\libarduino.a(HardwareSerial.o)
                0x00003d12                _ZN14HardwareSerial4readEv
 .text._ZN14HardwareSerial5flushEv
                0x00003d54       0x16 ../../../Arduino/Arduino/Debug\libarduino.a(HardwareSerial.o)
                0x00003d54                _ZN14HardwareSerial5flushEv
 .text._ZN14HardwareSerial5writeEh
                0x00003d6a       0x8c ../../../Arduino/Arduino/Debug\libarduino.a(HardwareSerial.o)
                0x00003d6a                _ZN14HardwareSerial5writeEh
 .text.__vector_25
                0x00003df6       0x80 ../../../Arduino/Arduino/Debug\libarduino.a(HardwareSerial.o)
                0x00003df6                __vector_25
 .text.__vector_36
                0x00003e76       0x80 ../../../Arduino/Arduino/Debug\libarduino.a(HardwareSerial.o)
                0x00003e76                __vector_36
 .text.__vector_51
                0x00003ef6       0x80 ../../../Arduino/Arduino/Debug\libarduino.a(HardwareSerial.o)
                0x00003ef6                __vector_51
 .text.__vector_54
                0x00003f76       0x80 ../../../Arduino/Arduino/Debug\libarduino.a(HardwareSerial.o)
                0x00003f76                __vector_54
 .text.__vector_26
                0x00003ff6       0x7e ../../../Arduino/Arduino/Debug\libarduino.a(HardwareSerial.o)
                0x00003ff6                __vector_26
 .text.__vector_37
                0x00004074       0x7e ../../../Arduino/Arduino/Debug\libarduino.a(HardwareSerial.o)
                0x00004074                __vector_37
 .text.__vector_52
                0x000040f2       0x7e ../../../Arduino/Arduino/Debug\libarduino.a(HardwareSerial.o)
                0x000040f2                __vector_52
 .text.__vector_55
                0x00004170       0x7e ../../../Arduino/Arduino/Debug\libarduino.a(HardwareSerial.o)
                0x00004170                __vector_55
 .text._ZN14HardwareSerialC2EP11ring_bufferS1_PVhS3_S3_S3_S3_S3_hhhhh
                0x000041ee       0x88 ../../../Arduino/Arduino/Debug\libarduino.a(HardwareSerial.o)
                0x000041ee                _ZN14HardwareSerialC2EP11ring_bufferS1_PVhS3_S3_S3_S3_S3_hhhhh
                0x000041ee                _ZN14HardwareSerialC1EP11ring_bufferS1_PVhS3_S3_S3_S3_S3_hhhhh
 .text._ZN14HardwareSerial5beginEm
                0x00004276      0x106 ../../../Arduino/Arduino/Debug\libarduino.a(HardwareSerial.o)
                0x00004276                _ZN14HardwareSerial5beginEm
 .text._GLOBAL__sub_I_rx_buffer
                0x0000437c      0x18e ../../../Arduino/Arduino/Debug\libarduino.a(HardwareSerial.o)
 .text._ZN5Print5writeEPKhj
                0x0000450a       0x5c ../../../Arduino/Arduino/Debug\libarduino.a(Print.o)
                0x0000450a                _ZN5Print5writeEPKhj
 .text._ZN5Print5printEPK19__FlashStringHelper
                0x00004566       0x50 ../../../Arduino/Arduino/Debug\libarduino.a(Print.o)
                0x00004566                _ZN5Print5printEPK19__FlashStringHelper
 .text._ZN5Print5printERK6String
                0x000045b6       0x7a ../../../Arduino/Arduino/Debug\libarduino.a(Print.o)
                0x000045b6                _ZN5Print5printERK6String
 .text._ZN5Print5printEPKc
                0x00004630       0x2c ../../../Arduino/Arduino/Debug\libarduino.a(Print.o)
                0x00004630                _ZN5Print5printEPKc
 .text._ZN5Print5printEc
                0x0000465c       0x10 ../../../Arduino/Arduino/Debug\libarduino.a(Print.o)
                0x0000465c                _ZN5Print5printEc
 .text._ZN5Print7printlnEv
                0x0000466c       0x24 ../../../Arduino/Arduino/Debug\libarduino.a(Print.o)
                0x0000466c                _ZN5Print7printlnEv
 .text._ZN5Print7printlnEPK19__FlashStringHelper
                0x00004690       0x20 ../../../Arduino/Arduino/Debug\libarduino.a(Print.o)
                0x00004690                _ZN5Print7printlnEPK19__FlashStringHelper
 .text._ZN5Print7printlnERK6String
                0x000046b0       0x20 ../../../Arduino/Arduino/Debug\libarduino.a(Print.o)
                0x000046b0                _ZN5Print7printlnERK6String
 .text._ZN5Print7printlnEPKc
                0x000046d0       0x20 ../../../Arduino/Arduino/Debug\libarduino.a(Print.o)
                0x000046d0                _ZN5Print7printlnEPKc
 .text._ZN5Print11printNumberEmh
                0x000046f0       0xf4 ../../../Arduino/Arduino/Debug\libarduino.a(Print.o)
                0x000046f0                _ZN5Print11printNumberEmh
 .text._ZN5Print5printEmi
                0x000047e4       0x1c ../../../Arduino/Arduino/Debug\libarduino.a(Print.o)
                0x000047e4                _ZN5Print5printEmi
 .text._ZN5Print5printEji
                0x00004800        0xc ../../../Arduino/Arduino/Debug\libarduino.a(Print.o)
                0x00004800                _ZN5Print5printEji
 .text._ZN5Print7printlnEhi
                0x0000480c       0x2a ../../../Arduino/Arduino/Debug\libarduino.a(Print.o)
                0x0000480c                _ZN5Print7printlnEhi
 .text.__vector_23
                0x00004836       0x94 ../../../Arduino/Arduino/Debug\libarduino.a(wiring.o)
                0x00004836                __vector_23
 .text.millis   0x000048ca       0x18 ../../../Arduino/Arduino/Debug\libarduino.a(wiring.o)
                0x000048ca                millis
 .text.micros   0x000048e2       0x4c ../../../Arduino/Arduino/Debug\libarduino.a(wiring.o)
                0x000048e2                micros
 .text.delay    0x0000492e       0x50 ../../../Arduino/Arduino/Debug\libarduino.a(wiring.o)
                0x0000492e                delay
 .text.delayMicroseconds
                0x0000497e       0x16 ../../../Arduino/Arduino/Debug\libarduino.a(wiring.o)
                0x0000497e                delayMicroseconds
 .text.init     0x00004994       0xc4 ../../../Arduino/Arduino/Debug\libarduino.a(wiring.o)
                0x00004994                init
 .text.turnOffPWM
                0x00004a58       0xc0 ../../../Arduino/Arduino/Debug\libarduino.a(wiring_digital.o)
 .text.digitalWrite
                0x00004b18       0x60 ../../../Arduino/Arduino/Debug\libarduino.a(wiring_digital.o)
                0x00004b18                digitalWrite
 .text._ZN6StringD2Ev
                0x00004b78        0xa ../../../Arduino/Arduino/Debug\libarduino.a(WString.o)
                0x00004b78                _ZN6StringD2Ev
                0x00004b78                _ZN6StringD1Ev
 .text._ZN6String10invalidateEv
                0x00004b82       0x22 ../../../Arduino/Arduino/Debug\libarduino.a(WString.o)
                0x00004b82                _ZN6String10invalidateEv
 .text._ZN6String12changeBufferEj
                0x00004ba4       0x32 ../../../Arduino/Arduino/Debug\libarduino.a(WString.o)
                0x00004ba4                _ZN6String12changeBufferEj
 .text._ZN6String7reserveEj
                0x00004bd6       0x3e ../../../Arduino/Arduino/Debug\libarduino.a(WString.o)
                0x00004bd6                _ZN6String7reserveEj
 .text._ZN6String4copyEPKcj
                0x00004c14       0x3c ../../../Arduino/Arduino/Debug\libarduino.a(WString.o)
                0x00004c14                _ZN6String4copyEPKcj
 .text._ZN6StringC2EPKc
                0x00004c50       0x28 ../../../Arduino/Arduino/Debug\libarduino.a(WString.o)
                0x00004c50                _ZN6StringC2EPKc
                0x00004c50                _ZN6StringC1EPKc
 .text._ZNK6StringixEj
                0x00004c78       0x26 ../../../Arduino/Arduino/Debug\libarduino.a(WString.o)
                0x00004c78                _ZNK6StringixEj
 .text.libgcc.div
                0x00004c9e       0x28 c:/program files (x86)/atmel/atmel toolchain/avr8 gcc/native/3.4.1056/avr8-gnu-toolchain/bin/../lib/gcc/avr/4.8.1/avr6\libgcc.a(_udivmodhi4.o)
                0x00004c9e                __udivmodhi4
 .text.libgcc.div
                0x00004cc6       0x44 c:/program files (x86)/atmel/atmel toolchain/avr8 gcc/native/3.4.1056/avr8-gnu-toolchain/bin/../lib/gcc/avr/4.8.1/avr6\libgcc.a(_udivmodsi4.o)
                0x00004cc6                __udivmodsi4
 .text.libgcc   0x00004d0a        0xc c:/program files (x86)/atmel/atmel toolchain/avr8 gcc/native/3.4.1056/avr8-gnu-toolchain/bin/../lib/gcc/avr/4.8.1/avr6\libgcc.a(_tablejump.o)
                0x00004d0a                __tablejump2__
                0x00004d0e                __tablejump__
 .text.libgcc   0x00004d16        0x8 c:/program files (x86)/atmel/atmel toolchain/avr8 gcc/native/3.4.1056/avr8-gnu-toolchain/bin/../lib/gcc/avr/4.8.1/avr6\libgcc.a(_tablejump_elpm.o)
                0x00004d16                __tablejump_elpm__
 .text.avr-libc
                0x00004d1e       0x40 c:/program files (x86)/atmel/atmel toolchain/avr8 gcc/native/3.4.1056/avr8-gnu-toolchain/bin/../lib/gcc/avr/4.8.1/../../../../avr/lib/avr6\libc.a(dtostrf.o)
                0x00004d1e                dtostrf
 .text.avr-libc
                0x00004d5e      0x24e c:/program files (x86)/atmel/atmel toolchain/avr8 gcc/native/3.4.1056/avr8-gnu-toolchain/bin/../lib/gcc/avr/4.8.1/../../../../avr/lib/avr6\libc.a(malloc.o)
                0x00004d5e                malloc
                0x00004e8e                free
 .text.avr-libc
                0x00004fac      0x1c8 c:/program files (x86)/atmel/atmel toolchain/avr8 gcc/native/3.4.1056/avr8-gnu-toolchain/bin/../lib/gcc/avr/4.8.1/../../../../avr/lib/avr6\libc.a(realloc.o)
                0x00004fac                realloc
 .text.avr-libc
                0x00005174       0x12 c:/program files (x86)/atmel/atmel toolchain/avr8 gcc/native/3.4.1056/avr8-gnu-toolchain/bin/../lib/gcc/avr/4.8.1/../../../../avr/lib/avr6\libc.a(memcpy.o)
                0x00005174                memcpy
 .text.avr-libc
                0x00005186       0x16 c:/program files (x86)/atmel/atmel toolchain/avr8 gcc/native/3.4.1056/avr8-gnu-toolchain/bin/../lib/gcc/avr/4.8.1/../../../../avr/lib/avr6\libc.a(strcat.o)
                0x00005186                strcat
 .text.avr-libc
                0x0000519c        0xe c:/program files (x86)/atmel/atmel toolchain/avr8 gcc/native/3.4.1056/avr8-gnu-toolchain/bin/../lib/gcc/avr/4.8.1/../../../../avr/lib/avr6\libc.a(strcpy.o)
                0x0000519c                strcpy
 .text.avr-libc
                0x000051aa      0x2fa c:/program files (x86)/atmel/atmel toolchain/avr8 gcc/native/3.4.1056/avr8-gnu-toolchain/bin/../lib/gcc/avr/4.8.1/../../../../avr/lib/avr6\libc.a(dtoa_prf.o)
                0x000051aa                dtoa_prf
 .text.avr-libc
                0x000054a4      0x1b0 c:/program files (x86)/atmel/atmel toolchain/avr8 gcc/native/3.4.1056/avr8-gnu-toolchain/bin/../lib/gcc/avr/4.8.1/../../../../avr/lib/avr6\libc.a(ftoa_engine.o)
                0x000054a4                __ftoa_engine
                0x00005654                . = ALIGN (0x2)
 *(.fini9)
 .fini9         0x00005654        0x0 c:/program files (x86)/atmel/atmel toolchain/avr8 gcc/native/3.4.1056/avr8-gnu-toolchain/bin/../lib/gcc/avr/4.8.1/avr6\libgcc.a(_exit.o)
                0x00005654                _exit
                0x00005654                exit
 *(.fini9)
 *(.fini8)
 *(.fini8)
 *(.fini7)
 *(.fini7)
 *(.fini6)
 *(.fini6)
 *(.fini5)
 *(.fini5)
 *(.fini4)
 *(.fini4)
 *(.fini3)
 *(.fini3)
 *(.fini2)
 *(.fini2)
 *(.fini1)
 *(.fini1)
 *(.fini0)
 .fini0         0x00005654        0x4 c:/program files (x86)/atmel/atmel toolchain/avr8 gcc/native/3.4.1056/avr8-gnu-toolchain/bin/../lib/gcc/avr/4.8.1/avr6\libgcc.a(_exit.o)
 *(.fini0)
                0x00005658                _etext = .

.data           0x00800200      0x116 load address 0x00005658
                0x00800200                PROVIDE (__data_start, .)
 *(.data)
 .data          0x00800200        0x0 c:/program files (x86)/atmel/atmel toolchain/avr8 gcc/native/3.4.1056/avr8-gnu-toolchain/bin/../lib/gcc/avr/4.8.1/../../../../avr/lib/avr6/crtm2560.o
 .data          0x00800200        0x0 FreeRTOS2560.o
 .data          0x00800200        0x0 heap_1.o
 .data          0x00800200        0x0 I2Cdev.o
 .data          0x00800200        0x0 list.o
 .data          0x00800200        0x0 MPU6050.o
 .data          0x00800200        0x0 NewPing.o
 .data          0x00800200        0x0 port.o
 .data          0x00800200        0x0 queue.o
 .data          0x00800200        0x0 tasks.o
 .data          0x00800200        0x0 twi.o
 .data          0x00800200        0x0 Wire.o
 .data          0x00800200        0x0 c:/program files (x86)/atmel/atmel toolchain/avr8 gcc/native/3.4.1056/avr8-gnu-toolchain/bin/../lib/gcc/avr/4.8.1/../../../../avr/lib/avr6\libm.a(addsf3.o)
 .data          0x00800200        0x0 c:/program files (x86)/atmel/atmel toolchain/avr8 gcc/native/3.4.1056/avr8-gnu-toolchain/bin/../lib/gcc/avr/4.8.1/../../../../avr/lib/avr6\libm.a(addsf3x.o)
 .data          0x00800200        0x0 c:/program files (x86)/atmel/atmel toolchain/avr8 gcc/native/3.4.1056/avr8-gnu-toolchain/bin/../lib/gcc/avr/4.8.1/../../../../avr/lib/avr6\libm.a(atan2.o)
 .data          0x00800200        0x0 c:/program files (x86)/atmel/atmel toolchain/avr8 gcc/native/3.4.1056/avr8-gnu-toolchain/bin/../lib/gcc/avr/4.8.1/../../../../avr/lib/avr6\libm.a(atan.o)
 .data          0x00800200        0x0 c:/program files (x86)/atmel/atmel toolchain/avr8 gcc/native/3.4.1056/avr8-gnu-toolchain/bin/../lib/gcc/avr/4.8.1/../../../../avr/lib/avr6\libm.a(cmpsf2.o)
 .data          0x00800200        0x0 c:/program files (x86)/atmel/atmel toolchain/avr8 gcc/native/3.4.1056/avr8-gnu-toolchain/bin/../lib/gcc/avr/4.8.1/../../../../avr/lib/avr6\libm.a(cos.o)
 .data          0x00800200        0x0 c:/program files (x86)/atmel/atmel toolchain/avr8 gcc/native/3.4.1056/avr8-gnu-toolchain/bin/../lib/gcc/avr/4.8.1/../../../../avr/lib/avr6\libm.a(divsf3.o)
 .data          0x00800200        0x0 c:/program files (x86)/atmel/atmel toolchain/avr8 gcc/native/3.4.1056/avr8-gnu-toolchain/bin/../lib/gcc/avr/4.8.1/../../../../avr/lib/avr6\libm.a(divsf3x.o)
 .data          0x00800200        0x0 c:/program files (x86)/atmel/atmel toolchain/avr8 gcc/native/3.4.1056/avr8-gnu-toolchain/bin/../lib/gcc/avr/4.8.1/../../../../avr/lib/avr6\libm.a(fixsfsi.o)
 .data          0x00800200        0x0 c:/program files (x86)/atmel/atmel toolchain/avr8 gcc/native/3.4.1056/avr8-gnu-toolchain/bin/../lib/gcc/avr/4.8.1/../../../../avr/lib/avr6\libm.a(fixunssfsi.o)
 .data          0x00800200        0x0 c:/program files (x86)/atmel/atmel toolchain/avr8 gcc/native/3.4.1056/avr8-gnu-toolchain/bin/../lib/gcc/avr/4.8.1/../../../../avr/lib/avr6\libm.a(floatsisf.o)
 .data          0x00800200        0x0 c:/program files (x86)/atmel/atmel toolchain/avr8 gcc/native/3.4.1056/avr8-gnu-toolchain/bin/../lib/gcc/avr/4.8.1/../../../../avr/lib/avr6\libm.a(fmod.o)
 .data          0x00800200        0x0 c:/program files (x86)/atmel/atmel toolchain/avr8 gcc/native/3.4.1056/avr8-gnu-toolchain/bin/../lib/gcc/avr/4.8.1/../../../../avr/lib/avr6\libm.a(fp_cmp.o)
 .data          0x00800200        0x0 c:/program files (x86)/atmel/atmel toolchain/avr8 gcc/native/3.4.1056/avr8-gnu-toolchain/bin/../lib/gcc/avr/4.8.1/../../../../avr/lib/avr6\libm.a(fp_inf.o)
 .data          0x00800200        0x0 c:/program files (x86)/atmel/atmel toolchain/avr8 gcc/native/3.4.1056/avr8-gnu-toolchain/bin/../lib/gcc/avr/4.8.1/../../../../avr/lib/avr6\libm.a(fp_mpack.o)
 .data          0x00800200        0x0 c:/program files (x86)/atmel/atmel toolchain/avr8 gcc/native/3.4.1056/avr8-gnu-toolchain/bin/../lib/gcc/avr/4.8.1/../../../../avr/lib/avr6\libm.a(fp_nan.o)
 .data          0x00800200        0x0 c:/program files (x86)/atmel/atmel toolchain/avr8 gcc/native/3.4.1056/avr8-gnu-toolchain/bin/../lib/gcc/avr/4.8.1/../../../../avr/lib/avr6\libm.a(fp_powser.o)
 .data          0x00800200        0x0 c:/program files (x86)/atmel/atmel toolchain/avr8 gcc/native/3.4.1056/avr8-gnu-toolchain/bin/../lib/gcc/avr/4.8.1/../../../../avr/lib/avr6\libm.a(fp_pscA.o)
 .data          0x00800200        0x0 c:/program files (x86)/atmel/atmel toolchain/avr8 gcc/native/3.4.1056/avr8-gnu-toolchain/bin/../lib/gcc/avr/4.8.1/../../../../avr/lib/avr6\libm.a(fp_pscB.o)
 .data          0x00800200        0x0 c:/program files (x86)/atmel/atmel toolchain/avr8 gcc/native/3.4.1056/avr8-gnu-toolchain/bin/../lib/gcc/avr/4.8.1/../../../../avr/lib/avr6\libm.a(fp_rempio2.o)
 .data          0x00800200        0x0 c:/program files (x86)/atmel/atmel toolchain/avr8 gcc/native/3.4.1056/avr8-gnu-toolchain/bin/../lib/gcc/avr/4.8.1/../../../../avr/lib/avr6\libm.a(fp_round.o)
 .data          0x00800200        0x0 c:/program files (x86)/atmel/atmel toolchain/avr8 gcc/native/3.4.1056/avr8-gnu-toolchain/bin/../lib/gcc/avr/4.8.1/../../../../avr/lib/avr6\libm.a(fp_sinus.o)
 .data          0x00800200        0x0 c:/program files (x86)/atmel/atmel toolchain/avr8 gcc/native/3.4.1056/avr8-gnu-toolchain/bin/../lib/gcc/avr/4.8.1/../../../../avr/lib/avr6\libm.a(fp_split3.o)
 .data          0x00800200        0x0 c:/program files (x86)/atmel/atmel toolchain/avr8 gcc/native/3.4.1056/avr8-gnu-toolchain/bin/../lib/gcc/avr/4.8.1/../../../../avr/lib/avr6\libm.a(fp_zero.o)
 .data          0x00800200        0x0 c:/program files (x86)/atmel/atmel toolchain/avr8 gcc/native/3.4.1056/avr8-gnu-toolchain/bin/../lib/gcc/avr/4.8.1/../../../../avr/lib/avr6\libm.a(gesf2.o)
 .data          0x00800200        0x0 c:/program files (x86)/atmel/atmel toolchain/avr8 gcc/native/3.4.1056/avr8-gnu-toolchain/bin/../lib/gcc/avr/4.8.1/../../../../avr/lib/avr6\libm.a(inverse.o)
 .data          0x00800200        0x0 c:/program files (x86)/atmel/atmel toolchain/avr8 gcc/native/3.4.1056/avr8-gnu-toolchain/bin/../lib/gcc/avr/4.8.1/../../../../avr/lib/avr6\libm.a(mulsf3.o)
 .data          0x00800200        0x0 c:/program files (x86)/atmel/atmel toolchain/avr8 gcc/native/3.4.1056/avr8-gnu-toolchain/bin/../lib/gcc/avr/4.8.1/../../../../avr/lib/avr6\libm.a(mulsf3x.o)
 .data          0x00800200        0x0 c:/program files (x86)/atmel/atmel toolchain/avr8 gcc/native/3.4.1056/avr8-gnu-toolchain/bin/../lib/gcc/avr/4.8.1/../../../../avr/lib/avr6\libm.a(sin.o)
 .data          0x00800200        0x0 c:/program files (x86)/atmel/atmel toolchain/avr8 gcc/native/3.4.1056/avr8-gnu-toolchain/bin/../lib/gcc/avr/4.8.1/../../../../avr/lib/avr6\libm.a(sqrt.o)
 .data          0x00800200        0x0 c:/program files (x86)/atmel/atmel toolchain/avr8 gcc/native/3.4.1056/avr8-gnu-toolchain/bin/../lib/gcc/avr/4.8.1/../../../../avr/lib/avr6\libm.a(square.o)
 .data          0x00800200        0x0 c:/program files (x86)/atmel/atmel toolchain/avr8 gcc/native/3.4.1056/avr8-gnu-toolchain/bin/../lib/gcc/avr/4.8.1/../../../../avr/lib/avr6\libm.a(fp_norm2.o)
 .data          0x00800200        0x0 c:/program files (x86)/atmel/atmel toolchain/avr8 gcc/native/3.4.1056/avr8-gnu-toolchain/bin/../lib/gcc/avr/4.8.1/../../../../avr/lib/avr6\libm.a(fp_powsodd.o)
 .data          0x00800200        0x0 ../../../Arduino/Arduino/Debug\libarduino.a(HardwareSerial.o)
 .data          0x00800200        0x0 ../../../Arduino/Arduino/Debug\libarduino.a(new.o)
 .data          0x00800200        0x0 ../../../Arduino/Arduino/Debug\libarduino.a(Print.o)
 .data          0x00800200        0x0 ../../../Arduino/Arduino/Debug\libarduino.a(wiring.o)
 .data          0x00800200        0x0 ../../../Arduino/Arduino/Debug\libarduino.a(wiring_digital.o)
 .data          0x00800200        0x0 ../../../Arduino/Arduino/Debug\libarduino.a(WString.o)
 .data          0x00800200        0x0 c:/program files (x86)/atmel/atmel toolchain/avr8 gcc/native/3.4.1056/avr8-gnu-toolchain/bin/../lib/gcc/avr/4.8.1/../../../../avr/lib/avr6\libm.a(unordsf2.o)
 .data          0x00800200        0x0 c:/program files (x86)/atmel/atmel toolchain/avr8 gcc/native/3.4.1056/avr8-gnu-toolchain/bin/../lib/gcc/avr/4.8.1/avr6\libgcc.a(_udivmodhi4.o)
 .data          0x00800200        0x0 c:/program files (x86)/atmel/atmel toolchain/avr8 gcc/native/3.4.1056/avr8-gnu-toolchain/bin/../lib/gcc/avr/4.8.1/avr6\libgcc.a(_udivmodsi4.o)
 .data          0x00800200        0x0 c:/program files (x86)/atmel/atmel toolchain/avr8 gcc/native/3.4.1056/avr8-gnu-toolchain/bin/../lib/gcc/avr/4.8.1/avr6\libgcc.a(_exit.o)
 .data          0x00800200        0x0 c:/program files (x86)/atmel/atmel toolchain/avr8 gcc/native/3.4.1056/avr8-gnu-toolchain/bin/../lib/gcc/avr/4.8.1/avr6\libgcc.a(_tablejump.o)
 .data          0x00800200        0x0 c:/program files (x86)/atmel/atmel toolchain/avr8 gcc/native/3.4.1056/avr8-gnu-toolchain/bin/../lib/gcc/avr/4.8.1/avr6\libgcc.a(_copy_data.o)
 .data          0x00800200        0x0 c:/program files (x86)/atmel/atmel toolchain/avr8 gcc/native/3.4.1056/avr8-gnu-toolchain/bin/../lib/gcc/avr/4.8.1/avr6\libgcc.a(_clear_bss.o)
 .data          0x00800200        0x0 c:/program files (x86)/atmel/atmel toolchain/avr8 gcc/native/3.4.1056/avr8-gnu-toolchain/bin/../lib/gcc/avr/4.8.1/avr6\libgcc.a(_ctors.o)
 .data          0x00800200        0x0 c:/program files (x86)/atmel/atmel toolchain/avr8 gcc/native/3.4.1056/avr8-gnu-toolchain/bin/../lib/gcc/avr/4.8.1/avr6\libgcc.a(_tablejump_elpm.o)
 .data          0x00800200        0x0 c:/program files (x86)/atmel/atmel toolchain/avr8 gcc/native/3.4.1056/avr8-gnu-toolchain/bin/../lib/gcc/avr/4.8.1/../../../../avr/lib/avr6\libc.a(dtostrf.o)
 .data          0x00800200        0x6 c:/program files (x86)/atmel/atmel toolchain/avr8 gcc/native/3.4.1056/avr8-gnu-toolchain/bin/../lib/gcc/avr/4.8.1/../../../../avr/lib/avr6\libc.a(malloc.o)
                0x00800200                __malloc_heap_end
                0x00800202                __malloc_heap_start
                0x00800204                __malloc_margin
 .data          0x00800206        0x0 c:/program files (x86)/atmel/atmel toolchain/avr8 gcc/native/3.4.1056/avr8-gnu-toolchain/bin/../lib/gcc/avr/4.8.1/../../../../avr/lib/avr6\libc.a(realloc.o)
 .data          0x00800206        0x0 c:/program files (x86)/atmel/atmel toolchain/avr8 gcc/native/3.4.1056/avr8-gnu-toolchain/bin/../lib/gcc/avr/4.8.1/../../../../avr/lib/avr6\libc.a(atof.o)
 .data          0x00800206        0x0 c:/program files (x86)/atmel/atmel toolchain/avr8 gcc/native/3.4.1056/avr8-gnu-toolchain/bin/../lib/gcc/avr/4.8.1/../../../../avr/lib/avr6\libc.a(atol.o)
 .data          0x00800206        0x0 c:/program files (x86)/atmel/atmel toolchain/avr8 gcc/native/3.4.1056/avr8-gnu-toolchain/bin/../lib/gcc/avr/4.8.1/../../../../avr/lib/avr6\libc.a(isspace.o)
 .data          0x00800206        0x0 c:/program files (x86)/atmel/atmel toolchain/avr8 gcc/native/3.4.1056/avr8-gnu-toolchain/bin/../lib/gcc/avr/4.8.1/../../../../avr/lib/avr6\libc.a(tolower.o)
 .data          0x00800206        0x0 c:/program files (x86)/atmel/atmel toolchain/avr8 gcc/native/3.4.1056/avr8-gnu-toolchain/bin/../lib/gcc/avr/4.8.1/../../../../avr/lib/avr6\libc.a(toupper.o)
 .data          0x00800206        0x0 c:/program files (x86)/atmel/atmel toolchain/avr8 gcc/native/3.4.1056/avr8-gnu-toolchain/bin/../lib/gcc/avr/4.8.1/../../../../avr/lib/avr6\libc.a(strcpy_P.o)
 .data          0x00800206        0x0 c:/program files (x86)/atmel/atmel toolchain/avr8 gcc/native/3.4.1056/avr8-gnu-toolchain/bin/../lib/gcc/avr/4.8.1/../../../../avr/lib/avr6\libc.a(strlen_P.o)
 .data          0x00800206        0x0 c:/program files (x86)/atmel/atmel toolchain/avr8 gcc/native/3.4.1056/avr8-gnu-toolchain/bin/../lib/gcc/avr/4.8.1/../../../../avr/lib/avr6\libc.a(memcmp.o)
 .data          0x00800206        0x0 c:/program files (x86)/atmel/atmel toolchain/avr8 gcc/native/3.4.1056/avr8-gnu-toolchain/bin/../lib/gcc/avr/4.8.1/../../../../avr/lib/avr6\libc.a(memcpy.o)
 .data          0x00800206        0x0 c:/program files (x86)/atmel/atmel toolchain/avr8 gcc/native/3.4.1056/avr8-gnu-toolchain/bin/../lib/gcc/avr/4.8.1/../../../../avr/lib/avr6\libc.a(memmove.o)
 .data          0x00800206        0x0 c:/program files (x86)/atmel/atmel toolchain/avr8 gcc/native/3.4.1056/avr8-gnu-toolchain/bin/../lib/gcc/avr/4.8.1/../../../../avr/lib/avr6\libc.a(strcat.o)
 .data          0x00800206        0x0 c:/program files (x86)/atmel/atmel toolchain/avr8 gcc/native/3.4.1056/avr8-gnu-toolchain/bin/../lib/gcc/avr/4.8.1/../../../../avr/lib/avr6\libc.a(strchr.o)
 .data          0x00800206        0x0 c:/program files (x86)/atmel/atmel toolchain/avr8 gcc/native/3.4.1056/avr8-gnu-toolchain/bin/../lib/gcc/avr/4.8.1/../../../../avr/lib/avr6\libc.a(strcmp.o)
 .data          0x00800206        0x0 c:/program files (x86)/atmel/atmel toolchain/avr8 gcc/native/3.4.1056/avr8-gnu-toolchain/bin/../lib/gcc/avr/4.8.1/../../../../avr/lib/avr6\libc.a(strcpy.o)
 .data          0x00800206        0x0 c:/program files (x86)/atmel/atmel toolchain/avr8 gcc/native/3.4.1056/avr8-gnu-toolchain/bin/../lib/gcc/avr/4.8.1/../../../../avr/lib/avr6\libc.a(strncmp.o)
 .data          0x00800206        0x0 c:/program files (x86)/atmel/atmel toolchain/avr8 gcc/native/3.4.1056/avr8-gnu-toolchain/bin/../lib/gcc/avr/4.8.1/../../../../avr/lib/avr6\libc.a(strncpy.o)
 .data          0x00800206        0x0 c:/program files (x86)/atmel/atmel toolchain/avr8 gcc/native/3.4.1056/avr8-gnu-toolchain/bin/../lib/gcc/avr/4.8.1/../../../../avr/lib/avr6\libc.a(strrchr.o)
 .data          0x00800206        0x0 c:/program files (x86)/atmel/atmel toolchain/avr8 gcc/native/3.4.1056/avr8-gnu-toolchain/bin/../lib/gcc/avr/4.8.1/../../../../avr/lib/avr6\libc.a(strstr.o)
 .data          0x00800206        0x0 c:/program files (x86)/atmel/atmel toolchain/avr8 gcc/native/3.4.1056/avr8-gnu-toolchain/bin/../lib/gcc/avr/4.8.1/../../../../avr/lib/avr6\libc.a(itoa.o)
 .data          0x00800206        0x0 c:/program files (x86)/atmel/atmel toolchain/avr8 gcc/native/3.4.1056/avr8-gnu-toolchain/bin/../lib/gcc/avr/4.8.1/../../../../avr/lib/avr6\libc.a(itoa_ncheck.o)
 .data          0x00800206        0x0 c:/program files (x86)/atmel/atmel toolchain/avr8 gcc/native/3.4.1056/avr8-gnu-toolchain/bin/../lib/gcc/avr/4.8.1/../../../../avr/lib/avr6\libc.a(ltoa.o)
 .data          0x00800206        0x0 c:/program files (x86)/atmel/atmel toolchain/avr8 gcc/native/3.4.1056/avr8-gnu-toolchain/bin/../lib/gcc/avr/4.8.1/../../../../avr/lib/avr6\libc.a(ltoa_ncheck.o)
 .data          0x00800206        0x0 c:/program files (x86)/atmel/atmel toolchain/avr8 gcc/native/3.4.1056/avr8-gnu-toolchain/bin/../lib/gcc/avr/4.8.1/../../../../avr/lib/avr6\libc.a(mulsi10.o)
 .data          0x00800206        0x0 c:/program files (x86)/atmel/atmel toolchain/avr8 gcc/native/3.4.1056/avr8-gnu-toolchain/bin/../lib/gcc/avr/4.8.1/../../../../avr/lib/avr6\libc.a(ultoa.o)
 .data          0x00800206        0x0 c:/program files (x86)/atmel/atmel toolchain/avr8 gcc/native/3.4.1056/avr8-gnu-toolchain/bin/../lib/gcc/avr/4.8.1/../../../../avr/lib/avr6\libc.a(ultoa_ncheck.o)
 .data          0x00800206        0x0 c:/program files (x86)/atmel/atmel toolchain/avr8 gcc/native/3.4.1056/avr8-gnu-toolchain/bin/../lib/gcc/avr/4.8.1/../../../../avr/lib/avr6\libc.a(utoa.o)
 .data          0x00800206        0x0 c:/program files (x86)/atmel/atmel toolchain/avr8 gcc/native/3.4.1056/avr8-gnu-toolchain/bin/../lib/gcc/avr/4.8.1/../../../../avr/lib/avr6\libc.a(utoa_ncheck.o)
 .data          0x00800206        0x0 c:/program files (x86)/atmel/atmel toolchain/avr8 gcc/native/3.4.1056/avr8-gnu-toolchain/bin/../lib/gcc/avr/4.8.1/../../../../avr/lib/avr6\libc.a(dtoa_prf.o)
 .data          0x00800206        0x0 c:/program files (x86)/atmel/atmel toolchain/avr8 gcc/native/3.4.1056/avr8-gnu-toolchain/bin/../lib/gcc/avr/4.8.1/../../../../avr/lib/avr6\libc.a(strtod.o)
 .data          0x00800206        0x0 c:/program files (x86)/atmel/atmel toolchain/avr8 gcc/native/3.4.1056/avr8-gnu-toolchain/bin/../lib/gcc/avr/4.8.1/../../../../avr/lib/avr6\libc.a(ftoa_engine.o)
 .data          0x00800206        0x0 c:/program files (x86)/atmel/atmel toolchain/avr8 gcc/native/3.4.1056/avr8-gnu-toolchain/bin/../lib/gcc/avr/4.8.1/../../../../avr/lib/avr6\libc.a(cty_isfalse.o)
 .data          0x00800206        0x0 c:/program files (x86)/atmel/atmel toolchain/avr8 gcc/native/3.4.1056/avr8-gnu-toolchain/bin/../lib/gcc/avr/4.8.1/../../../../avr/lib/avr6\libc.a(strncasecmp_P.o)
 .data          0x00800206        0x0 c:/program files (x86)/atmel/atmel toolchain/avr8 gcc/native/3.4.1056/avr8-gnu-toolchain/bin/../lib/gcc/avr/4.8.1/../../../../avr/lib/avr6\libc.a(strrev.o)
 .data          0x00800206        0x0 c:/program files (x86)/atmel/atmel toolchain/avr8 gcc/native/3.4.1056/avr8-gnu-toolchain/bin/../lib/gcc/avr/4.8.1/../../../../avr/lib/avr6\libc.a(errno.o)
 .data          0x00800206        0x0 c:/program files (x86)/atmel/atmel toolchain/avr8 gcc/native/3.4.1056/avr8-gnu-toolchain/bin/../lib/gcc/avr/4.8.1/avr6\libgcc.a(_muluhisi3.o)
 .data          0x00800206        0x0 c:/program files (x86)/atmel/atmel toolchain/avr8 gcc/native/3.4.1056/avr8-gnu-toolchain/bin/../lib/gcc/avr/4.8.1/avr6\libgcc.a(_umulhisi3.o)
 *(.data*)
 .data.magOffset
                0x00800206        0xc FreeRTOS2560.o
                0x00800206                magOffset
 .data.xNextTaskUnblockTime
                0x00800212        0x2 tasks.o
 *(.rodata)
 *(.rodata*)
 .rodata.str1.1
                0x00800214       0xdc FreeRTOS2560.o
                                 0xdd (size before relaxing)
 .rodata.str1.1
                0x008002f0        0x5 tasks.o
 .rodata._ZTV7TwoWire
                0x008002f5       0x10 Wire.o
                0x008002f5                _ZTV7TwoWire
 .rodata._ZTV14HardwareSerial
                0x00800305       0x10 ../../../Arduino/Arduino/Debug\libarduino.a(HardwareSerial.o)
                0x00800305                _ZTV14HardwareSerial
 *(.gnu.linkonce.d*)
                0x00800316                . = ALIGN (0x2)
 *fill*         0x00800315        0x1 
                0x00800316                _edata = .
                0x00800316                PROVIDE (__data_end, .)

.bss            0x00800316     0x191f
                0x00800316                PROVIDE (__bss_start, .)
 *(.bss)
 *(.bss*)
 .bss.magGain   0x00800316        0xc FreeRTOS2560.o
                0x00800316                magGain
 .bss.i2cData   0x00800322        0xe FreeRTOS2560.o
                0x00800322                i2cData
 .bss.timer     0x00800330        0x4 FreeRTOS2560.o
                0x00800330                timer
 .bss.kalAngleZ
                0x00800334        0x4 FreeRTOS2560.o
                0x00800334                kalAngleZ
 .bss.kalAngleY
                0x00800338        0x4 FreeRTOS2560.o
                0x00800338                kalAngleY
 .bss.kalAngleX
                0x0080033c        0x4 FreeRTOS2560.o
                0x0080033c                kalAngleX
 .bss.compAngleZ
                0x00800340        0x4 FreeRTOS2560.o
                0x00800340                compAngleZ
 .bss.compAngleY
                0x00800344        0x4 FreeRTOS2560.o
                0x00800344                compAngleY
 .bss.compAngleX
                0x00800348        0x4 FreeRTOS2560.o
                0x00800348                compAngleX
 .bss.gyroZangle
                0x0080034c        0x4 FreeRTOS2560.o
                0x0080034c                gyroZangle
 .bss.gyroYangle
                0x00800350        0x4 FreeRTOS2560.o
                0x00800350                gyroYangle
 .bss.gyroXangle
                0x00800354        0x4 FreeRTOS2560.o
                0x00800354                gyroXangle
 .bss.yaw       0x00800358        0x4 FreeRTOS2560.o
                0x00800358                yaw
 .bss.pitch     0x0080035c        0x4 FreeRTOS2560.o
                0x0080035c                pitch
 .bss.roll      0x00800360        0x4 FreeRTOS2560.o
                0x00800360                roll
 .bss.tempRaw   0x00800364        0x2 FreeRTOS2560.o
                0x00800364                tempRaw
 .bss.magZ      0x00800366        0x4 FreeRTOS2560.o
                0x00800366                magZ
 .bss.magY      0x0080036a        0x4 FreeRTOS2560.o
                0x0080036a                magY
 .bss.magX      0x0080036e        0x4 FreeRTOS2560.o
                0x0080036e                magX
 .bss.gyroZ     0x00800372        0x4 FreeRTOS2560.o
                0x00800372                gyroZ
 .bss.gyroY     0x00800376        0x4 FreeRTOS2560.o
                0x00800376                gyroY
 .bss.gyroX     0x0080037a        0x4 FreeRTOS2560.o
                0x0080037a                gyroX
 .bss.accZ      0x0080037e        0x4 FreeRTOS2560.o
                0x0080037e                accZ
 .bss.accY      0x00800382        0x4 FreeRTOS2560.o
                0x00800382                accY
 .bss.accX      0x00800386        0x4 FreeRTOS2560.o
                0x00800386                accX
 .bss.kalmanZ   0x0080038a       0x38 FreeRTOS2560.o
                0x0080038a                kalmanZ
 .bss.kalmanY   0x008003c2       0x38 FreeRTOS2560.o
                0x008003c2                kalmanY
 .bss.kalmanX   0x008003fa       0x38 FreeRTOS2560.o
                0x008003fa                kalmanX
 .bss.printing_semphr
                0x00800432        0x2 FreeRTOS2560.o
                0x00800432                printing_semphr
 .bss.sonar2    0x00800434       0x12 FreeRTOS2560.o
                0x00800434                sonar2
 .bss.sonar1    0x00800446       0x12 FreeRTOS2560.o
                0x00800446                sonar1
 .bss.pucAlignedHeap.1837
                0x00800458        0x2 heap_1.o
 .bss.xNextFreeByte
                0x0080045a        0x2 heap_1.o
 .bss.ucHeap    0x0080045c     0x1400 heap_1.o
 .bss.intFunc   0x0080185c        0x2 NewPing.o
                0x0080185c                intFunc
 .bss.uxSchedulerSuspended
                0x0080185e        0x1 tasks.o
 .bss.uxTaskNumber
                0x0080185f        0x1 tasks.o
 .bss.xNumOfOverflows
                0x00801860        0x1 tasks.o
 .bss.xYieldPending
                0x00801861        0x1 tasks.o
 .bss.uxPendedTicks
                0x00801862        0x1 tasks.o
 .bss.xSchedulerRunning
                0x00801863        0x1 tasks.o
 .bss.uxTopReadyPriority
                0x00801864        0x1 tasks.o
 .bss.xTickCount
                0x00801865        0x2 tasks.o
 .bss.uxCurrentNumberOfTasks
                0x00801867        0x1 tasks.o
 .bss.xSuspendedTaskList
                0x00801868        0x9 tasks.o
 .bss.uxTasksDeleted
                0x00801871        0x1 tasks.o
 .bss.xTasksWaitingTermination
                0x00801872        0x9 tasks.o
 .bss.xPendingReadyList
                0x0080187b        0x9 tasks.o
 .bss.pxOverflowDelayedTaskList
                0x00801884        0x2 tasks.o
 .bss.pxDelayedTaskList
                0x00801886        0x2 tasks.o
 .bss.xDelayedTaskList2
                0x00801888        0x9 tasks.o
 .bss.xDelayedTaskList1
                0x00801891        0x9 tasks.o
 .bss.pxReadyTasksLists
                0x0080189a       0x24 tasks.o
 .bss.pxCurrentTCB
                0x008018be        0x2 tasks.o
                0x008018be                pxCurrentTCB
 .bss.twi_error
                0x008018c0        0x1 twi.o
 .bss.twi_rxBufferIndex
                0x008018c1        0x1 twi.o
 .bss.twi_rxBuffer
                0x008018c2       0x20 twi.o
 .bss.twi_txBufferLength
                0x008018e2        0x1 twi.o
 .bss.twi_txBufferIndex
                0x008018e3        0x1 twi.o
 .bss.twi_txBuffer
                0x008018e4       0x20 twi.o
 .bss.twi_masterBufferLength
                0x00801904        0x1 twi.o
 .bss.twi_masterBufferIndex
                0x00801905        0x1 twi.o
 .bss.twi_masterBuffer
                0x00801906       0x20 twi.o
 .bss.twi_onSlaveReceive
                0x00801926        0x2 twi.o
 .bss.twi_onSlaveTransmit
                0x00801928        0x2 twi.o
 .bss.twi_inRepStart
                0x0080192a        0x1 twi.o
 .bss.twi_sendStop
                0x0080192b        0x1 twi.o
 .bss.twi_slarw
                0x0080192c        0x1 twi.o
 .bss.twi_state
                0x0080192d        0x1 twi.o
 .bss.Wire      0x0080192e        0xc Wire.o
                0x0080192e                Wire
 .bss._ZN7TwoWire12transmittingE
                0x0080193a        0x1 Wire.o
                0x0080193a                _ZN7TwoWire12transmittingE
 .bss._ZN7TwoWire14txBufferLengthE
                0x0080193b        0x1 Wire.o
                0x0080193b                _ZN7TwoWire14txBufferLengthE
 .bss._ZN7TwoWire13txBufferIndexE
                0x0080193c        0x1 Wire.o
                0x0080193c                _ZN7TwoWire13txBufferIndexE
 .bss._ZN7TwoWire8txBufferE
                0x0080193d       0x20 Wire.o
                0x0080193d                _ZN7TwoWire8txBufferE
 .bss._ZN7TwoWire9txAddressE
                0x0080195d        0x1 Wire.o
                0x0080195d                _ZN7TwoWire9txAddressE
 .bss._ZN7TwoWire14rxBufferLengthE
                0x0080195e        0x1 Wire.o
                0x0080195e                _ZN7TwoWire14rxBufferLengthE
 .bss._ZN7TwoWire13rxBufferIndexE
                0x0080195f        0x1 Wire.o
                0x0080195f                _ZN7TwoWire13rxBufferIndexE
 .bss._ZN7TwoWire8rxBufferE
                0x00801960       0x20 Wire.o
                0x00801960                _ZN7TwoWire8rxBufferE
 .bss.Serial3   0x00801980       0x22 ../../../Arduino/Arduino/Debug\libarduino.a(HardwareSerial.o)
                0x00801980                Serial3
 .bss.Serial2   0x008019a2       0x22 ../../../Arduino/Arduino/Debug\libarduino.a(HardwareSerial.o)
                0x008019a2                Serial2
 .bss.Serial1   0x008019c4       0x22 ../../../Arduino/Arduino/Debug\libarduino.a(HardwareSerial.o)
                0x008019c4                Serial1
 .bss.Serial    0x008019e6       0x22 ../../../Arduino/Arduino/Debug\libarduino.a(HardwareSerial.o)
                0x008019e6                Serial
 .bss.tx_buffer3
                0x00801a08       0x44 ../../../Arduino/Arduino/Debug\libarduino.a(HardwareSerial.o)
                0x00801a08                tx_buffer3
 .bss.rx_buffer3
                0x00801a4c       0x44 ../../../Arduino/Arduino/Debug\libarduino.a(HardwareSerial.o)
                0x00801a4c                rx_buffer3
 .bss.tx_buffer2
                0x00801a90       0x44 ../../../Arduino/Arduino/Debug\libarduino.a(HardwareSerial.o)
                0x00801a90                tx_buffer2
 .bss.rx_buffer2
                0x00801ad4       0x44 ../../../Arduino/Arduino/Debug\libarduino.a(HardwareSerial.o)
                0x00801ad4                rx_buffer2
 .bss.tx_buffer1
                0x00801b18       0x44 ../../../Arduino/Arduino/Debug\libarduino.a(HardwareSerial.o)
                0x00801b18                tx_buffer1
 .bss.rx_buffer1
                0x00801b5c       0x44 ../../../Arduino/Arduino/Debug\libarduino.a(HardwareSerial.o)
                0x00801b5c                rx_buffer1
 .bss.tx_buffer
                0x00801ba0       0x44 ../../../Arduino/Arduino/Debug\libarduino.a(HardwareSerial.o)
                0x00801ba0                tx_buffer
 .bss.rx_buffer
                0x00801be4       0x44 ../../../Arduino/Arduino/Debug\libarduino.a(HardwareSerial.o)
                0x00801be4                rx_buffer
 .bss.timer0_fract
                0x00801c28        0x1 ../../../Arduino/Arduino/Debug\libarduino.a(wiring.o)
 .bss.timer0_millis
                0x00801c29        0x4 ../../../Arduino/Arduino/Debug\libarduino.a(wiring.o)
                0x00801c29                timer0_millis
 .bss.timer0_overflow_count
                0x00801c2d        0x4 ../../../Arduino/Arduino/Debug\libarduino.a(wiring.o)
                0x00801c2d                timer0_overflow_count
 *(COMMON)
 COMMON         0x00801c31        0x4 c:/program files (x86)/atmel/atmel toolchain/avr8 gcc/native/3.4.1056/avr8-gnu-toolchain/bin/../lib/gcc/avr/4.8.1/../../../../avr/lib/avr6\libc.a(malloc.o)
                0x00801c31                __brkval
                0x00801c33                __flp
                0x00801c35                PROVIDE (__bss_end, .)
                0x00005658                __data_load_start = LOADADDR (.data)
                0x0000576e                __data_load_end = (__data_load_start + SIZEOF (.data))

.noinit         0x00801c35        0x0
                0x00801c35                PROVIDE (__noinit_start, .)
 *(.noinit*)
                0x00801c35                PROVIDE (__noinit_end, .)
                0x00801c35                _end = .
                0x00801c35                PROVIDE (__heap_start, .)

.eeprom         0x00810000        0x0
 *(.eeprom*)
                0x00810000                __eeprom_end = .

.fuse
 *(.fuse)
 *(.lfuse)
 *(.hfuse)
 *(.efuse)

.lock
 *(.lock*)

.signature
 *(.signature*)

.user_signatures
 *(.user_signatures*)

.stab
 *(.stab)

.stabstr
 *(.stabstr)

.stab.excl
 *(.stab.excl)

.stab.exclstr
 *(.stab.exclstr)

.stab.index
 *(.stab.index)

.stab.indexstr
 *(.stab.indexstr)

.comment        0x00000000       0x5c
 *(.comment)
 .comment       0x00000000       0x30 FreeRTOS2560.o
                                 0x31 (size before relaxing)
 .comment       0x00000000       0x31 heap_1.o
 .comment       0x00000000       0x31 I2Cdev.o
 .comment       0x00000000       0x31 list.o
 .comment       0x00000000       0x31 MPU6050.o
 .comment       0x00000000       0x31 NewPing.o
 .comment       0x00000000       0x31 port.o
 .comment       0x00000000       0x31 queue.o
 .comment       0x00000000       0x31 tasks.o
 .comment       0x00000000       0x31 twi.o
 .comment       0x00000000       0x31 Wire.o
 .comment       0x00000000       0x31 ../../../Arduino/Arduino/Debug\libarduino.a(HardwareSerial.o)
 .comment       0x00000000       0x31 ../../../Arduino/Arduino/Debug\libarduino.a(new.o)
 .comment       0x00000000       0x31 ../../../Arduino/Arduino/Debug\libarduino.a(Print.o)
 .comment       0x00000000       0x31 ../../../Arduino/Arduino/Debug\libarduino.a(wiring.o)
 .comment       0x00000000       0x31 ../../../Arduino/Arduino/Debug\libarduino.a(wiring_digital.o)
 .comment       0x00000000       0x31 ../../../Arduino/Arduino/Debug\libarduino.a(WString.o)
 .comment       0x00000000       0x31 c:/program files (x86)/atmel/atmel toolchain/avr8 gcc/native/3.4.1056/avr8-gnu-toolchain/bin/../lib/gcc/avr/4.8.1/../../../../avr/lib/avr6\libc.a(dtostrf.o)
 .comment       0x00000000       0x31 c:/program files (x86)/atmel/atmel toolchain/avr8 gcc/native/3.4.1056/avr8-gnu-toolchain/bin/../lib/gcc/avr/4.8.1/../../../../avr/lib/avr6\libc.a(malloc.o)
 .comment       0x00000000       0x31 c:/program files (x86)/atmel/atmel toolchain/avr8 gcc/native/3.4.1056/avr8-gnu-toolchain/bin/../lib/gcc/avr/4.8.1/../../../../avr/lib/avr6\libc.a(realloc.o)
 .comment       0x00000000       0x31 c:/program files (x86)/atmel/atmel toolchain/avr8 gcc/native/3.4.1056/avr8-gnu-toolchain/bin/../lib/gcc/avr/4.8.1/../../../../avr/lib/avr6\libc.a(dtoa_prf.o)
 .comment       0x00000000       0x31 c:/program files (x86)/atmel/atmel toolchain/avr8 gcc/native/3.4.1056/avr8-gnu-toolchain/bin/../lib/gcc/avr/4.8.1/../../../../avr/lib/avr6\libc.a(strtod.o)
 .comment       0x00000030       0x2c c:/program files (x86)/atmel/atmel toolchain/avr8 gcc/native/3.4.1056/avr8-gnu-toolchain/bin/../lib/gcc/avr/4.8.1/../../../../avr/lib/avr6\libc.a(errno.o)
                                 0x2d (size before relaxing)

.note.gnu.build-id
 *(.note.gnu.build-id)

.debug
 *(.debug)

.line
 *(.line)

.debug_srcinfo
 *(.debug_srcinfo)

.debug_sfnames
 *(.debug_sfnames)

.debug_aranges  0x00000000     0x12e8
 *(.debug_aranges)
 .debug_aranges
                0x00000000       0xa0 FreeRTOS2560.o
 .debug_aranges
                0x000000a0       0x38 heap_1.o
 .debug_aranges
                0x000000d8       0xa0 I2Cdev.o
 .debug_aranges
                0x00000178       0x40 list.o
 .debug_aranges
                0x000001b8      0x840 MPU6050.o
 .debug_aranges
                0x000009f8       0x98 NewPing.o
 .debug_aranges
                0x00000a90       0x48 port.o
 .debug_aranges
                0x00000ad8       0xa0 queue.o
 .debug_aranges
                0x00000b78      0x118 tasks.o
 .debug_aranges
                0x00000c90       0x70 twi.o
 .debug_aranges
                0x00000d00       0xd0 Wire.o
 .debug_aranges
                0x00000dd0       0xd8 ../../../Arduino/Arduino/Debug\libarduino.a(HardwareSerial.o)
 .debug_aranges
                0x00000ea8       0x58 ../../../Arduino/Arduino/Debug\libarduino.a(new.o)
 .debug_aranges
                0x00000f00       0xe8 ../../../Arduino/Arduino/Debug\libarduino.a(Print.o)
 .debug_aranges
                0x00000fe8       0x48 ../../../Arduino/Arduino/Debug\libarduino.a(wiring.o)
 .debug_aranges
                0x00001030       0x38 ../../../Arduino/Arduino/Debug\libarduino.a(wiring_digital.o)
 .debug_aranges
                0x00001068      0x280 ../../../Arduino/Arduino/Debug\libarduino.a(WString.o)

.debug_pubnames
 *(.debug_pubnames)

.debug_info     0x00000000    0x1c01e
 *(.debug_info .gnu.linkonce.wi.*)
 .debug_info    0x00000000     0x3023 FreeRTOS2560.o
 .debug_info    0x00003023      0x1ad heap_1.o
 .debug_info    0x000031d0     0x1282 I2Cdev.o
 .debug_info    0x00004452      0x2c3 list.o
 .debug_info    0x00004715     0x8893 MPU6050.o
 .debug_info    0x0000cfa8      0xbd0 NewPing.o
 .debug_info    0x0000db78      0x202 port.o
 .debug_info    0x0000dd7a     0x1014 queue.o
 .debug_info    0x0000ed8e     0x18ef tasks.o
 .debug_info    0x0001067d      0x5ed twi.o
 .debug_info    0x00010c6a     0x2019 Wire.o
 .debug_info    0x00012c83     0x2195 ../../../Arduino/Arduino/Debug\libarduino.a(HardwareSerial.o)
 .debug_info    0x00014e18      0x230 ../../../Arduino/Arduino/Debug\libarduino.a(new.o)
 .debug_info    0x00015048     0x25b3 ../../../Arduino/Arduino/Debug\libarduino.a(Print.o)
 .debug_info    0x000175fb      0x30b ../../../Arduino/Arduino/Debug\libarduino.a(wiring.o)
 .debug_info    0x00017906      0x63a ../../../Arduino/Arduino/Debug\libarduino.a(wiring_digital.o)
 .debug_info    0x00017f40     0x40de ../../../Arduino/Arduino/Debug\libarduino.a(WString.o)

.debug_abbrev   0x00000000     0x31ac
 *(.debug_abbrev)
 .debug_abbrev  0x00000000      0x664 FreeRTOS2560.o
 .debug_abbrev  0x00000664      0x12e heap_1.o
 .debug_abbrev  0x00000792      0x2d7 I2Cdev.o
 .debug_abbrev  0x00000a69       0xf8 list.o
 .debug_abbrev  0x00000b61      0x2f2 MPU6050.o
 .debug_abbrev  0x00000e53      0x367 NewPing.o
 .debug_abbrev  0x000011ba      0x13d port.o
 .debug_abbrev  0x000012f7      0x2d2 queue.o
 .debug_abbrev  0x000015c9      0x32b tasks.o
 .debug_abbrev  0x000018f4      0x251 twi.o
 .debug_abbrev  0x00001b45      0x4e7 Wire.o
 .debug_abbrev  0x0000202c      0x545 ../../../Arduino/Arduino/Debug\libarduino.a(HardwareSerial.o)
 .debug_abbrev  0x00002571      0x13f ../../../Arduino/Arduino/Debug\libarduino.a(new.o)
 .debug_abbrev  0x000026b0      0x3dd ../../../Arduino/Arduino/Debug\libarduino.a(Print.o)
 .debug_abbrev  0x00002a8d      0x134 ../../../Arduino/Arduino/Debug\libarduino.a(wiring.o)
 .debug_abbrev  0x00002bc1      0x15a ../../../Arduino/Arduino/Debug\libarduino.a(wiring_digital.o)
 .debug_abbrev  0x00002d1b      0x491 ../../../Arduino/Arduino/Debug\libarduino.a(WString.o)

.debug_line     0x00000000     0x88d0
 *(.debug_line .debug_line.* .debug_line_end)
 .debug_line    0x00000000      0xa9f FreeRTOS2560.o
 .debug_line    0x00000a9f      0x230 heap_1.o
 .debug_line    0x00000ccf      0x6ba I2Cdev.o
 .debug_line    0x00001389      0x244 list.o
 .debug_line    0x000015cd     0x22be MPU6050.o
 .debug_line    0x0000388b      0x4e0 NewPing.o
 .debug_line    0x00003d6b      0x301 port.o
 .debug_line    0x0000406c      0x86a queue.o
 .debug_line    0x000048d6      0xda0 tasks.o
 .debug_line    0x00005676      0x512 twi.o
 .debug_line    0x00005b88      0x514 Wire.o
 .debug_line    0x0000609c      0x72e ../../../Arduino/Arduino/Debug\libarduino.a(HardwareSerial.o)
 .debug_line    0x000067ca      0x222 ../../../Arduino/Arduino/Debug\libarduino.a(new.o)
 .debug_line    0x000069ec      0x6e9 ../../../Arduino/Arduino/Debug\libarduino.a(Print.o)
 .debug_line    0x000070d5      0x2ea ../../../Arduino/Arduino/Debug\libarduino.a(wiring.o)
 .debug_line    0x000073bf      0x2c6 ../../../Arduino/Arduino/Debug\libarduino.a(wiring_digital.o)
 .debug_line    0x00007685     0x124b ../../../Arduino/Arduino/Debug\libarduino.a(WString.o)

.debug_frame    0x00000000     0x4518
 *(.debug_frame)
 .debug_frame   0x00000000      0x300 FreeRTOS2560.o
 .debug_frame   0x00000300       0x60 heap_1.o
 .debug_frame   0x00000360      0x3c4 I2Cdev.o
 .debug_frame   0x00000724       0x90 list.o
 .debug_frame   0x000007b4     0x1de8 MPU6050.o
 .debug_frame   0x0000259c      0x238 NewPing.o
 .debug_frame   0x000027d4       0x74 port.o
 .debug_frame   0x00002848      0x224 queue.o
 .debug_frame   0x00002a6c      0x3e8 tasks.o
 .debug_frame   0x00002e54      0x114 twi.o
 .debug_frame   0x00002f68      0x1d0 Wire.o
 .debug_frame   0x00003138      0x470 ../../../Arduino/Arduino/Debug\libarduino.a(HardwareSerial.o)
 .debug_frame   0x000035a8       0x94 ../../../Arduino/Arduino/Debug\libarduino.a(new.o)
 .debug_frame   0x0000363c      0x3ec ../../../Arduino/Arduino/Debug\libarduino.a(Print.o)
 .debug_frame   0x00003a28       0xbc ../../../Arduino/Arduino/Debug\libarduino.a(wiring.o)
 .debug_frame   0x00003ae4       0x7c ../../../Arduino/Arduino/Debug\libarduino.a(wiring_digital.o)
 .debug_frame   0x00003b60      0x9b8 ../../../Arduino/Arduino/Debug\libarduino.a(WString.o)

.debug_str      0x00000000     0x72e2
 *(.debug_str)
 .debug_str     0x00000000     0x1532 FreeRTOS2560.o
                               0x1613 (size before relaxing)
 .debug_str     0x00001532      0x145 heap_1.o
                                0x22b (size before relaxing)
 .debug_str     0x00001677      0x2ff I2Cdev.o
                                0x5a3 (size before relaxing)
 .debug_str     0x00001976      0x129 list.o
                                0x2a6 (size before relaxing)
 .debug_str     0x00001a9f     0x3871 MPU6050.o
                               0x3ce2 (size before relaxing)
 .debug_str     0x00005310      0x10e NewPing.o
                                0x59d (size before relaxing)
 .debug_str     0x0000541e       0xcf port.o
                                0x271 (size before relaxing)
 .debug_str     0x000054ed      0x3e6 queue.o
                                0x6ef (size before relaxing)
 .debug_str     0x000058d3      0x585 tasks.o
                                0xaa3 (size before relaxing)
 .debug_str     0x00005e58      0x1a3 twi.o
                                0x34f (size before relaxing)
 .debug_str     0x00005ffb      0x5d9 Wire.o
                               0x12d2 (size before relaxing)
 .debug_str     0x000065d4      0x4d1 ../../../Arduino/Arduino/Debug\libarduino.a(HardwareSerial.o)
                               0x11bf (size before relaxing)
 .debug_str     0x00006aa5       0xbc ../../../Arduino/Arduino/Debug\libarduino.a(new.o)
                                0x200 (size before relaxing)
 .debug_str     0x00006b61      0x291 ../../../Arduino/Arduino/Debug\libarduino.a(Print.o)
                                0xe1e (size before relaxing)
 .debug_str     0x00006df2       0xf6 ../../../Arduino/Arduino/Debug\libarduino.a(wiring.o)
                                0x1f8 (size before relaxing)
 .debug_str     0x00006ee8       0x53 ../../../Arduino/Arduino/Debug\libarduino.a(wiring_digital.o)
                                0x26c (size before relaxing)
 .debug_str     0x00006f3b      0x3a7 ../../../Arduino/Arduino/Debug\libarduino.a(WString.o)
                                0xe49 (size before relaxing)

.debug_loc      0x00000000    0x16e87
 *(.debug_loc)
 .debug_loc     0x00000000      0xea4 FreeRTOS2560.o
 .debug_loc     0x00000ea4       0xd3 heap_1.o
 .debug_loc     0x00000f77     0x162e I2Cdev.o
 .debug_loc     0x000025a5      0x1b3 list.o
 .debug_loc     0x00002758     0x8cb2 MPU6050.o
 .debug_loc     0x0000b40a      0xae4 NewPing.o
 .debug_loc     0x0000beee      0x29b port.o
 .debug_loc     0x0000c189     0x10a3 queue.o
 .debug_loc     0x0000d22c     0x15d7 tasks.o
 .debug_loc     0x0000e803      0x3e7 twi.o
 .debug_loc     0x0000ebea      0x8a8 Wire.o
 .debug_loc     0x0000f492      0xe4b ../../../Arduino/Arduino/Debug\libarduino.a(HardwareSerial.o)
 .debug_loc     0x000102dd       0xc0 ../../../Arduino/Arduino/Debug\libarduino.a(new.o)
 .debug_loc     0x0001039d     0x1fc9 ../../../Arduino/Arduino/Debug\libarduino.a(Print.o)
 .debug_loc     0x00012366      0x22a ../../../Arduino/Arduino/Debug\libarduino.a(wiring.o)
 .debug_loc     0x00012590      0x700 ../../../Arduino/Arduino/Debug\libarduino.a(wiring_digital.o)
 .debug_loc     0x00012c90     0x41f7 ../../../Arduino/Arduino/Debug\libarduino.a(WString.o)

.debug_macinfo
 *(.debug_macinfo)

.debug_weaknames
 *(.debug_weaknames)

.debug_funcnames
 *(.debug_funcnames)

.debug_typenames
 *(.debug_typenames)

.debug_varnames
 *(.debug_varnames)

.debug_pubtypes
 *(.debug_pubtypes)

.debug_ranges   0x00000000     0x13a8
 *(.debug_ranges)
 .debug_ranges  0x00000000       0xd8 FreeRTOS2560.o
 .debug_ranges  0x000000d8       0x28 heap_1.o
 .debug_ranges  0x00000100      0x100 I2Cdev.o
 .debug_ranges  0x00000200       0x30 list.o
 .debug_ranges  0x00000230      0x830 MPU6050.o
 .debug_ranges  0x00000a60       0x88 NewPing.o
 .debug_ranges  0x00000ae8       0x38 port.o
 .debug_ranges  0x00000b20       0x90 queue.o
 .debug_ranges  0x00000bb0      0x158 tasks.o
 .debug_ranges  0x00000d08       0x60 twi.o
 .debug_ranges  0x00000d68       0xc0 Wire.o
 .debug_ranges  0x00000e28       0xc8 ../../../Arduino/Arduino/Debug\libarduino.a(HardwareSerial.o)
 .debug_ranges  0x00000ef0       0x48 ../../../Arduino/Arduino/Debug\libarduino.a(new.o)
 .debug_ranges  0x00000f38      0x168 ../../../Arduino/Arduino/Debug\libarduino.a(Print.o)
 .debug_ranges  0x000010a0       0x38 ../../../Arduino/Arduino/Debug\libarduino.a(wiring.o)
 .debug_ranges  0x000010d8       0x28 ../../../Arduino/Arduino/Debug\libarduino.a(wiring_digital.o)
 .debug_ranges  0x00001100      0x2a8 ../../../Arduino/Arduino/Debug\libarduino.a(WString.o)

.debug_macro
 *(.debug_macro)
OUTPUT(FreeRTOS2560.elf elf32-avr)
LOAD linker stubs
