Archive member included because of file (symbol)

../../../Arduino/Arduino/Debug\libarduino.a(HardwareSerial.o)
                              FreeRTOS2560.o (Serial)
../../../Arduino/Arduino/Debug\libarduino.a(new.o)
                              Wire.o (__cxa_pure_virtual)
../../../Arduino/Arduino/Debug\libarduino.a(Print.o)
                              Wire.o (_ZN5Print5writeEPKhj)
../../../Arduino/Arduino/Debug\libarduino.a(wiring.o)
                              FreeRTOS2560.o (micros)
../../../Arduino/Arduino/Debug\libarduino.a(wiring_digital.o)
                              twi.o (digitalWrite)
../../../Arduino/Arduino/Debug\libarduino.a(WString.o)
                              ../../../Arduino/Arduino/Debug\libarduino.a(Print.o) (_ZNK6StringixEj)
c:/program files (x86)/atmel/atmel toolchain/avr8 gcc/native/3.4.1056/avr8-gnu-toolchain/bin/../lib/gcc/avr/4.8.1/../../../../avr/lib/avr6\libm.a(addsf3.o)
                              FreeRTOS2560.o (__subsf3)
c:/program files (x86)/atmel/atmel toolchain/avr8 gcc/native/3.4.1056/avr8-gnu-toolchain/bin/../lib/gcc/avr/4.8.1/../../../../avr/lib/avr6\libm.a(addsf3x.o)
                              c:/program files (x86)/atmel/atmel toolchain/avr8 gcc/native/3.4.1056/avr8-gnu-toolchain/bin/../lib/gcc/avr/4.8.1/../../../../avr/lib/avr6\libm.a(addsf3.o) (__addsf3x)
c:/program files (x86)/atmel/atmel toolchain/avr8 gcc/native/3.4.1056/avr8-gnu-toolchain/bin/../lib/gcc/avr/4.8.1/../../../../avr/lib/avr6\libm.a(atan2.o)
                              FreeRTOS2560.o (atan2)
c:/program files (x86)/atmel/atmel toolchain/avr8 gcc/native/3.4.1056/avr8-gnu-toolchain/bin/../lib/gcc/avr/4.8.1/../../../../avr/lib/avr6\libm.a(atan.o)
                              FreeRTOS2560.o (atan)
c:/program files (x86)/atmel/atmel toolchain/avr8 gcc/native/3.4.1056/avr8-gnu-toolchain/bin/../lib/gcc/avr/4.8.1/../../../../avr/lib/avr6\libm.a(cmpsf2.o)
                              FreeRTOS2560.o (__ltsf2)
c:/program files (x86)/atmel/atmel toolchain/avr8 gcc/native/3.4.1056/avr8-gnu-toolchain/bin/../lib/gcc/avr/4.8.1/../../../../avr/lib/avr6\libm.a(divsf3.o)
                              FreeRTOS2560.o (__divsf3)
c:/program files (x86)/atmel/atmel toolchain/avr8 gcc/native/3.4.1056/avr8-gnu-toolchain/bin/../lib/gcc/avr/4.8.1/../../../../avr/lib/avr6\libm.a(divsf3x.o)
                              c:/program files (x86)/atmel/atmel toolchain/avr8 gcc/native/3.4.1056/avr8-gnu-toolchain/bin/../lib/gcc/avr/4.8.1/../../../../avr/lib/avr6\libm.a(divsf3.o) (__divsf3x)
c:/program files (x86)/atmel/atmel toolchain/avr8 gcc/native/3.4.1056/avr8-gnu-toolchain/bin/../lib/gcc/avr/4.8.1/../../../../avr/lib/avr6\libm.a(fixsfsi.o)
                              ../../../Arduino/Arduino/Debug\libarduino.a(Print.o) (__fixsfsi)
c:/program files (x86)/atmel/atmel toolchain/avr8 gcc/native/3.4.1056/avr8-gnu-toolchain/bin/../lib/gcc/avr/4.8.1/../../../../avr/lib/avr6\libm.a(fixunssfsi.o)
                              ../../../Arduino/Arduino/Debug\libarduino.a(Print.o) (__fixunssfsi)
c:/program files (x86)/atmel/atmel toolchain/avr8 gcc/native/3.4.1056/avr8-gnu-toolchain/bin/../lib/gcc/avr/4.8.1/../../../../avr/lib/avr6\libm.a(floatsisf.o)
                              FreeRTOS2560.o (__floatunsisf)
c:/program files (x86)/atmel/atmel toolchain/avr8 gcc/native/3.4.1056/avr8-gnu-toolchain/bin/../lib/gcc/avr/4.8.1/../../../../avr/lib/avr6\libm.a(fp_cmp.o)
                              c:/program files (x86)/atmel/atmel toolchain/avr8 gcc/native/3.4.1056/avr8-gnu-toolchain/bin/../lib/gcc/avr/4.8.1/../../../../avr/lib/avr6\libm.a(cmpsf2.o) (__fp_cmp)
c:/program files (x86)/atmel/atmel toolchain/avr8 gcc/native/3.4.1056/avr8-gnu-toolchain/bin/../lib/gcc/avr/4.8.1/../../../../avr/lib/avr6\libm.a(fp_inf.o)
                              c:/program files (x86)/atmel/atmel toolchain/avr8 gcc/native/3.4.1056/avr8-gnu-toolchain/bin/../lib/gcc/avr/4.8.1/../../../../avr/lib/avr6\libm.a(addsf3x.o) (__fp_inf)
c:/program files (x86)/atmel/atmel toolchain/avr8 gcc/native/3.4.1056/avr8-gnu-toolchain/bin/../lib/gcc/avr/4.8.1/../../../../avr/lib/avr6\libm.a(fp_nan.o)
                              c:/program files (x86)/atmel/atmel toolchain/avr8 gcc/native/3.4.1056/avr8-gnu-toolchain/bin/../lib/gcc/avr/4.8.1/../../../../avr/lib/avr6\libm.a(addsf3x.o) (__fp_nan)
c:/program files (x86)/atmel/atmel toolchain/avr8 gcc/native/3.4.1056/avr8-gnu-toolchain/bin/../lib/gcc/avr/4.8.1/../../../../avr/lib/avr6\libm.a(fp_powser.o)
                              c:/program files (x86)/atmel/atmel toolchain/avr8 gcc/native/3.4.1056/avr8-gnu-toolchain/bin/../lib/gcc/avr/4.8.1/../../../../avr/lib/avr6\libm.a(atan.o) (__fp_powser)
c:/program files (x86)/atmel/atmel toolchain/avr8 gcc/native/3.4.1056/avr8-gnu-toolchain/bin/../lib/gcc/avr/4.8.1/../../../../avr/lib/avr6\libm.a(fp_pscA.o)
[...]
Memory Configuration

Name             Origin             Length             Attributes
text             0x00000000         0x00100000         xr
data             0x00800200         0x0000fe00         rw !x
eeprom           0x00810000         0x00010000         rw !x
fuse             0x00820000         0x00000400         rw !x
lock             0x00830000         0x00000400         rw !x
signature        0x00840000         0x00000400         rw !x
user_signatures  0x00850000         0x00000400         rw !x
*default*        0x00000000         0xffffffff

Linker script and memory map

Address of section .data set to 0x800200
LOAD c:/program files (x86)/atmel/atmel toolchain/avr8 gcc/native/3.4.1056/avr8-gnu-toolchain/bin/../lib/gcc/avr/4.8.1/../../../../avr/lib/avr6/crtm2560.o
LOAD FreeRTOS2560.o
LOAD heap_1.o
LOAD list.o
LOAD port.o
LOAD queue.o
LOAD tasks.o
LOAD twi.o
LOAD Wire.o
START GROUP
LOAD ../../../Arduino/Arduino/Debug\libarduino.a
LOAD c:/program files (x86)/atmel/atmel toolchain/avr8 gcc/native/3.4.1056/avr8-gnu-toolchain/bin/../lib/gcc/avr/4.8.1/../../../../avr/lib/avr6\libm.a
END GROUP
LOAD c:/program files (x86)/atmel/atmel toolchain/avr8 gcc/native/3.4.1056/avr8-gnu-toolchain/bin/../lib/gcc/avr/4.8.1/avr6\libgcc.a
LOAD c:/program files (x86)/atmel/atmel toolchain/avr8 gcc/native/3.4.1056/avr8-gnu-toolchain/bin/../lib/gcc/avr/4.8.1/../../../../avr/lib/avr6\libm.a
START GROUP
LOAD c:/program files (x86)/atmel/atmel toolchain/avr8 gcc/native/3.4.1056/avr8-gnu-toolchain/bin/../lib/gcc/avr/4.8.1/avr6\libgcc.a
LOAD c:/program files (x86)/atmel/atmel toolchain/avr8 gcc/native/3.4.1056/avr8-gnu-toolchain/bin/../lib/gcc/avr/4.8.1/../../../../avr/lib/avr6\libm.a
LOAD c:/program files (x86)/atmel/atmel toolchain/avr8 gcc/native/3.4.1056/avr8-gnu-toolchain/bin/../lib/gcc/avr/4.8.1/../../../../avr/lib/avr6\libc.a
END GROUP

.hash
 *(.hash)

.dynsym
 *(.dynsym)

.dynstr
 *(.dynstr)

.gnu.version
 *(.gnu.version)

.gnu.version_d
 *(.gnu.version_d)

.gnu.version_r
 *(.gnu.version_r)

.rel.init
 *(.rel.init)

.rela.init
 *(.rela.init)

.rel.text
 *(.rel.text)
 *(.rel.text.*)
 *(.rel.gnu.linkonce.t*)

.rela.text
 *(.rela.text)
 *(.rela.text.*)
 *(.rela.gnu.linkonce.t*)

.rel.fini
 *(.rel.fini)

.rela.fini
 *(.rela.fini)

.rel.rodata
 *(.rel.rodata)
 *(.rel.rodata.*)
 *(.rel.gnu.linkonce.r*)

.rela.rodata
 *(.rela.rodata)
 *(.rela.rodata.*)
 *(.rela.gnu.linkonce.r*)

.rel.data
 *(.rel.data)
 *(.rel.data.*)
 *(.rel.gnu.linkonce.d*)

.rela.data
 *(.rela.data)
 *(.rela.data.*)
 *(.rela.gnu.linkonce.d*)

.rel.ctors
 *(.rel.ctors)

.rela.ctors
 *(.rela.ctors)

.rel.dtors
 *(.rel.dtors)

.rela.dtors
 *(.rela.dtors)

.rel.got
 *(.rel.got)

.rela.got
 *(.rela.got)

.rel.bss
 *(.rel.bss)

.rela.bss
 *(.rela.bss)

.rel.plt
 *(.rel.plt)

.rela.plt
 *(.rela.plt)

.text           0x00000000     0x36f8
 *(.vectors)
 .vectors       0x00000000       0xe4 c:/program files (x86)/atmel/atmel toolchain/avr8 gcc/native/3.4.1056/avr8-gnu-toolchain/bin/../lib/gcc/avr/4.8.1/../../../../avr/lib/avr6/crtm2560.o
                0x00000000                __vector_default
                0x00000000                __vectors
 *(.vectors)
 *(.progmem.gcc*)
 .progmem.gcc_sw_table.__vector_39
                0x000000e4      0x192 twi.o
 .progmem.gcc_fplib
                0x00000276       0x2d c:/program files (x86)/atmel/atmel toolchain/avr8 gcc/native/3.4.1056/avr8-gnu-toolchain/bin/../lib/gcc/avr/4.8.1/../../../../avr/lib/avr6\libm.a(atan.o)
                0x000002a4                . = ALIGN (0x2)
 *fill*         0x000002a3        0x1 
                0x000002a4                __trampolines_start = .
 *(.trampolines)
 .trampolines   0x000002a4        0x0 linker stubs
 *(.trampolines*)
                0x000002a4                __trampolines_end = .
 *(.progmem*)
 .progmem.data._ZZ7i2cReadhPhhE3__c_0
                0x000002a4       0x10 FreeRTOS2560.o
 .progmem.data._ZZ7i2cReadhPhhE3__c
                0x000002b4       0x11 FreeRTOS2560.o
                0x000002c6                . = ALIGN (0x2)
 *fill*         0x000002c5        0x1 
 *(.jumptables)
 *(.jumptables*)
 *(.lowtext)
 *(.lowtext*)
                0x000002c6                __ctors_start = .
 *(.ctors)
 .ctors         0x000002c6        0x2 FreeRTOS2560.o
 .ctors         0x000002c8        0x2 Wire.o
 .ctors         0x000002ca        0x2 ../../../Arduino/Arduino/Debug\libarduino.a(HardwareSerial.o)
                0x000002cc                __ctors_end = .
                0x000002cc                __dtors_start = .
 *(.dtors)
                0x000002cc                __dtors_end = .
 SORT(*)(.ctors)
 SORT(*)(.dtors)
 *(.init0)
 .init0         0x000002cc        0x0 c:/program files (x86)/atmel/atmel toolchain/avr8 gcc/native/3.4.1056/avr8-gnu-toolchain/bin/../lib/gcc/avr/4.8.1/../../../../avr/lib/avr6/crtm2560.o
                0x000002cc                __init
 *(.init0)
 *(.init1)
 *(.init1)
 *(.init2)
 .init2         0x000002cc       0x10 c:/program files (x86)/atmel/atmel toolchain/avr8 gcc/native/3.4.1056/avr8-gnu-toolchain/bin/../lib/gcc/avr/4.8.1/../../../../avr/lib/avr6/crtm2560.o
 *(.init2)
 *(.init3)
 *(.init3)
 *(.init4)
 .init4         0x000002dc       0x1a c:/program files (x86)/atmel/atmel toolchain/avr8 gcc/native/3.4.1056/avr8-gnu-toolchain/bin/../lib/gcc/avr/4.8.1/avr6\libgcc.a(_copy_data.o)
                0x000002dc                __do_copy_data
 .init4         0x000002f6       0x10 c:/program files (x86)/atmel/atmel toolchain/avr8 gcc/native/3.4.1056/avr8-gnu-toolchain/bin/../lib/gcc/avr/4.8.1/avr6\libgcc.a(_clear_bss.o)
                0x000002f6                __do_clear_bss
 *(.init4)
 *(.init5)
 *(.init5)
 *(.init6)
 .init6         0x00000306       0x20 c:/program files (x86)/atmel/atmel toolchain/avr8 gcc/native/3.4.1056/avr8-gnu-toolchain/bin/../lib/gcc/avr/4.8.1/avr6\libgcc.a(_ctors.o)
                0x00000306                __do_global_ctors
 *(.init6)
 *(.init7)
 *(.init7)
 *(.init8)
 *(.init8)
 *(.init9)
 .init9         0x00000326        0x6 c:/program files (x86)/atmel/atmel toolchain/avr8 gcc/native/3.4.1056/avr8-gnu-toolchain/bin/../lib/gcc/avr/4.8.1/../../../../avr/lib/avr6/crtm2560.o
 *(.init9)
 *(.text)
 .text          0x0000032c        0x2 c:/program files (x86)/atmel/atmel toolchain/avr8 gcc/native/3.4.1056/avr8-gnu-toolchain/bin/../lib/gcc/avr/4.8.1/../../../../avr/lib/avr6/crtm2560.o
                0x0000032c                __vector_38
                0x0000032c                __vector_22
                0x0000032c                __vector_28
                0x0000032c                __vector_1
                0x0000032c                __vector_32
                0x0000032c                __vector_34
                0x0000032c                __vector_24
                0x0000032c                __vector_12
                0x0000032c                __vector_46
                0x0000032c                __bad_interrupt
                0x0000032c                __vector_6
                0x0000032c                __vector_31
                0x0000032c                __vector_35
                0x0000032c                __vector_3
                0x0000032c                __vector_30
                0x0000032c                __vector_45
                0x0000032c                __vector_11
                0x0000032c                __vector_17
                0x0000032c                __vector_19
                0x0000032c                __vector_56
                0x0000032c                __vector_7
                0x0000032c                __vector_49
                0x0000032c                __vector_41
                0x0000032c                __vector_43
                0x0000032c                __vector_27
                0x0000032c                __vector_5
                0x0000032c                __vector_33
                0x0000032c                __vector_47
                0x0000032c                __vector_4
                0x0000032c                __vector_44
                0x0000032c                __vector_9
                0x0000032c                __vector_2
                0x0000032c                __vector_21
                0x0000032c                __vector_15
                0x0000032c                __vector_29
                0x0000032c                __vector_40
                0x0000032c                __vector_8
                0x0000032c                __vector_48
                0x0000032c                __vector_14
                0x0000032c                __vector_53
                0x0000032c                __vector_10
                0x0000032c                __vector_50
                0x0000032c                __vector_16
                0x0000032c                __vector_18
                0x0000032c                __vector_20
                0x0000032c                __vector_42
                0x0000032e                . = ALIGN (0x2)
 *(.text.*)
 .text.main     0x0000032e       0x5e FreeRTOS2560.o
                0x0000032e                main
 .text._GLOBAL__sub_I_kalmanX
                0x0000038c      0x142 FreeRTOS2560.o
 .text._Z7i2cReadhPhh
                0x000004ce      0x104 FreeRTOS2560.o
                0x000004ce                _Z7i2cReadhPhh
 .text._Z5task1Pv
                0x000005d2      0xd04 FreeRTOS2560.o
                0x000005d2                _Z5task1Pv
 .text.pvPortMalloc
                0x000012d6       0x66 heap_1.o
                0x000012d6                pvPortMalloc
 .text.vPortFree
                0x0000133c        0x2 heap_1.o
                0x0000133c                vPortFree
 .text.vListInitialise
                0x0000133e       0x1c list.o
                0x0000133e                vListInitialise
 .text.vListInitialiseItem
                0x0000135a        0x8 list.o
                0x0000135a                vListInitialiseItem
 .text.vListInsertEnd
                0x00001362       0x42 list.o
                0x00001362                vListInsertEnd
 .text.vListInsert
                0x000013a4       0x62 list.o
                0x000013a4                vListInsert
 .text.uxListRemove
                0x00001406       0x4c list.o
                0x00001406                uxListRemove
 .text.pxPortInitialiseStack
                0x00001452       0xe4 port.o
                0x00001452                pxPortInitialiseStack
 .text.xPortStartScheduler
                0x00001536       0x82 port.o
                0x00001536                xPortStartScheduler
 .text.vPortYield
                0x000015b8       0xc0 port.o
                0x000015b8                vPortYield
 .text.vPortYieldFromTick
                0x00001678       0xc4 port.o
                0x00001678                vPortYieldFromTick
 .text.__vector_13
                0x0000173c        0x4 port.o
                0x0000173c                __vector_13
 .text.prvResetNextTaskUnblockTime
                0x00001740       0x3e tasks.o
 .text.prvAddCurrentTaskToDelayedList
                0x0000177e       0x6a tasks.o
 .text.xTaskGenericCreate
                0x000017e8      0x1f4 tasks.o
                0x000017e8                xTaskGenericCreate
 .text.vTaskStartScheduler
                0x000019dc       0x52 tasks.o
                0x000019dc                vTaskStartScheduler
 .text.vTaskSuspendAll
                0x00001a2e        0xc tasks.o
                0x00001a2e                vTaskSuspendAll
 .text.xTaskIncrementTick
                0x00001a3a      0x176 tasks.o
                0x00001a3a                xTaskIncrementTick
 .text.xTaskResumeAll
                0x00001bb0       0xfc tasks.o
                0x00001bb0                xTaskResumeAll
 .text.vTaskDelay
                0x00001cac       0x36 tasks.o
                0x00001cac                vTaskDelay
 .text.prvIdleTask
                0x00001ce2       0x6c tasks.o
 .text.vTaskSwitchContext
                0x00001d4e       0xbc tasks.o
                0x00001d4e                vTaskSwitchContext
 .text.twi_readFrom
                0x00001e0a       0x9c twi.o
                0x00001e0a                twi_readFrom
 .text.twi_writeTo
                0x00001ea6       0xba twi.o
                0x00001ea6                twi_writeTo
 .text.twi_transmit
                0x00001f60       0x3e twi.o
                0x00001f60                twi_transmit
 .text.twi_stop
                0x00001f9e       0x16 twi.o
                0x00001f9e                twi_stop
 .text.twi_releaseBus
                0x00001fb4        0xc twi.o
                0x00001fb4                twi_releaseBus
 .text.__vector_39
                0x00001fc0      0x238 twi.o
                0x00001fc0                __vector_39
 .text._ZN7TwoWire9availableEv
                0x000021f8       0x10 Wire.o
                0x000021f8                _ZN7TwoWire9availableEv
 .text._ZN7TwoWire4readEv
                0x00002208       0x26 Wire.o
                0x00002208                _ZN7TwoWire4readEv
 .text._ZN7TwoWire4peekEv
                0x0000222e       0x1e Wire.o
                0x0000222e                _ZN7TwoWire4peekEv
 .text._ZN7TwoWire5flushEv
                0x0000224c        0x2 Wire.o
                0x0000224c                _ZN7TwoWire5flushEv
 .text._ZN7TwoWire5writeEPKhj
                0x0000224e       0x5e Wire.o
                0x0000224e                _ZN7TwoWire5writeEPKhj
 .text._ZN7TwoWire5writeEh
                0x000022ac       0x60 Wire.o
                0x000022ac                _ZN7TwoWire5writeEh
 .text._ZN7TwoWireC2Ev
                0x0000230c       0x20 Wire.o
                0x0000230c                _ZN7TwoWireC1Ev
                0x0000230c                _ZN7TwoWireC2Ev
 .text._ZN7TwoWire11requestFromEhhh
                0x0000232c       0x18 Wire.o
                0x0000232c                _ZN7TwoWire11requestFromEhhh
 .text._ZN7TwoWire17beginTransmissionEh
                0x00002344       0x14 Wire.o
                0x00002344                _ZN7TwoWire17beginTransmissionEh
 .text._ZN7TwoWire15endTransmissionEh
                0x00002358       0x24 Wire.o
                0x00002358                _ZN7TwoWire15endTransmissionEh
 .text._GLOBAL__sub_I__ZN7TwoWire8rxBufferE
                0x0000237c        0x8 Wire.o
 .text._ZN14HardwareSerial9availableEv
                0x00002384       0x20 ../../../Arduino/Arduino/Debug\libarduino.a(HardwareSerial.o)
                0x00002384                _ZN14HardwareSerial9availableEv
 .text._ZN14HardwareSerial4peekEv
                0x000023a4       0x32 ../../../Arduino/Arduino/Debug\libarduino.a(HardwareSerial.o)
                0x000023a4                _ZN14HardwareSerial4peekEv
 .text._ZN14HardwareSerial4readEv
                0x000023d6       0x42 ../../../Arduino/Arduino/Debug\libarduino.a(HardwareSerial.o)
                0x000023d6                _ZN14HardwareSerial4readEv
 .text._ZN14HardwareSerial5flushEv
                0x00002418       0x16 ../../../Arduino/Arduino/Debug\libarduino.a(HardwareSerial.o)
                0x00002418                _ZN14HardwareSerial5flushEv
 .text._ZN14HardwareSerial5writeEh
                0x0000242e       0x8c ../../../Arduino/Arduino/Debug\libarduino.a(HardwareSerial.o)
                0x0000242e                _ZN14HardwareSerial5writeEh
 .text.__vector_25
                0x000024ba       0x80 ../../../Arduino/Arduino/Debug\libarduino.a(HardwareSerial.o)
                0x000024ba                __vector_25
 .text.__vector_36
                0x0000253a       0x80 ../../../Arduino/Arduino/Debug\libarduino.a(HardwareSerial.o)
                0x0000253a                __vector_36
 .text.__vector_51
                0x000025ba       0x80 ../../../Arduino/Arduino/Debug\libarduino.a(HardwareSerial.o)
                0x000025ba                __vector_51
 .text.__vector_54
                0x0000263a       0x80 ../../../Arduino/Arduino/Debug\libarduino.a(HardwareSerial.o)
                0x0000263a                __vector_54
 .text.__vector_26
                0x000026ba       0x7e ../../../Arduino/Arduino/Debug\libarduino.a(HardwareSerial.o)
                0x000026ba                __vector_26
 .text.__vector_37
                0x00002738       0x7e ../../../Arduino/Arduino/Debug\libarduino.a(HardwareSerial.o)
                0x00002738                __vector_37
 .text.__vector_52
                0x000027b6       0x7e ../../../Arduino/Arduino/Debug\libarduino.a(HardwareSerial.o)
                0x000027b6                __vector_52
 .text.__vector_55
                0x00002834       0x7e ../../../Arduino/Arduino/Debug\libarduino.a(HardwareSerial.o)
                0x00002834                __vector_55
 .text._ZN14HardwareSerialC2EP11ring_bufferS1_PVhS3_S3_S3_S3_S3_hhhhh
                0x000028b2       0x88 ../../../Arduino/Arduino/Debug\libarduino.a(HardwareSerial.o)
                0x000028b2                _ZN14HardwareSerialC2EP11ring_bufferS1_PVhS3_S3_S3_S3_S3_hhhhh
                0x000028b2                _ZN14HardwareSerialC1EP11ring_bufferS1_PVhS3_S3_S3_S3_S3_hhhhh
 .text._GLOBAL__sub_I_rx_buffer
                0x0000293a      0x18e ../../../Arduino/Arduino/Debug\libarduino.a(HardwareSerial.o)
 .text._ZN5Print5writeEPKhj
                0x00002ac8       0x5c ../../../Arduino/Arduino/Debug\libarduino.a(Print.o)
                0x00002ac8                _ZN5Print5writeEPKhj
 .text._ZN5Print5printEPK19__FlashStringHelper
                0x00002b24       0x50 ../../../Arduino/Arduino/Debug\libarduino.a(Print.o)
                0x00002b24                _ZN5Print5printEPK19__FlashStringHelper
 .text._ZN5Print5printEPKc
                0x00002b74       0x2c ../../../Arduino/Arduino/Debug\libarduino.a(Print.o)
                0x00002b74                _ZN5Print5printEPKc
 .text._ZN5Print5printEc
                0x00002ba0       0x10 ../../../Arduino/Arduino/Debug\libarduino.a(Print.o)
                0x00002ba0                _ZN5Print5printEc
 .text._ZN5Print7printlnEv
                0x00002bb0       0x24 ../../../Arduino/Arduino/Debug\libarduino.a(Print.o)
                0x00002bb0                _ZN5Print7printlnEv
 .text._ZN5Print7printlnEPK19__FlashStringHelper
                0x00002bd4       0x20 ../../../Arduino/Arduino/Debug\libarduino.a(Print.o)
                0x00002bd4                _ZN5Print7printlnEPK19__FlashStringHelper
 .text._ZN5Print7printlnEPKc
                0x00002bf4       0x20 ../../../Arduino/Arduino/Debug\libarduino.a(Print.o)
                0x00002bf4                _ZN5Print7printlnEPKc
 .text._ZN5Print11printNumberEmh
                0x00002c14       0xf4 ../../../Arduino/Arduino/Debug\libarduino.a(Print.o)
                0x00002c14                _ZN5Print11printNumberEmh
 .text._ZN5Print5printEli
                0x00002d08       0x70 ../../../Arduino/Arduino/Debug\libarduino.a(Print.o)
                0x00002d08                _ZN5Print5printEli
 .text._ZN5Print5printEmi
                0x00002d78       0x1c ../../../Arduino/Arduino/Debug\libarduino.a(Print.o)
                0x00002d78                _ZN5Print5printEmi
 .text._ZN5Print7printlnEhi
                0x00002d94       0x2a ../../../Arduino/Arduino/Debug\libarduino.a(Print.o)
                0x00002d94                _ZN5Print7printlnEhi
 .text._ZN5Print10printFloatEdh
                0x00002dbe      0x1cc ../../../Arduino/Arduino/Debug\libarduino.a(Print.o)
                0x00002dbe                _ZN5Print10printFloatEdh
 .text._ZN5Print5printEdi
                0x00002f8a        0x4 ../../../Arduino/Arduino/Debug\libarduino.a(Print.o)
                0x00002f8a                _ZN5Print5printEdi
 .text._ZN5Print7printlnEdi
                0x00002f8e       0x20 ../../../Arduino/Arduino/Debug\libarduino.a(Print.o)
                0x00002f8e                _ZN5Print7printlnEdi
 .text.__vector_23
                0x00002fae       0x94 ../../../Arduino/Arduino/Debug\libarduino.a(wiring.o)
                0x00002fae                __vector_23
 .text.micros   0x00003042       0x4c ../../../Arduino/Arduino/Debug\libarduino.a(wiring.o)
                0x00003042                micros
 .text.avr-libc.fplib
                0x0000308e        0xa c:/program files (x86)/atmel/atmel toolchain/avr8 gcc/native/3.4.1056/avr8-gnu-toolchain/bin/../lib/gcc/avr/4.8.1/../../../../avr/lib/avr6\libm.a(addsf3.o)
                0x0000308e                __subsf3
                0x00003090                __addsf3
 .text.avr-libc.fplib
                0x00003098       0xc0 c:/program files (x86)/atmel/atmel toolchain/avr8 gcc/native/3.4.1056/avr8-gnu-toolchain/bin/../lib/gcc/avr/4.8.1/../../../../avr/lib/avr6\libm.a(addsf3x.o)
                0x000030b2                __addsf3x
 .text.avr-libc.fplib
                0x00003158       0x74 c:/program files (x86)/atmel/atmel toolchain/avr8 gcc/native/3.4.1056/avr8-gnu-toolchain/bin/../lib/gcc/avr/4.8.1/../../../../avr/lib/avr6\libm.a(atan2.o)
                0x00003176                atan2
 .text.avr-libc.fplib
                0x000031cc       0x50 c:/program files (x86)/atmel/atmel toolchain/avr8 gcc/native/3.4.1056/avr8-gnu-toolchain/bin/../lib/gcc/avr/4.8.1/../../../../avr/lib/avr6\libm.a(atan.o)
                0x000031cc                atan
 .text.avr-libc.fplib
                0x0000321c        0x8 c:/program files (x86)/atmel/atmel toolchain/avr8 gcc/native/3.4.1056/avr8-gnu-toolchain/bin/../lib/gcc/avr/4.8.1/../../../../avr/lib/avr6\libm.a(cmpsf2.o)
                0x0000321c                __nesf2
                0x0000321c                __eqsf2
                0x0000321c                __cmpsf2
                0x0000321c                __ltsf2
                0x0000321c                __lesf2
 .text.avr-libc.fplib
                0x00003224        0x4 c:/program files (x86)/atmel/atmel toolchain/avr8 gcc/native/3.4.1056/avr8-gnu-toolchain/bin/../lib/gcc/avr/4.8.1/../../../../avr/lib/avr6\libm.a(divsf3.o)
                0x00003224                __divsf3
 .text.avr-libc.fplib
                0x00003228       0xcc c:/program files (x86)/atmel/atmel toolchain/avr8 gcc/native/3.4.1056/avr8-gnu-toolchain/bin/../lib/gcc/avr/4.8.1/../../../../avr/lib/avr6\libm.a(divsf3x.o)
                0x0000323e                __divsf3x
                0x00003242                __divsf3_pse
 .text.avr-libc.fplib
                0x000032f4        0xa c:/program files (x86)/atmel/atmel toolchain/avr8 gcc/native/3.4.1056/avr8-gnu-toolchain/bin/../lib/gcc/avr/4.8.1/../../../../avr/lib/avr6\libm.a(fixsfsi.o)
                0x000032f4                __fixsfsi
 .text.avr-libc.fplib
                0x000032fe       0x58 c:/program files (x86)/atmel/atmel toolchain/avr8 gcc/native/3.4.1056/avr8-gnu-toolchain/bin/../lib/gcc/avr/4.8.1/../../../../avr/lib/avr6\libm.a(fixunssfsi.o)
                0x000032fe                __fixunssfsi
 .text.avr-libc.fplib
                0x00003356       0x7a c:/program files (x86)/atmel/atmel toolchain/avr8 gcc/native/3.4.1056/avr8-gnu-toolchain/bin/../lib/gcc/avr/4.8.1/../../../../avr/lib/avr6\libm.a(floatsisf.o)
                0x00003356                __floatunsisf
                0x0000335a                __floatsisf
 .text.avr-libc.fplib
                0x000033d0       0x48 c:/program files (x86)/atmel/atmel toolchain/avr8 gcc/native/3.4.1056/avr8-gnu-toolchain/bin/../lib/gcc/avr/4.8.1/../../../../avr/lib/avr6\libm.a(fp_cmp.o)
                0x000033d0                __fp_cmp
 .text.avr-libc.fplib
                0x00003418        0xc c:/program files (x86)/atmel/atmel toolchain/avr8 gcc/native/3.4.1056/avr8-gnu-toolchain/bin/../lib/gcc/avr/4.8.1/../../../../avr/lib/avr6\libm.a(fp_inf.o)
                0x00003418                __fp_inf
 .text.avr-libc.fplib
                0x00003424        0x6 c:/program files (x86)/atmel/atmel toolchain/avr8 gcc/native/3.4.1056/avr8-gnu-toolchain/bin/../lib/gcc/avr/4.8.1/../../../../avr/lib/avr6\libm.a(fp_nan.o)
                0x00003424                __fp_nan
 .text.avr-libc.fplib
                0x0000342a       0x4a c:/program files (x86)/atmel/atmel toolchain/avr8 gcc/native/3.4.1056/avr8-gnu-toolchain/bin/../lib/gcc/avr/4.8.1/../../../../avr/lib/avr6\libm.a(fp_powser.o)
                0x0000342a                __fp_powser
 .text.avr-libc.fplib
                0x00003474        0xe c:/program files (x86)/atmel/atmel toolchain/avr8 gcc/native/3.4.1056/avr8-gnu-toolchain/bin/../lib/gcc/avr/4.8.1/../../../../avr/lib/avr6\libm.a(fp_pscA.o)
                0x00003474                __fp_pscA
 .text.avr-libc.fplib
                0x00003482        0xe c:/program files (x86)/atmel/atmel toolchain/avr8 gcc/native/3.4.1056/avr8-gnu-toolchain/bin/../lib/gcc/avr/4.8.1/../../../../avr/lib/avr6\libm.a(fp_pscB.o)
                0x00003482                __fp_pscB
 .text.avr-libc.fplib
                0x00003490       0x22 c:/program files (x86)/atmel/atmel toolchain/avr8 gcc/native/3.4.1056/avr8-gnu-toolchain/bin/../lib/gcc/avr/4.8.1/../../../../avr/lib/avr6\libm.a(fp_round.o)
                0x00003490                __fp_round
 .text.avr-libc.fplib
                0x000034b2       0x44 c:/program files (x86)/atmel/atmel toolchain/avr8 gcc/native/3.4.1056/avr8-gnu-toolchain/bin/../lib/gcc/avr/4.8.1/../../../../avr/lib/avr6\libm.a(fp_split3.o)
                0x000034b2                __fp_split3
                0x000034c2                __fp_splitA
 .text.avr-libc.fplib
                0x000034f6        0xe c:/program files (x86)/atmel/atmel toolchain/avr8 gcc/native/3.4.1056/avr8-gnu-toolchain/bin/../lib/gcc/avr/4.8.1/../../../../avr/lib/avr6\libm.a(fp_zero.o)
                0x000034f6                __fp_zero
                0x000034f8                __fp_szero
 .text.avr-libc.fplib
                0x00003504        0x8 c:/program files (x86)/atmel/atmel toolchain/avr8 gcc/native/3.4.1056/avr8-gnu-toolchain/bin/../lib/gcc/avr/4.8.1/../../../../avr/lib/avr6\libm.a(gesf2.o)
                0x00003504                __gesf2
                0x00003504                __gtsf2
 .text.avr-libc.fplib
                0x0000350c        0xe c:/program files (x86)/atmel/atmel toolchain/avr8 gcc/native/3.4.1056/avr8-gnu-toolchain/bin/../lib/gcc/avr/4.8.1/../../../../avr/lib/avr6\libm.a(inverse.o)
                0x0000350c                inverse
 .text.avr-libc.fplib
                0x0000351a        0x4 c:/program files (x86)/atmel/atmel toolchain/avr8 gcc/native/3.4.1056/avr8-gnu-toolchain/bin/../lib/gcc/avr/4.8.1/../../../../avr/lib/avr6\libm.a(mulsf3.o)
                0x0000351a                __mulsf3
 .text.avr-libc.fplib
                0x0000351e       0xc2 c:/program files (x86)/atmel/atmel toolchain/avr8 gcc/native/3.4.1056/avr8-gnu-toolchain/bin/../lib/gcc/avr/4.8.1/../../../../avr/lib/avr6\libm.a(mulsf3x.o)
                0x00003532                __mulsf3x
                0x00003536                __mulsf3_pse
 .text.avr-libc.fplib
                0x000035e0       0x84 c:/program files (x86)/atmel/atmel toolchain/avr8 gcc/native/3.4.1056/avr8-gnu-toolchain/bin/../lib/gcc/avr/4.8.1/../../../../avr/lib/avr6\libm.a(sqrt.o)
                0x000035e8                sqrt
 .text.avr-libc.fplib
                0x00003664        0x6 c:/program files (x86)/atmel/atmel toolchain/avr8 gcc/native/3.4.1056/avr8-gnu-toolchain/bin/../lib/gcc/avr/4.8.1/../../../../avr/lib/avr6\libm.a(square.o)
                0x00003664                square
 .text.avr-libc.fplib
                0x0000366a        0x8 c:/program files (x86)/atmel/atmel toolchain/avr8 gcc/native/3.4.1056/avr8-gnu-toolchain/bin/../lib/gcc/avr/4.8.1/../../../../avr/lib/avr6\libm.a(unordsf2.o)
                0x0000366a                __unordsf2
 .text.avr-libc.fplib
                0x00003672       0x1c c:/program files (x86)/atmel/atmel toolchain/avr8 gcc/native/3.4.1056/avr8-gnu-toolchain/bin/../lib/gcc/avr/4.8.1/../../../../avr/lib/avr6\libm.a(fp_mpack.o)
                0x00003672                __fp_mpack
                0x00003676                __fp_mpack_finite
 .text.avr-libc.fplib
                0x0000368e        0xe c:/program files (x86)/atmel/atmel toolchain/avr8 gcc/native/3.4.1056/avr8-gnu-toolchain/bin/../lib/gcc/avr/4.8.1/../../../../avr/lib/avr6\libm.a(fp_norm2.o)
                0x0000368e                __fp_norm2
 .text.libgcc.div
                0x0000369c       0x44 c:/program files (x86)/atmel/atmel toolchain/avr8 gcc/native/3.4.1056/avr8-gnu-toolchain/bin/../lib/gcc/avr/4.8.1/avr6\libgcc.a(_udivmodsi4.o)
                0x0000369c                __udivmodsi4
 .text.libgcc   0x000036e0        0xc c:/program files (x86)/atmel/atmel toolchain/avr8 gcc/native/3.4.1056/avr8-gnu-toolchain/bin/../lib/gcc/avr/4.8.1/avr6\libgcc.a(_tablejump.o)
                0x000036e0                __tablejump2__
                0x000036e4                __tablejump__
 .text.libgcc   0x000036ec        0x8 c:/program files (x86)/atmel/atmel toolchain/avr8 gcc/native/3.4.1056/avr8-gnu-toolchain/bin/../lib/gcc/avr/4.8.1/avr6\libgcc.a(_tablejump_elpm.o)
                0x000036ec                __tablejump_elpm__
                0x000036f4                . = ALIGN (0x2)
 *(.fini9)
 .fini9         0x000036f4        0x0 c:/program files (x86)/atmel/atmel toolchain/avr8 gcc/native/3.4.1056/avr8-gnu-toolchain/bin/../lib/gcc/avr/4.8.1/avr6\libgcc.a(_exit.o)
                0x000036f4                _exit
                0x000036f4                exit
 *(.fini9)
 *(.fini8)
 *(.fini8)
 *(.fini7)
 *(.fini7)
 *(.fini6)
 *(.fini6)
 *(.fini5)
 *(.fini5)
 *(.fini4)
 *(.fini4)
 *(.fini3)
 *(.fini3)
 *(.fini2)
 *(.fini2)
 *(.fini1)
 *(.fini1)
 *(.fini0)
 .fini0         0x000036f4        0x4 c:/program files (x86)/atmel/atmel toolchain/avr8 gcc/native/3.4.1056/avr8-gnu-toolchain/bin/../lib/gcc/avr/4.8.1/avr6\libgcc.a(_exit.o)
 *(.fini0)
                0x000036f8                _etext = .

.data           0x00800200       0x7e load address 0x000036f8
                0x00800200                PROVIDE (__data_start, .)
 *(.data)
 .data          0x00800200        0x0 c:/program files (x86)/atmel/atmel toolchain/avr8 gcc/native/3.4.1056/avr8-gnu-toolchain/bin/../lib/gcc/avr/4.8.1/../../../../avr/lib/avr6/crtm2560.o
 .data          0x00800200        0x0 FreeRTOS2560.o
 .data          0x00800200        0x0 heap_1.o
 .data          0x00800200        0x0 list.o
 .data          0x00800200        0x0 port.o
 .data          0x00800200        0x0 queue.o
 .data          0x00800200        0x0 tasks.o
 .data          0x00800200        0x0 twi.o
 .data          0x00800200        0x0 Wire.o
 .data          0x00800200        0x0 ../../../Arduino/Arduino/Debug\libarduino.a(HardwareSerial.o)
 .data          0x00800200        0x0 ../../../Arduino/Arduino/Debug\libarduino.a(new.o)
 .data          0x00800200        0x0 ../../../Arduino/Arduino/Debug\libarduino.a(Print.o)
 .data          0x00800200        0x0 ../../../Arduino/Arduino/Debug\libarduino.a(wiring.o)
 .data          0x00800200        0x0 ../../../Arduino/Arduino/Debug\libarduino.a(wiring_digital.o)
 .data          0x00800200        0x0 ../../../Arduino/Arduino/Debug\libarduino.a(WString.o)
 .data          0x00800200        0x0 c:/program files (x86)/atmel/atmel toolchain/avr8 gcc/native/3.4.1056/avr8-gnu-toolchain/bin/../lib/gcc/avr/4.8.1/../../../../avr/lib/avr6\libm.a(addsf3.o)
 .data          0x00800200        0x0 c:/program files (x86)/atmel/atmel toolchain/avr8 gcc/native/3.4.1056/avr8-gnu-toolchain/bin/../lib/gcc/avr/4.8.1/../../../../avr/lib/avr6\libm.a(addsf3x.o)
 .data          0x00800200        0x0 c:/program files (x86)/atmel/atmel toolchain/avr8 gcc/native/3.4.1056/avr8-gnu-toolchain/bin/../lib/gcc/avr/4.8.1/../../../../avr/lib/avr6\libm.a(atan2.o)
 .data          0x00800200        0x0 c:/program files (x86)/atmel/atmel toolchain/avr8 gcc/native/3.4.1056/avr8-gnu-toolchain/bin/../lib/gcc/avr/4.8.1/../../../../avr/lib/avr6\libm.a(atan.o)
 .data          0x00800200        0x0 c:/program files (x86)/atmel/atmel toolchain/avr8 gcc/native/3.4.1056/avr8-gnu-toolchain/bin/../lib/gcc/avr/4.8.1/../../../../avr/lib/avr6\libm.a(cmpsf2.o)
 .data          0x00800200        0x0 c:/program files (x86)/atmel/atmel toolchain/avr8 gcc/native/3.4.1056/avr8-gnu-toolchain/bin/../lib/gcc/avr/4.8.1/../../../../avr/lib/avr6\libm.a(divsf3.o)
 .data          0x00800200        0x0 c:/program files (x86)/atmel/atmel toolchain/avr8 gcc/native/3.4.1056/avr8-gnu-toolchain/bin/../lib/gcc/avr/4.8.1/../../../../avr/lib/avr6\libm.a(divsf3x.o)
 .data          0x00800200        0x0 c:/program files (x86)/atmel/atmel toolchain/avr8 gcc/native/3.4.1056/avr8-gnu-toolchain/bin/../lib/gcc/avr/4.8.1/../../../../avr/lib/avr6\libm.a(fixsfsi.o)
 .data          0x00800200        0x0 c:/program files (x86)/atmel/atmel toolchain/avr8 gcc/native/3.4.1056/avr8-gnu-toolchain/bin/../lib/gcc/avr/4.8.1/../../../../avr/lib/avr6\libm.a(fixunssfsi.o)
 .data          0x00800200        0x0 c:/program files (x86)/atmel/atmel toolchain/avr8 gcc/native/3.4.1056/avr8-gnu-toolchain/bin/../lib/gcc/avr/4.8.1/../../../../avr/lib/avr6\libm.a(floatsisf.o)
 .data          0x00800200        0x0 c:/program files (x86)/atmel/atmel toolchain/avr8 gcc/native/3.4.1056/avr8-gnu-toolchain/bin/../lib/gcc/avr/4.8.1/../../../../avr/lib/avr6\libm.a(fp_cmp.o)
 .data          0x00800200        0x0 c:/program files (x86)/atmel/atmel toolchain/avr8 gcc/native/3.4.1056/avr8-gnu-toolchain/bin/../lib/gcc/avr/4.8.1/../../../../avr/lib/avr6\libm.a(fp_inf.o)
 .data          0x00800200        0x0 c:/program files (x86)/atmel/atmel toolchain/avr8 gcc/native/3.4.1056/avr8-gnu-toolchain/bin/../lib/gcc/avr/4.8.1/../../../../avr/lib/avr6\libm.a(fp_nan.o)
 .data          0x00800200        0x0 c:/program files (x86)/atmel/atmel toolchain/avr8 gcc/native/3.4.1056/avr8-gnu-toolchain/bin/../lib/gcc/avr/4.8.1/../../../../avr/lib/avr6\libm.a(fp_powser.o)
 .data          0x00800200        0x0 c:/program files (x86)/atmel/atmel toolchain/avr8 gcc/native/3.4.1056/avr8-gnu-toolchain/bin/../lib/gcc/avr/4.8.1/../../../../avr/lib/avr6\libm.a(fp_pscA.o)
 .data          0x00800200        0x0 c:/program files (x86)/atmel/atmel toolchain/avr8 gcc/native/3.4.1056/avr8-gnu-toolchain/bin/../lib/gcc/avr/4.8.1/../../../../avr/lib/avr6\libm.a(fp_pscB.o)
 .data          0x00800200        0x0 c:/program files (x86)/atmel/atmel toolchain/avr8 gcc/native/3.4.1056/avr8-gnu-toolchain/bin/../lib/gcc/avr/4.8.1/../../../../avr/lib/avr6\libm.a(fp_round.o)
 .data          0x00800200        0x0 c:/program files (x86)/atmel/atmel toolchain/avr8 gcc/native/3.4.1056/avr8-gnu-toolchain/bin/../lib/gcc/avr/4.8.1/../../../../avr/lib/avr6\libm.a(fp_split3.o)
 .data          0x00800200        0x0 c:/program files (x86)/atmel/atmel toolchain/avr8 gcc/native/3.4.1056/avr8-gnu-toolchain/bin/../lib/gcc/avr/4.8.1/../../../../avr/lib/avr6\libm.a(fp_zero.o)
 .data          0x00800200        0x0 c:/program files (x86)/atmel/atmel toolchain/avr8 gcc/native/3.4.1056/avr8-gnu-toolchain/bin/../lib/gcc/avr/4.8.1/../../../../avr/lib/avr6\libm.a(gesf2.o)
 .data          0x00800200        0x0 c:/program files (x86)/atmel/atmel toolchain/avr8 gcc/native/3.4.1056/avr8-gnu-toolchain/bin/../lib/gcc/avr/4.8.1/../../../../avr/lib/avr6\libm.a(inverse.o)
 .data          0x00800200        0x0 c:/program files (x86)/atmel/atmel toolchain/avr8 gcc/native/3.4.1056/avr8-gnu-toolchain/bin/../lib/gcc/avr/4.8.1/../../../../avr/lib/avr6\libm.a(mulsf3.o)
 .data          0x00800200        0x0 c:/program files (x86)/atmel/atmel toolchain/avr8 gcc/native/3.4.1056/avr8-gnu-toolchain/bin/../lib/gcc/avr/4.8.1/../../../../avr/lib/avr6\libm.a(mulsf3x.o)
 .data          0x00800200        0x0 c:/program files (x86)/atmel/atmel toolchain/avr8 gcc/native/3.4.1056/avr8-gnu-toolchain/bin/../lib/gcc/avr/4.8.1/../../../../avr/lib/avr6\libm.a(sqrt.o)
 .data          0x00800200        0x0 c:/program files (x86)/atmel/atmel toolchain/avr8 gcc/native/3.4.1056/avr8-gnu-toolchain/bin/../lib/gcc/avr/4.8.1/../../../../avr/lib/avr6\libm.a(square.o)
 .data          0x00800200        0x0 c:/program files (x86)/atmel/atmel toolchain/avr8 gcc/native/3.4.1056/avr8-gnu-toolchain/bin/../lib/gcc/avr/4.8.1/../../../../avr/lib/avr6\libm.a(unordsf2.o)
 .data          0x00800200        0x0 c:/program files (x86)/atmel/atmel toolchain/avr8 gcc/native/3.4.1056/avr8-gnu-toolchain/bin/../lib/gcc/avr/4.8.1/../../../../avr/lib/avr6\libm.a(fp_mpack.o)
 .data          0x00800200        0x0 c:/program files (x86)/atmel/atmel toolchain/avr8 gcc/native/3.4.1056/avr8-gnu-toolchain/bin/../lib/gcc/avr/4.8.1/../../../../avr/lib/avr6\libm.a(fp_norm2.o)
 .data          0x00800200        0x0 c:/program files (x86)/atmel/atmel toolchain/avr8 gcc/native/3.4.1056/avr8-gnu-toolchain/bin/../lib/gcc/avr/4.8.1/avr6\libgcc.a(_udivmodsi4.o)
 .data          0x00800200        0x0 c:/program files (x86)/atmel/atmel toolchain/avr8 gcc/native/3.4.1056/avr8-gnu-toolchain/bin/../lib/gcc/avr/4.8.1/avr6\libgcc.a(_exit.o)
 .data          0x00800200        0x0 c:/program files (x86)/atmel/atmel toolchain/avr8 gcc/native/3.4.1056/avr8-gnu-toolchain/bin/../lib/gcc/avr/4.8.1/avr6\libgcc.a(_tablejump.o)
 .data          0x00800200        0x0 c:/program files (x86)/atmel/atmel toolchain/avr8 gcc/native/3.4.1056/avr8-gnu-toolchain/bin/../lib/gcc/avr/4.8.1/avr6\libgcc.a(_copy_data.o)
 .data          0x00800200        0x0 c:/program files (x86)/atmel/atmel toolchain/avr8 gcc/native/3.4.1056/avr8-gnu-toolchain/bin/../lib/gcc/avr/4.8.1/avr6\libgcc.a(_clear_bss.o)
 .data          0x00800200        0x0 c:/program files (x86)/atmel/atmel toolchain/avr8 gcc/native/3.4.1056/avr8-gnu-toolchain/bin/../lib/gcc/avr/4.8.1/avr6\libgcc.a(_ctors.o)
 .data          0x00800200        0x0 c:/program files (x86)/atmel/atmel toolchain/avr8 gcc/native/3.4.1056/avr8-gnu-toolchain/bin/../lib/gcc/avr/4.8.1/avr6\libgcc.a(_tablejump_elpm.o)
 .data          0x00800200        0x6 c:/program files (x86)/atmel/atmel toolchain/avr8 gcc/native/3.4.1056/avr8-gnu-toolchain/bin/../lib/gcc/avr/4.8.1/../../../../avr/lib/avr6\libc.a(malloc.o)
                0x00800200                __malloc_heap_end
                0x00800202                __malloc_heap_start
                0x00800204                __malloc_margin
 .data          0x00800206        0x0 c:/program files (x86)/atmel/atmel toolchain/avr8 gcc/native/3.4.1056/avr8-gnu-toolchain/bin/../lib/gcc/avr/4.8.1/../../../../avr/lib/avr6\libc.a(realloc.o)
 .data          0x00800206        0x0 c:/program files (x86)/atmel/atmel toolchain/avr8 gcc/native/3.4.1056/avr8-gnu-toolchain/bin/../lib/gcc/avr/4.8.1/../../../../avr/lib/avr6\libc.a(atol.o)
 .data          0x00800206        0x0 c:/program files (x86)/atmel/atmel toolchain/avr8 gcc/native/3.4.1056/avr8-gnu-toolchain/bin/../lib/gcc/avr/4.8.1/../../../../avr/lib/avr6\libc.a(isspace.o)
 .data          0x00800206        0x0 c:/program files (x86)/atmel/atmel toolchain/avr8 gcc/native/3.4.1056/avr8-gnu-toolchain/bin/../lib/gcc/avr/4.8.1/../../../../avr/lib/avr6\libc.a(tolower.o)
 .data          0x00800206        0x0 c:/program files (x86)/atmel/atmel toolchain/avr8 gcc/native/3.4.1056/avr8-gnu-toolchain/bin/../lib/gcc/avr/4.8.1/../../../../avr/lib/avr6\libc.a(toupper.o)
 .data          0x00800206        0x0 c:/program files (x86)/atmel/atmel toolchain/avr8 gcc/native/3.4.1056/avr8-gnu-toolchain/bin/../lib/gcc/avr/4.8.1/../../../../avr/lib/avr6\libc.a(memcpy.o)
 .data          0x00800206        0x0 c:/program files (x86)/atmel/atmel toolchain/avr8 gcc/native/3.4.1056/avr8-gnu-toolchain/bin/../lib/gcc/avr/4.8.1/../../../../avr/lib/avr6\libc.a(memmove.o)
 .data          0x00800206        0x0 c:/program files (x86)/atmel/atmel toolchain/avr8 gcc/native/3.4.1056/avr8-gnu-toolchain/bin/../lib/gcc/avr/4.8.1/../../../../avr/lib/avr6\libc.a(strchr.o)
 .data          0x00800206        0x0 c:/program files (x86)/atmel/atmel toolchain/avr8 gcc/native/3.4.1056/avr8-gnu-toolchain/bin/../lib/gcc/avr/4.8.1/../../../../avr/lib/avr6\libc.a(strcmp.o)
 .data          0x00800206        0x0 c:/program files (x86)/atmel/atmel toolchain/avr8 gcc/native/3.4.1056/avr8-gnu-toolchain/bin/../lib/gcc/avr/4.8.1/../../../../avr/lib/avr6\libc.a(strcpy.o)
 .data          0x00800206        0x0 c:/program files (x86)/atmel/atmel toolchain/avr8 gcc/native/3.4.1056/avr8-gnu-toolchain/bin/../lib/gcc/avr/4.8.1/../../../../avr/lib/avr6\libc.a(strncmp.o)
 .data          0x00800206        0x0 c:/program files (x86)/atmel/atmel toolchain/avr8 gcc/native/3.4.1056/avr8-gnu-toolchain/bin/../lib/gcc/avr/4.8.1/../../../../avr/lib/avr6\libc.a(strncpy.o)
 .data          0x00800206        0x0 c:/program files (x86)/atmel/atmel toolchain/avr8 gcc/native/3.4.1056/avr8-gnu-toolchain/bin/../lib/gcc/avr/4.8.1/../../../../avr/lib/avr6\libc.a(strrchr.o)
 .data          0x00800206        0x0 c:/program files (x86)/atmel/atmel toolchain/avr8 gcc/native/3.4.1056/avr8-gnu-toolchain/bin/../lib/gcc/avr/4.8.1/../../../../avr/lib/avr6\libc.a(strstr.o)
 .data          0x00800206        0x0 c:/program files (x86)/atmel/atmel toolchain/avr8 gcc/native/3.4.1056/avr8-gnu-toolchain/bin/../lib/gcc/avr/4.8.1/../../../../avr/lib/avr6\libc.a(itoa.o)
 .data          0x00800206        0x0 c:/program files (x86)/atmel/atmel toolchain/avr8 gcc/native/3.4.1056/avr8-gnu-toolchain/bin/../lib/gcc/avr/4.8.1/../../../../avr/lib/avr6\libc.a(itoa_ncheck.o)
 .data          0x00800206        0x0 c:/program files (x86)/atmel/atmel toolchain/avr8 gcc/native/3.4.1056/avr8-gnu-toolchain/bin/../lib/gcc/avr/4.8.1/../../../../avr/lib/avr6\libc.a(ltoa.o)
 .data          0x00800206        0x0 c:/program files (x86)/atmel/atmel toolchain/avr8 gcc/native/3.4.1056/avr8-gnu-toolchain/bin/../lib/gcc/avr/4.8.1/../../../../avr/lib/avr6\libc.a(ltoa_ncheck.o)
 .data          0x00800206        0x0 c:/program files (x86)/atmel/atmel toolchain/avr8 gcc/native/3.4.1056/avr8-gnu-toolchain/bin/../lib/gcc/avr/4.8.1/../../../../avr/lib/avr6\libc.a(mulsi10.o)
 .data          0x00800206        0x0 c:/program files (x86)/atmel/atmel toolchain/avr8 gcc/native/3.4.1056/avr8-gnu-toolchain/bin/../lib/gcc/avr/4.8.1/../../../../avr/lib/avr6\libc.a(ultoa.o)
 .data          0x00800206        0x0 c:/program files (x86)/atmel/atmel toolchain/avr8 gcc/native/3.4.1056/avr8-gnu-toolchain/bin/../lib/gcc/avr/4.8.1/../../../../avr/lib/avr6\libc.a(ultoa_ncheck.o)
 .data          0x00800206        0x0 c:/program files (x86)/atmel/atmel toolchain/avr8 gcc/native/3.4.1056/avr8-gnu-toolchain/bin/../lib/gcc/avr/4.8.1/../../../../avr/lib/avr6\libc.a(utoa.o)
 .data          0x00800206        0x0 c:/program files (x86)/atmel/atmel toolchain/avr8 gcc/native/3.4.1056/avr8-gnu-toolchain/bin/../lib/gcc/avr/4.8.1/../../../../avr/lib/avr6\libc.a(utoa_ncheck.o)
 .data          0x00800206        0x0 c:/program files (x86)/atmel/atmel toolchain/avr8 gcc/native/3.4.1056/avr8-gnu-toolchain/bin/../lib/gcc/avr/4.8.1/../../../../avr/lib/avr6\libc.a(cty_isfalse.o)
 .data          0x00800206        0x0 c:/program files (x86)/atmel/atmel toolchain/avr8 gcc/native/3.4.1056/avr8-gnu-toolchain/bin/../lib/gcc/avr/4.8.1/../../../../avr/lib/avr6\libc.a(strrev.o)
 *(.data*)
 .data.xNextTaskUnblockTime
                0x00800206        0x2 tasks.o
 *(.rodata)
 *(.rodata*)
 .rodata.str1.1
                0x00800208       0x42 FreeRTOS2560.o
 .rodata.str1.1
                0x0080024a        0x5 tasks.o
 .rodata._ZTV7TwoWire
                0x0080024f       0x10 Wire.o
                0x0080024f                _ZTV7TwoWire
 .rodata._ZTV14HardwareSerial
                0x0080025f       0x10 ../../../Arduino/Arduino/Debug\libarduino.a(HardwareSerial.o)
                0x0080025f                _ZTV14HardwareSerial
 .rodata.str1.1
                0x0080026f        0xe ../../../Arduino/Arduino/Debug\libarduino.a(Print.o)
 *(.gnu.linkonce.d*)
                0x0080027e                . = ALIGN (0x2)
 *fill*         0x0080027d        0x1 
                0x0080027e                _edata = .
                0x0080027e                PROVIDE (__data_end, .)

.bss            0x0080027e      0xa5e
                0x0080027e                PROVIDE (__bss_start, .)
 *(.bss)
 *(.bss*)
 .bss.i2cData   0x0080027e        0xe FreeRTOS2560.o
                0x0080027e                i2cData
 .bss.timer     0x0080028c        0x4 FreeRTOS2560.o
                0x0080028c                timer
 .bss.kalAngleY
                0x00800290        0x4 FreeRTOS2560.o
                0x00800290                kalAngleY
 .bss.kalAngleX
                0x00800294        0x4 FreeRTOS2560.o
                0x00800294                kalAngleX
 .bss.compAngleY
                0x00800298        0x4 FreeRTOS2560.o
                0x00800298                compAngleY
 .bss.compAngleX
                0x0080029c        0x4 FreeRTOS2560.o
                0x0080029c                compAngleX
 .bss.gyroYangle
                0x008002a0        0x4 FreeRTOS2560.o
                0x008002a0                gyroYangle
 .bss.gyroXangle
                0x008002a4        0x4 FreeRTOS2560.o
                0x008002a4                gyroXangle
 .bss.tempRaw   0x008002a8        0x2 FreeRTOS2560.o
                0x008002a8                tempRaw
 .bss.gyroZ     0x008002aa        0x4 FreeRTOS2560.o
                0x008002aa                gyroZ
 .bss.gyroY     0x008002ae        0x4 FreeRTOS2560.o
                0x008002ae                gyroY
 .bss.gyroX     0x008002b2        0x4 FreeRTOS2560.o
                0x008002b2                gyroX
 .bss.accZ      0x008002b6        0x4 FreeRTOS2560.o
                0x008002b6                accZ
 .bss.accY      0x008002ba        0x4 FreeRTOS2560.o
                0x008002ba                accY
 .bss.accX      0x008002be        0x4 FreeRTOS2560.o
                0x008002be                accX
 .bss.kalmanY   0x008002c2       0x38 FreeRTOS2560.o
                0x008002c2                kalmanY
 .bss.kalmanX   0x008002fa       0x38 FreeRTOS2560.o
                0x008002fa                kalmanX
 .bss.pucAlignedHeap.1837
                0x00800332        0x2 heap_1.o
 .bss.xNextFreeByte
                0x00800334        0x2 heap_1.o
 .bss.ucHeap    0x00800336      0x5dc heap_1.o
 .bss.uxSchedulerSuspended
                0x00800912        0x1 tasks.o
 .bss.uxTaskNumber
                0x00800913        0x1 tasks.o
 .bss.xNumOfOverflows
                0x00800914        0x1 tasks.o
 .bss.xYieldPending
                0x00800915        0x1 tasks.o
 .bss.uxPendedTicks
                0x00800916        0x1 tasks.o
 .bss.xSchedulerRunning
                0x00800917        0x1 tasks.o
 .bss.uxTopReadyPriority
                0x00800918        0x1 tasks.o
 .bss.xTickCount
                0x00800919        0x2 tasks.o
 .bss.uxCurrentNumberOfTasks
                0x0080091b        0x1 tasks.o
 .bss.uxTasksDeleted
                0x0080091c        0x1 tasks.o
 .bss.xTasksWaitingTermination
                0x0080091d        0x9 tasks.o
 .bss.xPendingReadyList
                0x00800926        0x9 tasks.o
 .bss.pxOverflowDelayedTaskList
                0x0080092f        0x2 tasks.o
 .bss.pxDelayedTaskList
                0x00800931        0x2 tasks.o
 .bss.xDelayedTaskList2
                0x00800933        0x9 tasks.o
 .bss.xDelayedTaskList1
                0x0080093c        0x9 tasks.o
 .bss.pxReadyTasksLists
                0x00800945       0x24 tasks.o
 .bss.pxCurrentTCB
                0x00800969        0x2 tasks.o
                0x00800969                pxCurrentTCB
 .bss.twi_error
                0x0080096b        0x1 twi.o
 .bss.twi_rxBufferIndex
                0x0080096c        0x1 twi.o
 .bss.twi_rxBuffer
                0x0080096d       0x20 twi.o
 .bss.twi_txBufferLength
                0x0080098d        0x1 twi.o
 .bss.twi_txBufferIndex
                0x0080098e        0x1 twi.o
 .bss.twi_txBuffer
                0x0080098f       0x20 twi.o
 .bss.twi_masterBufferLength
                0x008009af        0x1 twi.o
 .bss.twi_masterBufferIndex
                0x008009b0        0x1 twi.o
 .bss.twi_masterBuffer
                0x008009b1       0x20 twi.o
 .bss.twi_onSlaveReceive
                0x008009d1        0x2 twi.o
 .bss.twi_onSlaveTransmit
                0x008009d3        0x2 twi.o
 .bss.twi_inRepStart
                0x008009d5        0x1 twi.o
 .bss.twi_sendStop
                0x008009d6        0x1 twi.o
 .bss.twi_slarw
                0x008009d7        0x1 twi.o
 .bss.twi_state
                0x008009d8        0x1 twi.o
 .bss.Wire      0x008009d9        0xc Wire.o
                0x008009d9                Wire
 .bss._ZN7TwoWire12transmittingE
                0x008009e5        0x1 Wire.o
                0x008009e5                _ZN7TwoWire12transmittingE
 .bss._ZN7TwoWire14txBufferLengthE
                0x008009e6        0x1 Wire.o
                0x008009e6                _ZN7TwoWire14txBufferLengthE
 .bss._ZN7TwoWire13txBufferIndexE
                0x008009e7        0x1 Wire.o
                0x008009e7                _ZN7TwoWire13txBufferIndexE
 .bss._ZN7TwoWire8txBufferE
                0x008009e8       0x20 Wire.o
                0x008009e8                _ZN7TwoWire8txBufferE
 .bss._ZN7TwoWire9txAddressE
                0x00800a08        0x1 Wire.o
                0x00800a08                _ZN7TwoWire9txAddressE
 .bss._ZN7TwoWire14rxBufferLengthE
                0x00800a09        0x1 Wire.o
                0x00800a09                _ZN7TwoWire14rxBufferLengthE
 .bss._ZN7TwoWire13rxBufferIndexE
                0x00800a0a        0x1 Wire.o
                0x00800a0a                _ZN7TwoWire13rxBufferIndexE
 .bss._ZN7TwoWire8rxBufferE
                0x00800a0b       0x20 Wire.o
                0x00800a0b                _ZN7TwoWire8rxBufferE
 .bss.Serial3   0x00800a2b       0x22 ../../../Arduino/Arduino/Debug\libarduino.a(HardwareSerial.o)
                0x00800a2b                Serial3
 .bss.Serial2   0x00800a4d       0x22 ../../../Arduino/Arduino/Debug\libarduino.a(HardwareSerial.o)
                0x00800a4d                Serial2
 .bss.Serial1   0x00800a6f       0x22 ../../../Arduino/Arduino/Debug\libarduino.a(HardwareSerial.o)
                0x00800a6f                Serial1
 .bss.Serial    0x00800a91       0x22 ../../../Arduino/Arduino/Debug\libarduino.a(HardwareSerial.o)
                0x00800a91                Serial
 .bss.tx_buffer3
                0x00800ab3       0x44 ../../../Arduino/Arduino/Debug\libarduino.a(HardwareSerial.o)
                0x00800ab3                tx_buffer3
 .bss.rx_buffer3
                0x00800af7       0x44 ../../../Arduino/Arduino/Debug\libarduino.a(HardwareSerial.o)
                0x00800af7                rx_buffer3
 .bss.tx_buffer2
                0x00800b3b       0x44 ../../../Arduino/Arduino/Debug\libarduino.a(HardwareSerial.o)
                0x00800b3b                tx_buffer2
 .bss.rx_buffer2
                0x00800b7f       0x44 ../../../Arduino/Arduino/Debug\libarduino.a(HardwareSerial.o)
                0x00800b7f                rx_buffer2
 .bss.tx_buffer1
                0x00800bc3       0x44 ../../../Arduino/Arduino/Debug\libarduino.a(HardwareSerial.o)
                0x00800bc3                tx_buffer1
 .bss.rx_buffer1
                0x00800c07       0x44 ../../../Arduino/Arduino/Debug\libarduino.a(HardwareSerial.o)
                0x00800c07                rx_buffer1
 .bss.tx_buffer
                0x00800c4b       0x44 ../../../Arduino/Arduino/Debug\libarduino.a(HardwareSerial.o)
                0x00800c4b                tx_buffer
 .bss.rx_buffer
                0x00800c8f       0x44 ../../../Arduino/Arduino/Debug\libarduino.a(HardwareSerial.o)
                0x00800c8f                rx_buffer
 .bss.timer0_fract
                0x00800cd3        0x1 ../../../Arduino/Arduino/Debug\libarduino.a(wiring.o)
 .bss.timer0_millis
                0x00800cd4        0x4 ../../../Arduino/Arduino/Debug\libarduino.a(wiring.o)
                0x00800cd4                timer0_millis
 .bss.timer0_overflow_count
                0x00800cd8        0x4 ../../../Arduino/Arduino/Debug\libarduino.a(wiring.o)
                0x00800cd8                timer0_overflow_count
 *(COMMON)
                0x00800cdc                PROVIDE (__bss_end, .)
                0x000036f8                __data_load_start = LOADADDR (.data)
                0x00003776                __data_load_end = (__data_load_start + SIZEOF (.data))

.noinit         0x00800cdc        0x0
                0x00800cdc                PROVIDE (__noinit_start, .)
 *(.noinit*)
                0x00800cdc                PROVIDE (__noinit_end, .)
                0x00800cdc                _end = .
                0x00800cdc                PROVIDE (__heap_start, .)

.eeprom         0x00810000        0x0
 *(.eeprom*)
                0x00810000                __eeprom_end = .

.fuse
 *(.fuse)
 *(.lfuse)
 *(.hfuse)
 *(.efuse)

.lock
 *(.lock*)

.signature
 *(.signature*)

.user_signatures
 *(.user_signatures*)

.stab
 *(.stab)

.stabstr
 *(.stabstr)

.stab.excl
 *(.stab.excl)

.stab.exclstr
 *(.stab.exclstr)

.stab.index
 *(.stab.index)

.stab.indexstr
 *(.stab.indexstr)

.comment        0x00000000       0x30
 *(.comment)
 .comment       0x00000000       0x30 FreeRTOS2560.o
                                 0x31 (size before relaxing)
 .comment       0x00000000       0x31 heap_1.o
 .comment       0x00000000       0x31 list.o
 .comment       0x00000000       0x31 port.o
 .comment       0x00000000       0x31 queue.o
 .comment       0x00000000       0x31 tasks.o
 .comment       0x00000000       0x31 twi.o
 .comment       0x00000000       0x31 Wire.o
 .comment       0x00000000       0x31 ../../../Arduino/Arduino/Debug\libarduino.a(HardwareSerial.o)
 .comment       0x00000000       0x31 ../../../Arduino/Arduino/Debug\libarduino.a(new.o)
 .comment       0x00000000       0x31 ../../../Arduino/Arduino/Debug\libarduino.a(Print.o)
 .comment       0x00000000       0x31 ../../../Arduino/Arduino/Debug\libarduino.a(wiring.o)
 .comment       0x00000000       0x31 ../../../Arduino/Arduino/Debug\libarduino.a(wiring_digital.o)
 .comment       0x00000000       0x31 ../../../Arduino/Arduino/Debug\libarduino.a(WString.o)
 .comment       0x00000000       0x31 c:/program files (x86)/atmel/atmel toolchain/avr8 gcc/native/3.4.1056/avr8-gnu-toolchain/bin/../lib/gcc/avr/4.8.1/../../../../avr/lib/avr6\libc.a(malloc.o)
 .comment       0x00000000       0x31 c:/program files (x86)/atmel/atmel toolchain/avr8 gcc/native/3.4.1056/avr8-gnu-toolchain/bin/../lib/gcc/avr/4.8.1/../../../../avr/lib/avr6\libc.a(realloc.o)

.note.gnu.build-id
 *(.note.gnu.build-id)

.debug
 *(.debug)

.line
 *(.line)

.debug_srcinfo
 *(.debug_srcinfo)

.debug_sfnames
 *(.debug_sfnames)

.debug_aranges  0x00000000      0x878
 *(.debug_aranges)
 .debug_aranges
                0x00000000       0x58 FreeRTOS2560.o
 .debug_aranges
                0x00000058       0x38 heap_1.o
 .debug_aranges
                0x00000090       0x40 list.o
 .debug_aranges
                0x000000d0       0x48 port.o
 .debug_aranges
                0x00000118       0x98 queue.o
 .debug_aranges
                0x000001b0       0xd8 tasks.o
 .debug_aranges
                0x00000288       0x70 twi.o
 .debug_aranges
                0x000002f8       0xd0 Wire.o
 .debug_aranges
                0x000003c8       0xd8 ../../../Arduino/Arduino/Debug\libarduino.a(HardwareSerial.o)
 .debug_aranges
                0x000004a0       0x58 ../../../Arduino/Arduino/Debug\libarduino.a(new.o)
 .debug_aranges
                0x000004f8       0xe8 ../../../Arduino/Arduino/Debug\libarduino.a(Print.o)
 .debug_aranges
                0x000005e0       0x48 ../../../Arduino/Arduino/Debug\libarduino.a(wiring.o)
 .debug_aranges
                0x00000628       0x38 ../../../Arduino/Arduino/Debug\libarduino.a(wiring_digital.o)
 .debug_aranges
                0x00000660      0x218 ../../../Arduino/Arduino/Debug\libarduino.a(WString.o)

.debug_pubnames
 *(.debug_pubnames)

.debug_info     0x00000000     0xe5e2
 *(.debug_info .gnu.linkonce.wi.*)
 .debug_info    0x00000000     0x1362 FreeRTOS2560.o
 .debug_info    0x00001362      0x1ad heap_1.o
 .debug_info    0x0000150f      0x2c6 list.o
 .debug_info    0x000017d5      0x20d port.o
 .debug_info    0x000019e2      0xf15 queue.o
 .debug_info    0x000028f7     0x137b tasks.o
 .debug_info    0x00003c72      0x717 twi.o
 .debug_info    0x00004389     0x1e1a Wire.o
 .debug_info    0x000061a3     0x1f94 ../../../Arduino/Arduino/Debug\libarduino.a(HardwareSerial.o)
 .debug_info    0x00008137      0x230 ../../../Arduino/Arduino/Debug\libarduino.a(new.o)
 .debug_info    0x00008367     0x23ca ../../../Arduino/Arduino/Debug\libarduino.a(Print.o)
 .debug_info    0x0000a731      0x30b ../../../Arduino/Arduino/Debug\libarduino.a(wiring.o)
 .debug_info    0x0000aa3c      0x63a ../../../Arduino/Arduino/Debug\libarduino.a(wiring_digital.o)
 .debug_info    0x0000b076     0x356c ../../../Arduino/Arduino/Debug\libarduino.a(WString.o)

.debug_abbrev   0x00000000     0x2579
 *(.debug_abbrev)
 .debug_abbrev  0x00000000      0x3df FreeRTOS2560.o
 .debug_abbrev  0x000003df      0x12e heap_1.o
 .debug_abbrev  0x0000050d       0xf8 list.o
 .debug_abbrev  0x00000605      0x13d port.o
 .debug_abbrev  0x00000742      0x2a5 queue.o
 .debug_abbrev  0x000009e7      0x304 tasks.o
 .debug_abbrev  0x00000ceb      0x251 twi.o
 .debug_abbrev  0x00000f3c      0x4b9 Wire.o
 .debug_abbrev  0x000013f5      0x53c ../../../Arduino/Arduino/Debug\libarduino.a(HardwareSerial.o)
 .debug_abbrev  0x00001931      0x13f ../../../Arduino/Arduino/Debug\libarduino.a(new.o)
 .debug_abbrev  0x00001a70      0x3dd ../../../Arduino/Arduino/Debug\libarduino.a(Print.o)
 .debug_abbrev  0x00001e4d      0x134 ../../../Arduino/Arduino/Debug\libarduino.a(wiring.o)
 .debug_abbrev  0x00001f81      0x15a ../../../Arduino/Arduino/Debug\libarduino.a(wiring_digital.o)
 .debug_abbrev  0x000020db      0x49e ../../../Arduino/Arduino/Debug\libarduino.a(WString.o)

.debug_line     0x00000000     0x5174
 *(.debug_line .debug_line.* .debug_line_end)
 .debug_line    0x00000000      0x7af FreeRTOS2560.o
 .debug_line    0x000007af      0x230 heap_1.o
 .debug_line    0x000009df      0x244 list.o
 .debug_line    0x00000c23      0x307 port.o
 .debug_line    0x00000f2a      0x804 queue.o
 .debug_line    0x0000172e      0x9e4 tasks.o
 .debug_line    0x00002112      0x5c9 twi.o
 .debug_line    0x000026db      0x53e Wire.o
 .debug_line    0x00002c19      0x72e ../../../Arduino/Arduino/Debug\libarduino.a(HardwareSerial.o)
 .debug_line    0x00003347      0x222 ../../../Arduino/Arduino/Debug\libarduino.a(new.o)
 .debug_line    0x00003569      0x6e9 ../../../Arduino/Arduino/Debug\libarduino.a(Print.o)
 .debug_line    0x00003c52      0x2ea ../../../Arduino/Arduino/Debug\libarduino.a(wiring.o)
 .debug_line    0x00003f3c      0x2c6 ../../../Arduino/Arduino/Debug\libarduino.a(wiring_digital.o)
 .debug_line    0x00004202      0xf72 ../../../Arduino/Arduino/Debug\libarduino.a(WString.o)

.debug_frame    0x00000000     0x1d10
 *(.debug_frame)
 .debug_frame   0x00000000      0x1d4 FreeRTOS2560.o
 .debug_frame   0x000001d4       0x60 heap_1.o
 .debug_frame   0x00000234       0x88 list.o
 .debug_frame   0x000002bc       0x74 port.o
 .debug_frame   0x00000330      0x220 queue.o
 .debug_frame   0x00000550      0x2d4 tasks.o
 .debug_frame   0x00000824      0x114 twi.o
 .debug_frame   0x00000938      0x1d0 Wire.o
 .debug_frame   0x00000b08      0x470 ../../../Arduino/Arduino/Debug\libarduino.a(HardwareSerial.o)
 .debug_frame   0x00000f78       0x94 ../../../Arduino/Arduino/Debug\libarduino.a(new.o)
 .debug_frame   0x0000100c      0x3ec ../../../Arduino/Arduino/Debug\libarduino.a(Print.o)
 .debug_frame   0x000013f8       0xbc ../../../Arduino/Arduino/Debug\libarduino.a(wiring.o)
 .debug_frame   0x000014b4       0x7c ../../../Arduino/Arduino/Debug\libarduino.a(wiring_digital.o)
 .debug_frame   0x00001530      0x7e0 ../../../Arduino/Arduino/Debug\libarduino.a(WString.o)

.debug_str      0x00000000     0x2dee
 *(.debug_str)
 .debug_str     0x00000000      0x7c8 FreeRTOS2560.o
                                0x865 (size before relaxing)
 .debug_str     0x000007c8      0x145 heap_1.o
                                0x22b (size before relaxing)
 .debug_str     0x0000090d      0x129 list.o
                                0x2a6 (size before relaxing)
 .debug_str     0x00000a36       0xda port.o
                                0x27c (size before relaxing)
 .debug_str     0x00000b10      0x3d0 queue.o
                                0x685 (size before relaxing)
 .debug_str     0x00000ee0      0x47c tasks.o
                                0x940 (size before relaxing)
 .debug_str     0x0000135c      0x1b8 twi.o
                                0x34f (size before relaxing)
 .debug_str     0x00001514      0xd44 Wire.o
                               0x118c (size before relaxing)
 .debug_str     0x00002258      0x40d ../../../Arduino/Arduino/Debug\libarduino.a(HardwareSerial.o)
                               0x1079 (size before relaxing)
 .debug_str     0x00002665       0xc8 ../../../Arduino/Arduino/Debug\libarduino.a(new.o)
                                0x200 (size before relaxing)
 .debug_str     0x0000272d      0x2aa ../../../Arduino/Arduino/Debug\libarduino.a(Print.o)
                                0xcf3 (size before relaxing)
 .debug_str     0x000029d7       0x71 ../../../Arduino/Arduino/Debug\libarduino.a(wiring.o)
                                0x1f8 (size before relaxing)
 .debug_str     0x00002a48       0xc2 ../../../Arduino/Arduino/Debug\libarduino.a(wiring_digital.o)
                                0x26c (size before relaxing)
 .debug_str     0x00002b0a      0x2e4 ../../../Arduino/Arduino/Debug\libarduino.a(WString.o)
                                0xc0d (size before relaxing)

.debug_loc      0x00000000     0xa902
 *(.debug_loc)
 .debug_loc     0x00000000      0x802 FreeRTOS2560.o
 .debug_loc     0x00000802       0xf1 heap_1.o
 .debug_loc     0x000008f3      0x155 list.o
 .debug_loc     0x00000a48      0x29b port.o
 .debug_loc     0x00000ce3      0xfbb queue.o
 .debug_loc     0x00001c9e     0x1012 tasks.o
 .debug_loc     0x00002cb0      0x5a3 twi.o
 .debug_loc     0x00003253      0x875 Wire.o
 .debug_loc     0x00003ac8      0xe4b ../../../Arduino/Arduino/Debug\libarduino.a(HardwareSerial.o)
 .debug_loc     0x00004913       0xc0 ../../../Arduino/Arduino/Debug\libarduino.a(new.o)
 .debug_loc     0x000049d3     0x1fc9 ../../../Arduino/Arduino/Debug\libarduino.a(Print.o)
 .debug_loc     0x0000699c      0x22a ../../../Arduino/Arduino/Debug\libarduino.a(wiring.o)
 .debug_loc     0x00006bc6      0x700 ../../../Arduino/Arduino/Debug\libarduino.a(wiring_digital.o)
 .debug_loc     0x000072c6     0x363c ../../../Arduino/Arduino/Debug\libarduino.a(WString.o)

.debug_macinfo
 *(.debug_macinfo)

.debug_weaknames
 *(.debug_weaknames)

.debug_funcnames
 *(.debug_funcnames)

.debug_typenames
 *(.debug_typenames)

.debug_varnames
 *(.debug_varnames)

.debug_pubtypes
 *(.debug_pubtypes)

.debug_ranges   0x00000000      0x8d0
 *(.debug_ranges)
 .debug_ranges  0x00000000       0x48 FreeRTOS2560.o
 .debug_ranges  0x00000048       0x28 heap_1.o
 .debug_ranges  0x00000070       0x30 list.o
 .debug_ranges  0x000000a0       0x38 port.o
 .debug_ranges  0x000000d8       0x88 queue.o
 .debug_ranges  0x00000160      0x138 tasks.o
 .debug_ranges  0x00000298       0x60 twi.o
 .debug_ranges  0x000002f8       0xc0 Wire.o
 .debug_ranges  0x000003b8       0xc8 ../../../Arduino/Arduino/Debug\libarduino.a(HardwareSerial.o)
 .debug_ranges  0x00000480       0x48 ../../../Arduino/Arduino/Debug\libarduino.a(new.o)
 .debug_ranges  0x000004c8      0x168 ../../../Arduino/Arduino/Debug\libarduino.a(Print.o)
 .debug_ranges  0x00000630       0x38 ../../../Arduino/Arduino/Debug\libarduino.a(wiring.o)
 .debug_ranges  0x00000668       0x28 ../../../Arduino/Arduino/Debug\libarduino.a(wiring_digital.o)
 .debug_ranges  0x00000690      0x240 ../../../Arduino/Arduino/Debug\libarduino.a(WString.o)

.debug_macro
 *(.debug_macro)
OUTPUT(FreeRTOS2560.elf elf32-avr)
LOAD linker stubs
