Archive member included because of file (symbol)

c:/program files (x86)/atmel/atmel toolchain/avr8 gcc/native/3.4.1056/avr8-gnu-toolchain/bin/../lib/gcc/avr/4.8.1/../../../../avr/lib/avr6\libm.a(addsf3.o)
                              FreeRTOS2560.o (__subsf3)
c:/program files (x86)/atmel/atmel toolchain/avr8 gcc/native/3.4.1056/avr8-gnu-toolchain/bin/../lib/gcc/avr/4.8.1/../../../../avr/lib/avr6\libm.a(addsf3x.o)
                              c:/program files (x86)/atmel/atmel toolchain/avr8 gcc/native/3.4.1056/avr8-gnu-toolchain/bin/../lib/gcc/avr/4.8.1/../../../../avr/lib/avr6\libm.a(addsf3.o) (__addsf3x)
c:/program files (x86)/atmel/atmel toolchain/avr8 gcc/native/3.4.1056/avr8-gnu-toolchain/bin/../lib/gcc/avr/4.8.1/../../../../avr/lib/avr6\libm.a(atan2.o)
                              FreeRTOS2560.o (atan2)
c:/program files (x86)/atmel/atmel toolchain/avr8 gcc/native/3.4.1056/avr8-gnu-toolchain/bin/../lib/gcc/avr/4.8.1/../../../../avr/lib/avr6\libm.a(atan.o)
                              FreeRTOS2560.o (atan)
c:/program files (x86)/atmel/atmel toolchain/avr8 gcc/native/3.4.1056/avr8-gnu-toolchain/bin/../lib/gcc/avr/4.8.1/../../../../avr/lib/avr6\libm.a(cmpsf2.o)
                              FreeRTOS2560.o (__ltsf2)
c:/program files (x86)/atmel/atmel toolchain/avr8 gcc/native/3.4.1056/avr8-gnu-toolchain/bin/../lib/gcc/avr/4.8.1/../../../../avr/lib/avr6\libm.a(cos.o)
                              FreeRTOS2560.o (cos)
c:/program files (x86)/atmel/atmel toolchain/avr8 gcc/native/3.4.1056/avr8-gnu-toolchain/bin/../lib/gcc/avr/4.8.1/../../../../avr/lib/avr6\libm.a(divsf3.o)
                              FreeRTOS2560.o (__divsf3)
c:/program files (x86)/atmel/atmel toolchain/avr8 gcc/native/3.4.1056/avr8-gnu-toolchain/bin/../lib/gcc/avr/4.8.1/../../../../avr/lib/avr6\libm.a(divsf3x.o)
                              c:/program files (x86)/atmel/atmel toolchain/avr8 gcc/native/3.4.1056/avr8-gnu-toolchain/bin/../lib/gcc/avr/4.8.1/../../../../avr/lib/avr6\libm.a(divsf3.o) (__divsf3x)
c:/program files (x86)/atmel/atmel toolchain/avr8 gcc/native/3.4.1056/avr8-gnu-toolchain/bin/../lib/gcc/avr/4.8.1/../../../../avr/lib/avr6\libm.a(fixsfsi.o)
                              FreeRTOS2560.o (__fixsfsi)
c:/program files (x86)/atmel/atmel toolchain/avr8 gcc/native/3.4.1056/avr8-gnu-toolchain/bin/../lib/gcc/avr/4.8.1/../../../../avr/lib/avr6\libm.a(fixunssfsi.o)
                              c:/program files (x86)/atmel/atmel toolchain/avr8 gcc/native/3.4.1056/avr8-gnu-toolchain/bin/../lib/gcc/avr/4.8.1/../../../../avr/lib/avr6\libm.a(fixsfsi.o) (__fixunssfsi)
c:/program files (x86)/atmel/atmel toolchain/avr8 gcc/native/3.4.1056/avr8-gnu-toolchain/bin/../lib/gcc/avr/4.8.1/../../../../avr/lib/avr6\libm.a(floatsisf.o)
                              FreeRTOS2560.o (__floatunsisf)
c:/program files (x86)/atmel/atmel toolchain/avr8 gcc/native/3.4.1056/avr8-gnu-toolchain/bin/../lib/gcc/avr/4.8.1/../../../../avr/lib/avr6\libm.a(fmod.o)
                              FreeRTOS2560.o (fmod)
c:/program files (x86)/atmel/atmel toolchain/avr8 gcc/native/3.4.1056/avr8-gnu-toolchain/bin/../lib/gcc/avr/4.8.1/../../../../avr/lib/avr6\libm.a(fp_cmp.o)
                              c:/program files (x86)/atmel/atmel toolchain/avr8 gcc/native/3.4.1056/avr8-gnu-toolchain/bin/../lib/gcc/avr/4.8.1/../../../../avr/lib/avr6\libm.a(cmpsf2.o) (__fp_cmp)
c:/program files (x86)/atmel/atmel toolchain/avr8 gcc/native/3.4.1056/avr8-gnu-toolchain/bin/../lib/gcc/avr/4.8.1/../../../../avr/lib/avr6\libm.a(fp_inf.o)
                              c:/program files (x86)/atmel/atmel toolchain/avr8 gcc/native/3.4.1056/avr8-gnu-toolchain/bin/../lib/gcc/avr/4.8.1/../../../../avr/lib/avr6\libm.a(addsf3x.o) (__fp_inf)
c:/program files (x86)/atmel/atmel toolchain/avr8 gcc/native/3.4.1056/avr8-gnu-toolchain/bin/../lib/gcc/avr/4.8.1/../../../../avr/lib/avr6\libm.a(fp_mpack.o)
                              c:/program files (x86)/atmel/atmel toolchain/avr8 gcc/native/3.4.1056/avr8-gnu-toolchain/bin/../lib/gcc/avr/4.8.1/../../../../avr/lib/avr6\libm.a(fmod.o) (__fp_mpack)
c:/program files (x86)/atmel/atmel toolchain/avr8 gcc/native/3.4.1056/avr8-gnu-toolchain/bin/../lib/gcc/avr/4.8.1/../../../../avr/lib/avr6\libm.a(fp_nan.o)
                              c:/program files (x86)/atmel/atmel toolchain/avr8 gcc/native/3.4.1056/avr8-gnu-toolchain/bin/../lib/gcc/avr/4.8.1/../../../../avr/lib/avr6\libm.a(addsf3x.o) (__fp_nan)
c:/program files (x86)/atmel/atmel toolchain/avr8 gcc/native/3.4.1056/avr8-gnu-toolchain/bin/../lib/gcc/avr/4.8.1/../../../../avr/lib/avr6\libm.a(fp_powser.o)
                              c:/program files (x86)/atmel/atmel toolchain/avr8 gcc/native/3.4.1056/avr8-gnu-toolchain/bin/../lib/gcc/avr/4.8.1/../../../../avr/lib/avr6\libm.a(atan.o) (__fp_powser)
c:/program files (x86)/atmel/atmel toolchain/avr8 gcc/native/3.4.1056/avr8-gnu-toolchain/bin/../lib/gcc/avr/4.8.1/../../../../avr/lib/avr6\libm.a(fp_pscA.o)
[...]
Memory Configuration

Name             Origin             Length             Attributes
text             0x00000000         0x00100000         xr
data             0x00800200         0x0000fe00         rw !x
eeprom           0x00810000         0x00010000         rw !x
fuse             0x00820000         0x00000400         rw !x
lock             0x00830000         0x00000400         rw !x
signature        0x00840000         0x00000400         rw !x
user_signatures  0x00850000         0x00000400         rw !x
*default*        0x00000000         0xffffffff

Linker script and memory map

Address of section .data set to 0x800200
LOAD c:/program files (x86)/atmel/atmel toolchain/avr8 gcc/native/3.4.1056/avr8-gnu-toolchain/bin/../lib/gcc/avr/4.8.1/../../../../avr/lib/avr6/crtm2560.o
LOAD FreeRTOS2560.o
LOAD heap_1.o
LOAD I2Cdev.o
LOAD list.o
LOAD MPU6050.o
LOAD NewPing.o
LOAD port.o
LOAD queue.o
LOAD tasks.o
LOAD twi.o
LOAD Wire.o
START GROUP
LOAD c:/program files (x86)/atmel/atmel toolchain/avr8 gcc/native/3.4.1056/avr8-gnu-toolchain/bin/../lib/gcc/avr/4.8.1/../../../../avr/lib/avr6\libm.a
LOAD ../../../Arduino/Arduino/Debug\libarduino.a
END GROUP
LOAD c:/program files (x86)/atmel/atmel toolchain/avr8 gcc/native/3.4.1056/avr8-gnu-toolchain/bin/../lib/gcc/avr/4.8.1/avr6\libgcc.a
LOAD c:/program files (x86)/atmel/atmel toolchain/avr8 gcc/native/3.4.1056/avr8-gnu-toolchain/bin/../lib/gcc/avr/4.8.1/../../../../avr/lib/avr6\libm.a
START GROUP
LOAD c:/program files (x86)/atmel/atmel toolchain/avr8 gcc/native/3.4.1056/avr8-gnu-toolchain/bin/../lib/gcc/avr/4.8.1/avr6\libgcc.a
LOAD c:/program files (x86)/atmel/atmel toolchain/avr8 gcc/native/3.4.1056/avr8-gnu-toolchain/bin/../lib/gcc/avr/4.8.1/../../../../avr/lib/avr6\libm.a
LOAD c:/program files (x86)/atmel/atmel toolchain/avr8 gcc/native/3.4.1056/avr8-gnu-toolchain/bin/../lib/gcc/avr/4.8.1/../../../../avr/lib/avr6\libc.a
END GROUP

.hash
 *(.hash)

.dynsym
 *(.dynsym)

.dynstr
 *(.dynstr)

.gnu.version
 *(.gnu.version)

.gnu.version_d
 *(.gnu.version_d)

.gnu.version_r
 *(.gnu.version_r)

.rel.init
 *(.rel.init)

.rela.init
 *(.rela.init)

.rel.text
 *(.rel.text)
 *(.rel.text.*)
 *(.rel.gnu.linkonce.t*)

.rela.text
 *(.rela.text)
 *(.rela.text.*)
 *(.rela.gnu.linkonce.t*)

.rel.fini
 *(.rel.fini)

.rela.fini
 *(.rela.fini)

.rel.rodata
 *(.rel.rodata)
 *(.rel.rodata.*)
 *(.rel.gnu.linkonce.r*)

.rela.rodata
 *(.rela.rodata)
 *(.rela.rodata.*)
 *(.rela.gnu.linkonce.r*)

.rel.data
 *(.rel.data)
 *(.rel.data.*)
 *(.rel.gnu.linkonce.d*)

.rela.data
 *(.rela.data)
 *(.rela.data.*)
 *(.rela.gnu.linkonce.d*)

.rel.ctors
 *(.rel.ctors)

.rela.ctors
 *(.rela.ctors)

.rel.dtors
 *(.rel.dtors)

.rela.dtors
 *(.rela.dtors)

.rel.got
 *(.rel.got)

.rela.got
 *(.rela.got)

.rel.bss
 *(.rel.bss)

.rela.bss
 *(.rela.bss)

.rel.plt
 *(.rel.plt)

.rela.plt
 *(.rela.plt)

.text           0x00000000     0x54e2
 *(.vectors)
 .vectors       0x00000000       0xe4 c:/program files (x86)/atmel/atmel toolchain/avr8 gcc/native/3.4.1056/avr8-gnu-toolchain/bin/../lib/gcc/avr/4.8.1/../../../../avr/lib/avr6/crtm2560.o
                0x00000000                __vector_default
                0x00000000                __vectors
 *(.vectors)
 *(.progmem.gcc*)
 .progmem.gcc_fplib
                0x000000e4       0x2d c:/program files (x86)/atmel/atmel toolchain/avr8 gcc/native/3.4.1056/avr8-gnu-toolchain/bin/../lib/gcc/avr/4.8.1/../../../../avr/lib/avr6\libm.a(atan.o)
 .progmem.gcc_fplib
                0x00000111       0x1e c:/program files (x86)/atmel/atmel toolchain/avr8 gcc/native/3.4.1056/avr8-gnu-toolchain/bin/../lib/gcc/avr/4.8.1/../../../../avr/lib/avr6\libm.a(fp_sinus.o)
 *fill*         0x0000012f        0x1 
 .progmem.gcc_sw_table.turnOffPWM
                0x00000130       0x22 ../../../Arduino/Arduino/Debug\libarduino.a(wiring_digital.o)
                0x00000152                . = ALIGN (0x2)
                0x00000152                __trampolines_start = .
 *(.trampolines)
 .trampolines   0x00000152        0x0 linker stubs
 *(.trampolines*)
                0x00000152                __trampolines_end = .
 *(.progmem*)
 .progmem.data._ZZ5setupE3__c
                0x00000152       0x15 FreeRTOS2560.o
 .progmem.data._ZZ7i2cReadhhPhhE3__c_0
                0x00000167       0x10 FreeRTOS2560.o
 .progmem.data._ZZ7i2cReadhhPhhE3__c
                0x00000177       0x11 FreeRTOS2560.o
 .progmem.data._ZZ8i2cWritehhPhhbE3__c
                0x00000188       0x12 FreeRTOS2560.o
 .progmem.data.digital_pin_to_timer_PGM
                0x0000019a       0x46 ../../../Arduino/Arduino/Debug\libarduino.a(wiring_digital.o)
                0x0000019a                digital_pin_to_timer_PGM
 .progmem.data.digital_pin_to_bit_mask_PGM
                0x000001e0       0x46 ../../../Arduino/Arduino/Debug\libarduino.a(wiring_digital.o)
                0x000001e0                digital_pin_to_bit_mask_PGM
 .progmem.data.digital_pin_to_port_PGM
                0x00000226       0x46 ../../../Arduino/Arduino/Debug\libarduino.a(wiring_digital.o)
                0x00000226                digital_pin_to_port_PGM
 .progmem.data.port_to_input_PGM
                0x0000026c       0x1a ../../../Arduino/Arduino/Debug\libarduino.a(wiring_digital.o)
                0x0000026c                port_to_input_PGM
 .progmem.data.port_to_output_PGM
                0x00000286       0x1a ../../../Arduino/Arduino/Debug\libarduino.a(wiring_digital.o)
                0x00000286                port_to_output_PGM
 .progmem.data.port_to_mode_PGM
                0x000002a0       0x1a ../../../Arduino/Arduino/Debug\libarduino.a(wiring_digital.o)
                0x000002a0                port_to_mode_PGM
 .progmem.data  0x000002ba       0xfa c:/program files (x86)/atmel/atmel toolchain/avr8 gcc/native/3.4.1056/avr8-gnu-toolchain/bin/../lib/gcc/avr/4.8.1/../../../../avr/lib/avr6\libc.a(ftoa_engine.o)
                0x000003b4                . = ALIGN (0x2)
 *(.jumptables)
 *(.jumptables*)
 *(.lowtext)
 *(.lowtext*)
                0x000003b4                __ctors_start = .
 *(.ctors)
 .ctors         0x000003b4        0x2 FreeRTOS2560.o
 .ctors         0x000003b6        0x2 Wire.o
 .ctors         0x000003b8        0x2 ../../../Arduino/Arduino/Debug\libarduino.a(HardwareSerial.o)
                0x000003ba                __ctors_end = .
                0x000003ba                __dtors_start = .
 *(.dtors)
                0x000003ba                __dtors_end = .
 SORT(*)(.ctors)
 SORT(*)(.dtors)
 *(.init0)
 .init0         0x000003ba        0x0 c:/program files (x86)/atmel/atmel toolchain/avr8 gcc/native/3.4.1056/avr8-gnu-toolchain/bin/../lib/gcc/avr/4.8.1/../../../../avr/lib/avr6/crtm2560.o
                0x000003ba                __init
 *(.init0)
 *(.init1)
 *(.init1)
 *(.init2)
 .init2         0x000003ba       0x10 c:/program files (x86)/atmel/atmel toolchain/avr8 gcc/native/3.4.1056/avr8-gnu-toolchain/bin/../lib/gcc/avr/4.8.1/../../../../avr/lib/avr6/crtm2560.o
 *(.init2)
 *(.init3)
 *(.init3)
 *(.init4)
 .init4         0x000003ca       0x1a c:/program files (x86)/atmel/atmel toolchain/avr8 gcc/native/3.4.1056/avr8-gnu-toolchain/bin/../lib/gcc/avr/4.8.1/avr6\libgcc.a(_copy_data.o)
                0x000003ca                __do_copy_data
 .init4         0x000003e4       0x10 c:/program files (x86)/atmel/atmel toolchain/avr8 gcc/native/3.4.1056/avr8-gnu-toolchain/bin/../lib/gcc/avr/4.8.1/avr6\libgcc.a(_clear_bss.o)
                0x000003e4                __do_clear_bss
 *(.init4)
 *(.init5)
 *(.init5)
 *(.init6)
 .init6         0x000003f4       0x20 c:/program files (x86)/atmel/atmel toolchain/avr8 gcc/native/3.4.1056/avr8-gnu-toolchain/bin/../lib/gcc/avr/4.8.1/avr6\libgcc.a(_ctors.o)
                0x000003f4                __do_global_ctors
 *(.init6)
 *(.init7)
 *(.init7)
 *(.init8)
 *(.init8)
 *(.init9)
 .init9         0x00000414        0x8 c:/program files (x86)/atmel/atmel toolchain/avr8 gcc/native/3.4.1056/avr8-gnu-toolchain/bin/../lib/gcc/avr/4.8.1/../../../../avr/lib/avr6/crtm2560.o
 *(.init9)
 *(.text)
 .text          0x0000041c        0x2 c:/program files (x86)/atmel/atmel toolchain/avr8 gcc/native/3.4.1056/avr8-gnu-toolchain/bin/../lib/gcc/avr/4.8.1/../../../../avr/lib/avr6/crtm2560.o
                0x0000041c                __vector_38
                0x0000041c                __vector_22
                0x0000041c                __vector_28
                0x0000041c                __vector_1
                0x0000041c                __vector_32
                0x0000041c                __vector_34
                0x0000041c                __vector_24
                0x0000041c                __vector_12
                0x0000041c                __vector_46
                0x0000041c                __bad_interrupt
                0x0000041c                __vector_6
                0x0000041c                __vector_31
                0x0000041c                __vector_35
                0x0000041c                __vector_3
                0x0000041c                __vector_30
                0x0000041c                __vector_45
                0x0000041c                __vector_11
                0x0000041c                __vector_17
                0x0000041c                __vector_19
                0x0000041c                __vector_56
                0x0000041c                __vector_7
                0x0000041c                __vector_49
                0x0000041c                __vector_41
                0x0000041c                __vector_43
                0x0000041c                __vector_27
                0x0000041c                __vector_5
                0x0000041c                __vector_33
                0x0000041c                __vector_47
                0x0000041c                __vector_4
                0x0000041c                __vector_44
                0x0000041c                __vector_9
                0x0000041c                __vector_2
                0x0000041c                __vector_21
                0x0000041c                __vector_15
                0x0000041c                __vector_29
                0x0000041c                __vector_40
                0x0000041c                __vector_8
                0x0000041c                __vector_48
                0x0000041c                __vector_14
                0x0000041c                __vector_53
                0x0000041c                __vector_10
                0x0000041c                __vector_50
                0x0000041c                __vector_16
                0x0000041c                __vector_18
                0x0000041c                __vector_42
                0x0000041e                . = ALIGN (0x2)
 *(.text.*)
 .text._ZN6Kalman8getAngleEddd
                0x0000041e      0x342 FreeRTOS2560.o
                0x0000041e                _ZN6Kalman8getAngleEddd
 .text._Z15updatePitchRollv
                0x00000760       0xd4 FreeRTOS2560.o
                0x00000760                _Z15updatePitchRollv
 .text._Z9updateYawv
                0x00000834      0x2ae FreeRTOS2560.o
                0x00000834                _Z9updateYawv
 .text._Z9MotorVibeii
                0x00000ae2       0x4c FreeRTOS2560.o
                0x00000ae2                _Z9MotorVibeii
 .text._Z10sensorReadi
                0x00000b2e       0xee FreeRTOS2560.o
                0x00000b2e                _Z10sensorReadi
 .text._Z5task1Pv
                0x00000c1c       0xce FreeRTOS2560.o
                0x00000c1c                _Z5task1Pv
 .text.startup._GLOBAL__sub_I_cm
                0x00000cea      0x212 FreeRTOS2560.o
 .text._Z8i2cWritehhPhhb
                0x00000efc       0x78 FreeRTOS2560.o
                0x00000efc                _Z8i2cWritehhPhhb
 .text._Z8i2cWritehhhb
                0x00000f74       0x24 FreeRTOS2560.o
                0x00000f74                _Z8i2cWritehhhb
 .text._Z7i2cReadhhPhh
                0x00000f98       0xee FreeRTOS2560.o
                0x00000f98                _Z7i2cReadhhPhh
 .text._Z13updateMPU6050v
                0x00001086      0x146 FreeRTOS2560.o
                0x00001086                _Z13updateMPU6050v
 .text._Z14updateHMC5883Lv
                0x000011cc       0x96 FreeRTOS2560.o
                0x000011cc                _Z14updateHMC5883Lv
 .text._Z12calibrateMagv
                0x00001262      0x1ca FreeRTOS2560.o
                0x00001262                _Z12calibrateMagv
 .text._Z5task2Pv
                0x0000142c      0x92e FreeRTOS2560.o
                0x0000142c                _Z5task2Pv
 .text.setup    0x00001d5a      0x20e FreeRTOS2560.o
                0x00001d5a                setup
 .text.startup.main
                0x00001f68       0x9e FreeRTOS2560.o
                0x00001f68                main
 .text.pvPortMalloc
                0x00002006       0x60 heap_1.o
                0x00002006                pvPortMalloc
 .text.vPortFree
                0x00002066        0x2 heap_1.o
                0x00002066                vPortFree
 .text.vListInitialise
                0x00002068       0x1c list.o
                0x00002068                vListInitialise
 .text.vListInitialiseItem
                0x00002084        0x8 list.o
                0x00002084                vListInitialiseItem
 .text.vListInsertEnd
                0x0000208c       0x42 list.o
                0x0000208c                vListInsertEnd
 .text.vListInsert
                0x000020ce       0x70 list.o
                0x000020ce                vListInsert
 .text.uxListRemove
                0x0000213e       0x46 list.o
                0x0000213e                uxListRemove
 .text._ZN7NewPingC2Ehhi
                0x00002184       0xb0 NewPing.o
                0x00002184                _ZN7NewPingC2Ehhi
                0x00002184                _ZN7NewPingC1Ehhi
 .text._ZN7NewPing12ping_triggerEv
                0x00002234       0xdc NewPing.o
                0x00002234                _ZN7NewPing12ping_triggerEv
 .text._ZN7NewPing4pingEv
                0x00002310       0x5c NewPing.o
                0x00002310                _ZN7NewPing4pingEv
 .text.__vector_13
                0x0000236c       0x5a NewPing.o
                0x0000236c                __vector_13
 .text.pxPortInitialiseStack
                0x000023c6       0xe4 port.o
                0x000023c6                pxPortInitialiseStack
 .text.xPortStartScheduler
                0x000024aa       0x7c port.o
                0x000024aa                xPortStartScheduler
 .text.vPortYield
                0x00002526       0xc0 port.o
                0x00002526                vPortYield
 .text.vPortYieldFromTick
                0x000025e6       0xc4 port.o
                0x000025e6                vPortYieldFromTick
 .text.__vector_20
                0x000026aa        0x4 port.o
                0x000026aa                __vector_20
 .text.prvCopyDataToQueue
                0x000026ae       0xaa queue.o
 .text.prvCopyDataFromQueue
                0x00002758       0x34 queue.o
 .text.prvUnlockQueue
                0x0000278c       0x74 queue.o
 .text.xQueueGenericSend
                0x00002800      0x11a queue.o
                0x00002800                xQueueGenericSend
 .text.xQueueCreateMutex
                0x0000291a       0x50 queue.o
                0x0000291a                xQueueCreateMutex
 .text.xQueueGenericReceive
                0x0000296a      0x158 queue.o
                0x0000296a                xQueueGenericReceive
 .text.prvResetNextTaskUnblockTime
                0x00002ac2       0x36 tasks.o
 .text.prvAddCurrentTaskToDelayedList
                0x00002af8       0x64 tasks.o
 .text.xTaskGenericCreate
                0x00002b5c      0x1d8 tasks.o
                0x00002b5c                xTaskGenericCreate
 .text.vTaskStartScheduler
                0x00002d34       0x60 tasks.o
                0x00002d34                vTaskStartScheduler
 .text.vTaskSuspendAll
                0x00002d94        0xc tasks.o
                0x00002d94                vTaskSuspendAll
 .text.xTaskIncrementTick
                0x00002da0      0x158 tasks.o
                0x00002da0                xTaskIncrementTick
 .text.xTaskResumeAll
                0x00002ef8       0xd6 tasks.o
                0x00002ef8                xTaskResumeAll
 .text.vTaskDelay
                0x00002fce       0x40 tasks.o
                0x00002fce                vTaskDelay
 .text.prvIdleTask
                0x0000300e       0x5c tasks.o
 .text.vTaskSwitchContext
                0x0000306a       0x80 tasks.o
                0x0000306a                vTaskSwitchContext
 .text.vTaskPlaceOnEventList
                0x000030ea       0x54 tasks.o
                0x000030ea                vTaskPlaceOnEventList
 .text.xTaskRemoveFromEventList
                0x0000313e       0x80 tasks.o
                0x0000313e                xTaskRemoveFromEventList
 .text.vTaskSetTimeOutState
                0x000031be       0x16 tasks.o
                0x000031be                vTaskSetTimeOutState
 .text.xTaskCheckForTimeOut
                0x000031d4       0x62 tasks.o
                0x000031d4                xTaskCheckForTimeOut
 .text.vTaskMissedYield
                0x00003236        0x8 tasks.o
                0x00003236                vTaskMissedYield
 .text.vTaskPriorityInherit
                0x0000323e       0xaa tasks.o
                0x0000323e                vTaskPriorityInherit
 .text.xTaskPriorityDisinherit
                0x000032e8       0x72 tasks.o
                0x000032e8                xTaskPriorityDisinherit
 .text.pvTaskIncrementMutexHeldCount
                0x0000335a       0x24 tasks.o
                0x0000335a                pvTaskIncrementMutexHeldCount
 .text.twi_init
                0x0000337e       0x3c twi.o
                0x0000337e                twi_init
 .text.twi_readFrom
                0x000033ba       0x88 twi.o
                0x000033ba                twi_readFrom
 .text.twi_writeTo
                0x00003442       0xa6 twi.o
                0x00003442                twi_writeTo
 .text.twi_transmit
                0x000034e8       0x32 twi.o
                0x000034e8                twi_transmit
 .text.twi_stop
                0x0000351a       0x14 twi.o
                0x0000351a                twi_stop
 .text.twi_releaseBus
                0x0000352e        0xc twi.o
                0x0000352e                twi_releaseBus
 .text.__vector_39
                0x0000353a      0x25c twi.o
                0x0000353a                __vector_39
 .text._ZN7TwoWire9availableEv
                0x00003796       0x10 Wire.o
                0x00003796                _ZN7TwoWire9availableEv
 .text._ZN7TwoWire4readEv
                0x000037a6       0x26 Wire.o
                0x000037a6                _ZN7TwoWire4readEv
 .text._ZN7TwoWire4peekEv
                0x000037cc       0x1e Wire.o
                0x000037cc                _ZN7TwoWire4peekEv
 .text._ZN7TwoWire5flushEv
                0x000037ea        0x2 Wire.o
                0x000037ea                _ZN7TwoWire5flushEv
 .text._ZN7TwoWire5writeEPKhj
                0x000037ec       0x58 Wire.o
                0x000037ec                _ZN7TwoWire5writeEPKhj
 .text._ZN7TwoWire5writeEh
                0x00003844       0x5c Wire.o
                0x00003844                _ZN7TwoWire5writeEh
 .text._ZN7TwoWireC2Ev
                0x000038a0       0x20 Wire.o
                0x000038a0                _ZN7TwoWireC1Ev
                0x000038a0                _ZN7TwoWireC2Ev
 .text._ZN7TwoWire5beginEv
                0x000038c0       0x12 Wire.o
                0x000038c0                _ZN7TwoWire5beginEv
 .text._ZN7TwoWire11requestFromEhhh
                0x000038d2       0x18 Wire.o
                0x000038d2                _ZN7TwoWire11requestFromEhhh
 .text._ZN7TwoWire17beginTransmissionEh
                0x000038ea       0x14 Wire.o
                0x000038ea                _ZN7TwoWire17beginTransmissionEh
 .text._ZN7TwoWire15endTransmissionEh
                0x000038fe       0x24 Wire.o
                0x000038fe                _ZN7TwoWire15endTransmissionEh
 .text.startup._GLOBAL__sub_I__ZN7TwoWire8rxBufferE
                0x00003922        0x6 Wire.o
 .text.avr-libc.fplib
                0x00003928        0xa c:/program files (x86)/atmel/atmel toolchain/avr8 gcc/native/3.4.1056/avr8-gnu-toolchain/bin/../lib/gcc/avr/4.8.1/../../../../avr/lib/avr6\libm.a(addsf3.o)
                0x00003928                __subsf3
                0x0000392a                __addsf3
 .text.avr-libc.fplib
                0x00003932       0xc0 c:/program files (x86)/atmel/atmel toolchain/avr8 gcc/native/3.4.1056/avr8-gnu-toolchain/bin/../lib/gcc/avr/4.8.1/../../../../avr/lib/avr6\libm.a(addsf3x.o)
                0x0000394c                __addsf3x
 .text.avr-libc.fplib
                0x000039f2       0x74 c:/program files (x86)/atmel/atmel toolchain/avr8 gcc/native/3.4.1056/avr8-gnu-toolchain/bin/../lib/gcc/avr/4.8.1/../../../../avr/lib/avr6\libm.a(atan2.o)
                0x00003a10                atan2
 .text.avr-libc.fplib
                0x00003a66       0x50 c:/program files (x86)/atmel/atmel toolchain/avr8 gcc/native/3.4.1056/avr8-gnu-toolchain/bin/../lib/gcc/avr/4.8.1/../../../../avr/lib/avr6\libm.a(atan.o)
                0x00003a66                atan
 .text.avr-libc.fplib
                0x00003ab6        0x8 c:/program files (x86)/atmel/atmel toolchain/avr8 gcc/native/3.4.1056/avr8-gnu-toolchain/bin/../lib/gcc/avr/4.8.1/../../../../avr/lib/avr6\libm.a(cmpsf2.o)
                0x00003ab6                __nesf2
                0x00003ab6                __eqsf2
                0x00003ab6                __cmpsf2
                0x00003ab6                __ltsf2
                0x00003ab6                __lesf2
 .text.avr-libc.fplib
                0x00003abe        0x6 c:/program files (x86)/atmel/atmel toolchain/avr8 gcc/native/3.4.1056/avr8-gnu-toolchain/bin/../lib/gcc/avr/4.8.1/../../../../avr/lib/avr6\libm.a(cos.o)
                0x00003abe                cos
 .text.avr-libc.fplib
                0x00003ac4        0x4 c:/program files (x86)/atmel/atmel toolchain/avr8 gcc/native/3.4.1056/avr8-gnu-toolchain/bin/../lib/gcc/avr/4.8.1/../../../../avr/lib/avr6\libm.a(divsf3.o)
                0x00003ac4                __divsf3
 .text.avr-libc.fplib
                0x00003ac8       0xcc c:/program files (x86)/atmel/atmel toolchain/avr8 gcc/native/3.4.1056/avr8-gnu-toolchain/bin/../lib/gcc/avr/4.8.1/../../../../avr/lib/avr6\libm.a(divsf3x.o)
                0x00003ade                __divsf3x
                0x00003ae2                __divsf3_pse
 .text.avr-libc.fplib
                0x00003b94        0xa c:/program files (x86)/atmel/atmel toolchain/avr8 gcc/native/3.4.1056/avr8-gnu-toolchain/bin/../lib/gcc/avr/4.8.1/../../../../avr/lib/avr6\libm.a(fixsfsi.o)
                0x00003b94                __fixsfsi
 .text.avr-libc.fplib
                0x00003b9e       0x58 c:/program files (x86)/atmel/atmel toolchain/avr8 gcc/native/3.4.1056/avr8-gnu-toolchain/bin/../lib/gcc/avr/4.8.1/../../../../avr/lib/avr6\libm.a(fixunssfsi.o)
                0x00003b9e                __fixunssfsi
 .text.avr-libc.fplib
                0x00003bf6       0x7a c:/program files (x86)/atmel/atmel toolchain/avr8 gcc/native/3.4.1056/avr8-gnu-toolchain/bin/../lib/gcc/avr/4.8.1/../../../../avr/lib/avr6\libm.a(floatsisf.o)
                0x00003bf6                __floatunsisf
                0x00003bfa                __floatsisf
 .text.avr-libc.fplib
                0x00003c70       0x9c c:/program files (x86)/atmel/atmel toolchain/avr8 gcc/native/3.4.1056/avr8-gnu-toolchain/bin/../lib/gcc/avr/4.8.1/../../../../avr/lib/avr6\libm.a(fmod.o)
                0x00003c7e                fmod
 .text.avr-libc.fplib
                0x00003d0c       0x48 c:/program files (x86)/atmel/atmel toolchain/avr8 gcc/native/3.4.1056/avr8-gnu-toolchain/bin/../lib/gcc/avr/4.8.1/../../../../avr/lib/avr6\libm.a(fp_cmp.o)
                0x00003d0c                __fp_cmp
 .text.avr-libc.fplib
                0x00003d54        0xc c:/program files (x86)/atmel/atmel toolchain/avr8 gcc/native/3.4.1056/avr8-gnu-toolchain/bin/../lib/gcc/avr/4.8.1/../../../../avr/lib/avr6\libm.a(fp_inf.o)
                0x00003d54                __fp_inf
 .text.avr-libc.fplib
                0x00003d60       0x1c c:/program files (x86)/atmel/atmel toolchain/avr8 gcc/native/3.4.1056/avr8-gnu-toolchain/bin/../lib/gcc/avr/4.8.1/../../../../avr/lib/avr6\libm.a(fp_mpack.o)
                0x00003d60                __fp_mpack
                0x00003d64                __fp_mpack_finite
 .text.avr-libc.fplib
                0x00003d7c        0x6 c:/program files (x86)/atmel/atmel toolchain/avr8 gcc/native/3.4.1056/avr8-gnu-toolchain/bin/../lib/gcc/avr/4.8.1/../../../../avr/lib/avr6\libm.a(fp_nan.o)
                0x00003d7c                __fp_nan
 .text.avr-libc.fplib
                0x00003d82       0x4a c:/program files (x86)/atmel/atmel toolchain/avr8 gcc/native/3.4.1056/avr8-gnu-toolchain/bin/../lib/gcc/avr/4.8.1/../../../../avr/lib/avr6\libm.a(fp_powser.o)
                0x00003d82                __fp_powser
 .text.avr-libc.fplib
                0x00003dcc        0xe c:/program files (x86)/atmel/atmel toolchain/avr8 gcc/native/3.4.1056/avr8-gnu-toolchain/bin/../lib/gcc/avr/4.8.1/../../../../avr/lib/avr6\libm.a(fp_pscA.o)
                0x00003dcc                __fp_pscA
 .text.avr-libc.fplib
                0x00003dda        0xe c:/program files (x86)/atmel/atmel toolchain/avr8 gcc/native/3.4.1056/avr8-gnu-toolchain/bin/../lib/gcc/avr/4.8.1/../../../../avr/lib/avr6\libm.a(fp_pscB.o)
                0x00003dda                __fp_pscB
 .text.avr-libc.fplib
                0x00003de8       0x50 c:/program files (x86)/atmel/atmel toolchain/avr8 gcc/native/3.4.1056/avr8-gnu-toolchain/bin/../lib/gcc/avr/4.8.1/../../../../avr/lib/avr6\libm.a(fp_rempio2.o)
                0x00003dea                __fp_rempio2
 .text.avr-libc.fplib
                0x00003e38       0x22 c:/program files (x86)/atmel/atmel toolchain/avr8 gcc/native/3.4.1056/avr8-gnu-toolchain/bin/../lib/gcc/avr/4.8.1/../../../../avr/lib/avr6\libm.a(fp_round.o)
                0x00003e38                __fp_round
 .text.avr-libc.fplib
                0x00003e5a       0x22 c:/program files (x86)/atmel/atmel toolchain/avr8 gcc/native/3.4.1056/avr8-gnu-toolchain/bin/../lib/gcc/avr/4.8.1/../../../../avr/lib/avr6\libm.a(fp_sinus.o)
                0x00003e5a                __fp_sinus
 .text.avr-libc.fplib
                0x00003e7c       0x44 c:/program files (x86)/atmel/atmel toolchain/avr8 gcc/native/3.4.1056/avr8-gnu-toolchain/bin/../lib/gcc/avr/4.8.1/../../../../avr/lib/avr6\libm.a(fp_split3.o)
                0x00003e7c                __fp_split3
                0x00003e8c                __fp_splitA
 .text.avr-libc.fplib
                0x00003ec0        0xe c:/program files (x86)/atmel/atmel toolchain/avr8 gcc/native/3.4.1056/avr8-gnu-toolchain/bin/../lib/gcc/avr/4.8.1/../../../../avr/lib/avr6\libm.a(fp_zero.o)
                0x00003ec0                __fp_zero
                0x00003ec2                __fp_szero
 .text.avr-libc.fplib
                0x00003ece        0x8 c:/program files (x86)/atmel/atmel toolchain/avr8 gcc/native/3.4.1056/avr8-gnu-toolchain/bin/../lib/gcc/avr/4.8.1/../../../../avr/lib/avr6\libm.a(gesf2.o)
                0x00003ece                __gesf2
                0x00003ece                __gtsf2
 .text.avr-libc.fplib
                0x00003ed6        0xe c:/program files (x86)/atmel/atmel toolchain/avr8 gcc/native/3.4.1056/avr8-gnu-toolchain/bin/../lib/gcc/avr/4.8.1/../../../../avr/lib/avr6\libm.a(inverse.o)
                0x00003ed6                inverse
 .text.avr-libc.fplib
                0x00003ee4        0x4 c:/program files (x86)/atmel/atmel toolchain/avr8 gcc/native/3.4.1056/avr8-gnu-toolchain/bin/../lib/gcc/avr/4.8.1/../../../../avr/lib/avr6\libm.a(mulsf3.o)
                0x00003ee4                __mulsf3
 .text.avr-libc.fplib
                0x00003ee8       0xc2 c:/program files (x86)/atmel/atmel toolchain/avr8 gcc/native/3.4.1056/avr8-gnu-toolchain/bin/../lib/gcc/avr/4.8.1/../../../../avr/lib/avr6\libm.a(mulsf3x.o)
                0x00003efc                __mulsf3x
                0x00003f00                __mulsf3_pse
 .text.avr-libc.fplib
                0x00003faa        0xc c:/program files (x86)/atmel/atmel toolchain/avr8 gcc/native/3.4.1056/avr8-gnu-toolchain/bin/../lib/gcc/avr/4.8.1/../../../../avr/lib/avr6\libm.a(sin.o)
                0x00003faa                sin
 .text.avr-libc.fplib
                0x00003fb6       0x84 c:/program files (x86)/atmel/atmel toolchain/avr8 gcc/native/3.4.1056/avr8-gnu-toolchain/bin/../lib/gcc/avr/4.8.1/../../../../avr/lib/avr6\libm.a(sqrt.o)
                0x00003fbe                sqrt
 .text.avr-libc.fplib
                0x0000403a        0x6 c:/program files (x86)/atmel/atmel toolchain/avr8 gcc/native/3.4.1056/avr8-gnu-toolchain/bin/../lib/gcc/avr/4.8.1/../../../../avr/lib/avr6\libm.a(square.o)
                0x0000403a                square
 .text.avr-libc.fplib
                0x00004040        0xe c:/program files (x86)/atmel/atmel toolchain/avr8 gcc/native/3.4.1056/avr8-gnu-toolchain/bin/../lib/gcc/avr/4.8.1/../../../../avr/lib/avr6\libm.a(fp_norm2.o)
                0x00004040                __fp_norm2
 .text.avr-libc.fplib
                0x0000404e       0x22 c:/program files (x86)/atmel/atmel toolchain/avr8 gcc/native/3.4.1056/avr8-gnu-toolchain/bin/../lib/gcc/avr/4.8.1/../../../../avr/lib/avr6\libm.a(fp_powsodd.o)
                0x0000404e                __fp_powsodd
 .text._ZN14HardwareSerial9availableEv
                0x00004070       0x20 ../../../Arduino/Arduino/Debug\libarduino.a(HardwareSerial.o)
                0x00004070                _ZN14HardwareSerial9availableEv
 .text._ZN14HardwareSerial4peekEv
                0x00004090       0x32 ../../../Arduino/Arduino/Debug\libarduino.a(HardwareSerial.o)
                0x00004090                _ZN14HardwareSerial4peekEv
 .text._ZN14HardwareSerial4readEv
                0x000040c2       0x42 ../../../Arduino/Arduino/Debug\libarduino.a(HardwareSerial.o)
                0x000040c2                _ZN14HardwareSerial4readEv
 .text._ZN14HardwareSerial5flushEv
                0x00004104       0x16 ../../../Arduino/Arduino/Debug\libarduino.a(HardwareSerial.o)
                0x00004104                _ZN14HardwareSerial5flushEv
 .text._ZN14HardwareSerial5writeEh
                0x0000411a       0x8c ../../../Arduino/Arduino/Debug\libarduino.a(HardwareSerial.o)
                0x0000411a                _ZN14HardwareSerial5writeEh
 .text.__vector_25
                0x000041a6       0x80 ../../../Arduino/Arduino/Debug\libarduino.a(HardwareSerial.o)
                0x000041a6                __vector_25
 .text.__vector_36
                0x00004226       0x80 ../../../Arduino/Arduino/Debug\libarduino.a(HardwareSerial.o)
                0x00004226                __vector_36
 .text.__vector_51
                0x000042a6       0x80 ../../../Arduino/Arduino/Debug\libarduino.a(HardwareSerial.o)
                0x000042a6                __vector_51
 .text.__vector_54
                0x00004326       0x80 ../../../Arduino/Arduino/Debug\libarduino.a(HardwareSerial.o)
                0x00004326                __vector_54
 .text.__vector_26
                0x000043a6       0x7e ../../../Arduino/Arduino/Debug\libarduino.a(HardwareSerial.o)
                0x000043a6                __vector_26
 .text.__vector_37
                0x00004424       0x7e ../../../Arduino/Arduino/Debug\libarduino.a(HardwareSerial.o)
                0x00004424                __vector_37
 .text.__vector_52
                0x000044a2       0x7e ../../../Arduino/Arduino/Debug\libarduino.a(HardwareSerial.o)
                0x000044a2                __vector_52
 .text.__vector_55
                0x00004520       0x7e ../../../Arduino/Arduino/Debug\libarduino.a(HardwareSerial.o)
                0x00004520                __vector_55
 .text._ZN14HardwareSerialC2EP11ring_bufferS1_PVhS3_S3_S3_S3_S3_hhhhh
                0x0000459e       0x88 ../../../Arduino/Arduino/Debug\libarduino.a(HardwareSerial.o)
                0x0000459e                _ZN14HardwareSerialC2EP11ring_bufferS1_PVhS3_S3_S3_S3_S3_hhhhh
                0x0000459e                _ZN14HardwareSerialC1EP11ring_bufferS1_PVhS3_S3_S3_S3_S3_hhhhh
 .text._ZN14HardwareSerial5beginEm
                0x00004626      0x106 ../../../Arduino/Arduino/Debug\libarduino.a(HardwareSerial.o)
                0x00004626                _ZN14HardwareSerial5beginEm
 .text._GLOBAL__sub_I_rx_buffer
                0x0000472c      0x18e ../../../Arduino/Arduino/Debug\libarduino.a(HardwareSerial.o)
 .text._ZN5Print5writeEPKhj
                0x000048ba       0x5c ../../../Arduino/Arduino/Debug\libarduino.a(Print.o)
                0x000048ba                _ZN5Print5writeEPKhj
 .text._ZN5Print5printEPK19__FlashStringHelper
                0x00004916       0x50 ../../../Arduino/Arduino/Debug\libarduino.a(Print.o)
                0x00004916                _ZN5Print5printEPK19__FlashStringHelper
 .text._ZN5Print5printEPKc
                0x00004966       0x2c ../../../Arduino/Arduino/Debug\libarduino.a(Print.o)
                0x00004966                _ZN5Print5printEPKc
 .text._ZN5Print5printEc
                0x00004992       0x10 ../../../Arduino/Arduino/Debug\libarduino.a(Print.o)
                0x00004992                _ZN5Print5printEc
 .text._ZN5Print7printlnEv
                0x000049a2       0x24 ../../../Arduino/Arduino/Debug\libarduino.a(Print.o)
                0x000049a2                _ZN5Print7printlnEv
 .text._ZN5Print7printlnEPK19__FlashStringHelper
                0x000049c6       0x20 ../../../Arduino/Arduino/Debug\libarduino.a(Print.o)
                0x000049c6                _ZN5Print7printlnEPK19__FlashStringHelper
 .text._ZN5Print7printlnEPKc
                0x000049e6       0x20 ../../../Arduino/Arduino/Debug\libarduino.a(Print.o)
                0x000049e6                _ZN5Print7printlnEPKc
 .text._ZN5Print7printlnEc
                0x00004a06       0x20 ../../../Arduino/Arduino/Debug\libarduino.a(Print.o)
                0x00004a06                _ZN5Print7printlnEc
 .text._ZN5Print11printNumberEmh
                0x00004a26       0xf4 ../../../Arduino/Arduino/Debug\libarduino.a(Print.o)
                0x00004a26                _ZN5Print11printNumberEmh
 .text._ZN5Print5printEmi
                0x00004b1a       0x1c ../../../Arduino/Arduino/Debug\libarduino.a(Print.o)
                0x00004b1a                _ZN5Print5printEmi
 .text._ZN5Print7printlnEmi
                0x00004b36       0x20 ../../../Arduino/Arduino/Debug\libarduino.a(Print.o)
                0x00004b36                _ZN5Print7printlnEmi
 .text._ZN5Print7printlnEhi
                0x00004b56       0x2a ../../../Arduino/Arduino/Debug\libarduino.a(Print.o)
                0x00004b56                _ZN5Print7printlnEhi
 .text.__vector_23
                0x00004b80       0x94 ../../../Arduino/Arduino/Debug\libarduino.a(wiring.o)
                0x00004b80                __vector_23
 .text.millis   0x00004c14       0x18 ../../../Arduino/Arduino/Debug\libarduino.a(wiring.o)
                0x00004c14                millis
 .text.micros   0x00004c2c       0x4c ../../../Arduino/Arduino/Debug\libarduino.a(wiring.o)
                0x00004c2c                micros
 .text.delay    0x00004c78       0x50 ../../../Arduino/Arduino/Debug\libarduino.a(wiring.o)
                0x00004c78                delay
 .text.delayMicroseconds
                0x00004cc8       0x16 ../../../Arduino/Arduino/Debug\libarduino.a(wiring.o)
                0x00004cc8                delayMicroseconds
 .text.init     0x00004cde       0xc4 ../../../Arduino/Arduino/Debug\libarduino.a(wiring.o)
                0x00004cde                init
 .text.turnOffPWM
                0x00004da2       0xc0 ../../../Arduino/Arduino/Debug\libarduino.a(wiring_digital.o)
 .text.pinMode  0x00004e62       0x7c ../../../Arduino/Arduino/Debug\libarduino.a(wiring_digital.o)
                0x00004e62                pinMode
 .text.digitalWrite
                0x00004ede       0x60 ../../../Arduino/Arduino/Debug\libarduino.a(wiring_digital.o)
                0x00004ede                digitalWrite
 .text.libgcc.div
                0x00004f3e       0x28 c:/program files (x86)/atmel/atmel toolchain/avr8 gcc/native/3.4.1056/avr8-gnu-toolchain/bin/../lib/gcc/avr/4.8.1/avr6\libgcc.a(_udivmodhi4.o)
                0x00004f3e                __udivmodhi4
 .text.libgcc.div
                0x00004f66       0x44 c:/program files (x86)/atmel/atmel toolchain/avr8 gcc/native/3.4.1056/avr8-gnu-toolchain/bin/../lib/gcc/avr/4.8.1/avr6\libgcc.a(_udivmodsi4.o)
                0x00004f66                __udivmodsi4
 .text.libgcc   0x00004faa        0xc c:/program files (x86)/atmel/atmel toolchain/avr8 gcc/native/3.4.1056/avr8-gnu-toolchain/bin/../lib/gcc/avr/4.8.1/avr6\libgcc.a(_tablejump.o)
                0x00004faa                __tablejump2__
                0x00004fae                __tablejump__
 .text.libgcc   0x00004fb6        0x8 c:/program files (x86)/atmel/atmel toolchain/avr8 gcc/native/3.4.1056/avr8-gnu-toolchain/bin/../lib/gcc/avr/4.8.1/avr6\libgcc.a(_tablejump_elpm.o)
                0x00004fb6                __tablejump_elpm__
 .text.avr-libc
                0x00004fbe       0x40 c:/program files (x86)/atmel/atmel toolchain/avr8 gcc/native/3.4.1056/avr8-gnu-toolchain/bin/../lib/gcc/avr/4.8.1/../../../../avr/lib/avr6\libc.a(dtostrf.o)
                0x00004fbe                dtostrf
 .text.avr-libc
                0x00004ffe       0x12 c:/program files (x86)/atmel/atmel toolchain/avr8 gcc/native/3.4.1056/avr8-gnu-toolchain/bin/../lib/gcc/avr/4.8.1/../../../../avr/lib/avr6\libc.a(memcpy.o)
                0x00004ffe                memcpy
 .text.avr-libc
                0x00005010       0x16 c:/program files (x86)/atmel/atmel toolchain/avr8 gcc/native/3.4.1056/avr8-gnu-toolchain/bin/../lib/gcc/avr/4.8.1/../../../../avr/lib/avr6\libc.a(strcat.o)
                0x00005010                strcat
 .text.avr-libc
                0x00005026        0xe c:/program files (x86)/atmel/atmel toolchain/avr8 gcc/native/3.4.1056/avr8-gnu-toolchain/bin/../lib/gcc/avr/4.8.1/../../../../avr/lib/avr6\libc.a(strcpy.o)
                0x00005026                strcpy
 .text.avr-libc
                0x00005034      0x2fa c:/program files (x86)/atmel/atmel toolchain/avr8 gcc/native/3.4.1056/avr8-gnu-toolchain/bin/../lib/gcc/avr/4.8.1/../../../../avr/lib/avr6\libc.a(dtoa_prf.o)
                0x00005034                dtoa_prf
 .text.avr-libc
                0x0000532e      0x1b0 c:/program files (x86)/atmel/atmel toolchain/avr8 gcc/native/3.4.1056/avr8-gnu-toolchain/bin/../lib/gcc/avr/4.8.1/../../../../avr/lib/avr6\libc.a(ftoa_engine.o)
                0x0000532e                __ftoa_engine
                0x000054de                . = ALIGN (0x2)
 *(.fini9)
 .fini9         0x000054de        0x0 c:/program files (x86)/atmel/atmel toolchain/avr8 gcc/native/3.4.1056/avr8-gnu-toolchain/bin/../lib/gcc/avr/4.8.1/avr6\libgcc.a(_exit.o)
                0x000054de                _exit
                0x000054de                exit
 *(.fini9)
 *(.fini8)
 *(.fini8)
 *(.fini7)
 *(.fini7)
 *(.fini6)
 *(.fini6)
 *(.fini5)
 *(.fini5)
 *(.fini4)
 *(.fini4)
 *(.fini3)
 *(.fini3)
 *(.fini2)
 *(.fini2)
 *(.fini1)
 *(.fini1)
 *(.fini0)
 .fini0         0x000054de        0x4 c:/program files (x86)/atmel/atmel toolchain/avr8 gcc/native/3.4.1056/avr8-gnu-toolchain/bin/../lib/gcc/avr/4.8.1/avr6\libgcc.a(_exit.o)
 *(.fini0)
                0x000054e2                _etext = .

.data           0x00800200       0xec load address 0x000054e2
                0x00800200                PROVIDE (__data_start, .)
 *(.data)
 .data          0x00800200        0x0 c:/program files (x86)/atmel/atmel toolchain/avr8 gcc/native/3.4.1056/avr8-gnu-toolchain/bin/../lib/gcc/avr/4.8.1/../../../../avr/lib/avr6/crtm2560.o
 .data          0x00800200        0x0 FreeRTOS2560.o
 .data          0x00800200        0x0 heap_1.o
 .data          0x00800200        0x0 I2Cdev.o
 .data          0x00800200        0x0 list.o
 .data          0x00800200        0x0 MPU6050.o
 .data          0x00800200        0x0 NewPing.o
 .data          0x00800200        0x0 port.o
 .data          0x00800200        0x0 queue.o
 .data          0x00800200        0x0 tasks.o
 .data          0x00800200        0x0 twi.o
 .data          0x00800200        0x0 Wire.o
 .data          0x00800200        0x0 c:/program files (x86)/atmel/atmel toolchain/avr8 gcc/native/3.4.1056/avr8-gnu-toolchain/bin/../lib/gcc/avr/4.8.1/../../../../avr/lib/avr6\libm.a(addsf3.o)
 .data          0x00800200        0x0 c:/program files (x86)/atmel/atmel toolchain/avr8 gcc/native/3.4.1056/avr8-gnu-toolchain/bin/../lib/gcc/avr/4.8.1/../../../../avr/lib/avr6\libm.a(addsf3x.o)
 .data          0x00800200        0x0 c:/program files (x86)/atmel/atmel toolchain/avr8 gcc/native/3.4.1056/avr8-gnu-toolchain/bin/../lib/gcc/avr/4.8.1/../../../../avr/lib/avr6\libm.a(atan2.o)
 .data          0x00800200        0x0 c:/program files (x86)/atmel/atmel toolchain/avr8 gcc/native/3.4.1056/avr8-gnu-toolchain/bin/../lib/gcc/avr/4.8.1/../../../../avr/lib/avr6\libm.a(atan.o)
 .data          0x00800200        0x0 c:/program files (x86)/atmel/atmel toolchain/avr8 gcc/native/3.4.1056/avr8-gnu-toolchain/bin/../lib/gcc/avr/4.8.1/../../../../avr/lib/avr6\libm.a(cmpsf2.o)
 .data          0x00800200        0x0 c:/program files (x86)/atmel/atmel toolchain/avr8 gcc/native/3.4.1056/avr8-gnu-toolchain/bin/../lib/gcc/avr/4.8.1/../../../../avr/lib/avr6\libm.a(cos.o)
 .data          0x00800200        0x0 c:/program files (x86)/atmel/atmel toolchain/avr8 gcc/native/3.4.1056/avr8-gnu-toolchain/bin/../lib/gcc/avr/4.8.1/../../../../avr/lib/avr6\libm.a(divsf3.o)
 .data          0x00800200        0x0 c:/program files (x86)/atmel/atmel toolchain/avr8 gcc/native/3.4.1056/avr8-gnu-toolchain/bin/../lib/gcc/avr/4.8.1/../../../../avr/lib/avr6\libm.a(divsf3x.o)
 .data          0x00800200        0x0 c:/program files (x86)/atmel/atmel toolchain/avr8 gcc/native/3.4.1056/avr8-gnu-toolchain/bin/../lib/gcc/avr/4.8.1/../../../../avr/lib/avr6\libm.a(fixsfsi.o)
 .data          0x00800200        0x0 c:/program files (x86)/atmel/atmel toolchain/avr8 gcc/native/3.4.1056/avr8-gnu-toolchain/bin/../lib/gcc/avr/4.8.1/../../../../avr/lib/avr6\libm.a(fixunssfsi.o)
 .data          0x00800200        0x0 c:/program files (x86)/atmel/atmel toolchain/avr8 gcc/native/3.4.1056/avr8-gnu-toolchain/bin/../lib/gcc/avr/4.8.1/../../../../avr/lib/avr6\libm.a(floatsisf.o)
 .data          0x00800200        0x0 c:/program files (x86)/atmel/atmel toolchain/avr8 gcc/native/3.4.1056/avr8-gnu-toolchain/bin/../lib/gcc/avr/4.8.1/../../../../avr/lib/avr6\libm.a(fmod.o)
 .data          0x00800200        0x0 c:/program files (x86)/atmel/atmel toolchain/avr8 gcc/native/3.4.1056/avr8-gnu-toolchain/bin/../lib/gcc/avr/4.8.1/../../../../avr/lib/avr6\libm.a(fp_cmp.o)
 .data          0x00800200        0x0 c:/program files (x86)/atmel/atmel toolchain/avr8 gcc/native/3.4.1056/avr8-gnu-toolchain/bin/../lib/gcc/avr/4.8.1/../../../../avr/lib/avr6\libm.a(fp_inf.o)
 .data          0x00800200        0x0 c:/program files (x86)/atmel/atmel toolchain/avr8 gcc/native/3.4.1056/avr8-gnu-toolchain/bin/../lib/gcc/avr/4.8.1/../../../../avr/lib/avr6\libm.a(fp_mpack.o)
 .data          0x00800200        0x0 c:/program files (x86)/atmel/atmel toolchain/avr8 gcc/native/3.4.1056/avr8-gnu-toolchain/bin/../lib/gcc/avr/4.8.1/../../../../avr/lib/avr6\libm.a(fp_nan.o)
 .data          0x00800200        0x0 c:/program files (x86)/atmel/atmel toolchain/avr8 gcc/native/3.4.1056/avr8-gnu-toolchain/bin/../lib/gcc/avr/4.8.1/../../../../avr/lib/avr6\libm.a(fp_powser.o)
 .data          0x00800200        0x0 c:/program files (x86)/atmel/atmel toolchain/avr8 gcc/native/3.4.1056/avr8-gnu-toolchain/bin/../lib/gcc/avr/4.8.1/../../../../avr/lib/avr6\libm.a(fp_pscA.o)
 .data          0x00800200        0x0 c:/program files (x86)/atmel/atmel toolchain/avr8 gcc/native/3.4.1056/avr8-gnu-toolchain/bin/../lib/gcc/avr/4.8.1/../../../../avr/lib/avr6\libm.a(fp_pscB.o)
 .data          0x00800200        0x0 c:/program files (x86)/atmel/atmel toolchain/avr8 gcc/native/3.4.1056/avr8-gnu-toolchain/bin/../lib/gcc/avr/4.8.1/../../../../avr/lib/avr6\libm.a(fp_rempio2.o)
 .data          0x00800200        0x0 c:/program files (x86)/atmel/atmel toolchain/avr8 gcc/native/3.4.1056/avr8-gnu-toolchain/bin/../lib/gcc/avr/4.8.1/../../../../avr/lib/avr6\libm.a(fp_round.o)
 .data          0x00800200        0x0 c:/program files (x86)/atmel/atmel toolchain/avr8 gcc/native/3.4.1056/avr8-gnu-toolchain/bin/../lib/gcc/avr/4.8.1/../../../../avr/lib/avr6\libm.a(fp_sinus.o)
 .data          0x00800200        0x0 c:/program files (x86)/atmel/atmel toolchain/avr8 gcc/native/3.4.1056/avr8-gnu-toolchain/bin/../lib/gcc/avr/4.8.1/../../../../avr/lib/avr6\libm.a(fp_split3.o)
 .data          0x00800200        0x0 c:/program files (x86)/atmel/atmel toolchain/avr8 gcc/native/3.4.1056/avr8-gnu-toolchain/bin/../lib/gcc/avr/4.8.1/../../../../avr/lib/avr6\libm.a(fp_zero.o)
 .data          0x00800200        0x0 c:/program files (x86)/atmel/atmel toolchain/avr8 gcc/native/3.4.1056/avr8-gnu-toolchain/bin/../lib/gcc/avr/4.8.1/../../../../avr/lib/avr6\libm.a(gesf2.o)
 .data          0x00800200        0x0 c:/program files (x86)/atmel/atmel toolchain/avr8 gcc/native/3.4.1056/avr8-gnu-toolchain/bin/../lib/gcc/avr/4.8.1/../../../../avr/lib/avr6\libm.a(inverse.o)
 .data          0x00800200        0x0 c:/program files (x86)/atmel/atmel toolchain/avr8 gcc/native/3.4.1056/avr8-gnu-toolchain/bin/../lib/gcc/avr/4.8.1/../../../../avr/lib/avr6\libm.a(mulsf3.o)
 .data          0x00800200        0x0 c:/program files (x86)/atmel/atmel toolchain/avr8 gcc/native/3.4.1056/avr8-gnu-toolchain/bin/../lib/gcc/avr/4.8.1/../../../../avr/lib/avr6\libm.a(mulsf3x.o)
 .data          0x00800200        0x0 c:/program files (x86)/atmel/atmel toolchain/avr8 gcc/native/3.4.1056/avr8-gnu-toolchain/bin/../lib/gcc/avr/4.8.1/../../../../avr/lib/avr6\libm.a(sin.o)
 .data          0x00800200        0x0 c:/program files (x86)/atmel/atmel toolchain/avr8 gcc/native/3.4.1056/avr8-gnu-toolchain/bin/../lib/gcc/avr/4.8.1/../../../../avr/lib/avr6\libm.a(sqrt.o)
 .data          0x00800200        0x0 c:/program files (x86)/atmel/atmel toolchain/avr8 gcc/native/3.4.1056/avr8-gnu-toolchain/bin/../lib/gcc/avr/4.8.1/../../../../avr/lib/avr6\libm.a(square.o)
 .data          0x00800200        0x0 c:/program files (x86)/atmel/atmel toolchain/avr8 gcc/native/3.4.1056/avr8-gnu-toolchain/bin/../lib/gcc/avr/4.8.1/../../../../avr/lib/avr6\libm.a(fp_norm2.o)
 .data          0x00800200        0x0 c:/program files (x86)/atmel/atmel toolchain/avr8 gcc/native/3.4.1056/avr8-gnu-toolchain/bin/../lib/gcc/avr/4.8.1/../../../../avr/lib/avr6\libm.a(fp_powsodd.o)
 .data          0x00800200        0x0 ../../../Arduino/Arduino/Debug\libarduino.a(HardwareSerial.o)
 .data          0x00800200        0x0 ../../../Arduino/Arduino/Debug\libarduino.a(new.o)
 .data          0x00800200        0x0 ../../../Arduino/Arduino/Debug\libarduino.a(Print.o)
 .data          0x00800200        0x0 ../../../Arduino/Arduino/Debug\libarduino.a(wiring.o)
 .data          0x00800200        0x0 ../../../Arduino/Arduino/Debug\libarduino.a(wiring_digital.o)
 .data          0x00800200        0x0 ../../../Arduino/Arduino/Debug\libarduino.a(WString.o)
 .data          0x00800200        0x0 c:/program files (x86)/atmel/atmel toolchain/avr8 gcc/native/3.4.1056/avr8-gnu-toolchain/bin/../lib/gcc/avr/4.8.1/../../../../avr/lib/avr6\libm.a(unordsf2.o)
 .data          0x00800200        0x0 c:/program files (x86)/atmel/atmel toolchain/avr8 gcc/native/3.4.1056/avr8-gnu-toolchain/bin/../lib/gcc/avr/4.8.1/avr6\libgcc.a(_udivmodhi4.o)
 .data          0x00800200        0x0 c:/program files (x86)/atmel/atmel toolchain/avr8 gcc/native/3.4.1056/avr8-gnu-toolchain/bin/../lib/gcc/avr/4.8.1/avr6\libgcc.a(_udivmodsi4.o)
 .data          0x00800200        0x0 c:/program files (x86)/atmel/atmel toolchain/avr8 gcc/native/3.4.1056/avr8-gnu-toolchain/bin/../lib/gcc/avr/4.8.1/avr6\libgcc.a(_exit.o)
 .data          0x00800200        0x0 c:/program files (x86)/atmel/atmel toolchain/avr8 gcc/native/3.4.1056/avr8-gnu-toolchain/bin/../lib/gcc/avr/4.8.1/avr6\libgcc.a(_tablejump.o)
 .data          0x00800200        0x0 c:/program files (x86)/atmel/atmel toolchain/avr8 gcc/native/3.4.1056/avr8-gnu-toolchain/bin/../lib/gcc/avr/4.8.1/avr6\libgcc.a(_copy_data.o)
 .data          0x00800200        0x0 c:/program files (x86)/atmel/atmel toolchain/avr8 gcc/native/3.4.1056/avr8-gnu-toolchain/bin/../lib/gcc/avr/4.8.1/avr6\libgcc.a(_clear_bss.o)
 .data          0x00800200        0x0 c:/program files (x86)/atmel/atmel toolchain/avr8 gcc/native/3.4.1056/avr8-gnu-toolchain/bin/../lib/gcc/avr/4.8.1/avr6\libgcc.a(_ctors.o)
 .data          0x00800200        0x0 c:/program files (x86)/atmel/atmel toolchain/avr8 gcc/native/3.4.1056/avr8-gnu-toolchain/bin/../lib/gcc/avr/4.8.1/avr6\libgcc.a(_tablejump_elpm.o)
 .data          0x00800200        0x0 c:/program files (x86)/atmel/atmel toolchain/avr8 gcc/native/3.4.1056/avr8-gnu-toolchain/bin/../lib/gcc/avr/4.8.1/../../../../avr/lib/avr6\libc.a(dtostrf.o)
 .data          0x00800200        0x6 c:/program files (x86)/atmel/atmel toolchain/avr8 gcc/native/3.4.1056/avr8-gnu-toolchain/bin/../lib/gcc/avr/4.8.1/../../../../avr/lib/avr6\libc.a(malloc.o)
                0x00800200                __malloc_heap_end
                0x00800202                __malloc_heap_start
                0x00800204                __malloc_margin
 .data          0x00800206        0x0 c:/program files (x86)/atmel/atmel toolchain/avr8 gcc/native/3.4.1056/avr8-gnu-toolchain/bin/../lib/gcc/avr/4.8.1/../../../../avr/lib/avr6\libc.a(realloc.o)
 .data          0x00800206        0x0 c:/program files (x86)/atmel/atmel toolchain/avr8 gcc/native/3.4.1056/avr8-gnu-toolchain/bin/../lib/gcc/avr/4.8.1/../../../../avr/lib/avr6\libc.a(atof.o)
 .data          0x00800206        0x0 c:/program files (x86)/atmel/atmel toolchain/avr8 gcc/native/3.4.1056/avr8-gnu-toolchain/bin/../lib/gcc/avr/4.8.1/../../../../avr/lib/avr6\libc.a(atol.o)
 .data          0x00800206        0x0 c:/program files (x86)/atmel/atmel toolchain/avr8 gcc/native/3.4.1056/avr8-gnu-toolchain/bin/../lib/gcc/avr/4.8.1/../../../../avr/lib/avr6\libc.a(isspace.o)
 .data          0x00800206        0x0 c:/program files (x86)/atmel/atmel toolchain/avr8 gcc/native/3.4.1056/avr8-gnu-toolchain/bin/../lib/gcc/avr/4.8.1/../../../../avr/lib/avr6\libc.a(tolower.o)
 .data          0x00800206        0x0 c:/program files (x86)/atmel/atmel toolchain/avr8 gcc/native/3.4.1056/avr8-gnu-toolchain/bin/../lib/gcc/avr/4.8.1/../../../../avr/lib/avr6\libc.a(toupper.o)
 .data          0x00800206        0x0 c:/program files (x86)/atmel/atmel toolchain/avr8 gcc/native/3.4.1056/avr8-gnu-toolchain/bin/../lib/gcc/avr/4.8.1/../../../../avr/lib/avr6\libc.a(strcpy_P.o)
 .data          0x00800206        0x0 c:/program files (x86)/atmel/atmel toolchain/avr8 gcc/native/3.4.1056/avr8-gnu-toolchain/bin/../lib/gcc/avr/4.8.1/../../../../avr/lib/avr6\libc.a(strlen_P.o)
 .data          0x00800206        0x0 c:/program files (x86)/atmel/atmel toolchain/avr8 gcc/native/3.4.1056/avr8-gnu-toolchain/bin/../lib/gcc/avr/4.8.1/../../../../avr/lib/avr6\libc.a(memcmp.o)
 .data          0x00800206        0x0 c:/program files (x86)/atmel/atmel toolchain/avr8 gcc/native/3.4.1056/avr8-gnu-toolchain/bin/../lib/gcc/avr/4.8.1/../../../../avr/lib/avr6\libc.a(memcpy.o)
 .data          0x00800206        0x0 c:/program files (x86)/atmel/atmel toolchain/avr8 gcc/native/3.4.1056/avr8-gnu-toolchain/bin/../lib/gcc/avr/4.8.1/../../../../avr/lib/avr6\libc.a(memmove.o)
 .data          0x00800206        0x0 c:/program files (x86)/atmel/atmel toolchain/avr8 gcc/native/3.4.1056/avr8-gnu-toolchain/bin/../lib/gcc/avr/4.8.1/../../../../avr/lib/avr6\libc.a(strcat.o)
 .data          0x00800206        0x0 c:/program files (x86)/atmel/atmel toolchain/avr8 gcc/native/3.4.1056/avr8-gnu-toolchain/bin/../lib/gcc/avr/4.8.1/../../../../avr/lib/avr6\libc.a(strchr.o)
 .data          0x00800206        0x0 c:/program files (x86)/atmel/atmel toolchain/avr8 gcc/native/3.4.1056/avr8-gnu-toolchain/bin/../lib/gcc/avr/4.8.1/../../../../avr/lib/avr6\libc.a(strcmp.o)
 .data          0x00800206        0x0 c:/program files (x86)/atmel/atmel toolchain/avr8 gcc/native/3.4.1056/avr8-gnu-toolchain/bin/../lib/gcc/avr/4.8.1/../../../../avr/lib/avr6\libc.a(strcpy.o)
 .data          0x00800206        0x0 c:/program files (x86)/atmel/atmel toolchain/avr8 gcc/native/3.4.1056/avr8-gnu-toolchain/bin/../lib/gcc/avr/4.8.1/../../../../avr/lib/avr6\libc.a(strncmp.o)
 .data          0x00800206        0x0 c:/program files (x86)/atmel/atmel toolchain/avr8 gcc/native/3.4.1056/avr8-gnu-toolchain/bin/../lib/gcc/avr/4.8.1/../../../../avr/lib/avr6\libc.a(strncpy.o)
 .data          0x00800206        0x0 c:/program files (x86)/atmel/atmel toolchain/avr8 gcc/native/3.4.1056/avr8-gnu-toolchain/bin/../lib/gcc/avr/4.8.1/../../../../avr/lib/avr6\libc.a(strrchr.o)
 .data          0x00800206        0x0 c:/program files (x86)/atmel/atmel toolchain/avr8 gcc/native/3.4.1056/avr8-gnu-toolchain/bin/../lib/gcc/avr/4.8.1/../../../../avr/lib/avr6\libc.a(strstr.o)
 .data          0x00800206        0x0 c:/program files (x86)/atmel/atmel toolchain/avr8 gcc/native/3.4.1056/avr8-gnu-toolchain/bin/../lib/gcc/avr/4.8.1/../../../../avr/lib/avr6\libc.a(itoa.o)
 .data          0x00800206        0x0 c:/program files (x86)/atmel/atmel toolchain/avr8 gcc/native/3.4.1056/avr8-gnu-toolchain/bin/../lib/gcc/avr/4.8.1/../../../../avr/lib/avr6\libc.a(itoa_ncheck.o)
 .data          0x00800206        0x0 c:/program files (x86)/atmel/atmel toolchain/avr8 gcc/native/3.4.1056/avr8-gnu-toolchain/bin/../lib/gcc/avr/4.8.1/../../../../avr/lib/avr6\libc.a(ltoa.o)
 .data          0x00800206        0x0 c:/program files (x86)/atmel/atmel toolchain/avr8 gcc/native/3.4.1056/avr8-gnu-toolchain/bin/../lib/gcc/avr/4.8.1/../../../../avr/lib/avr6\libc.a(ltoa_ncheck.o)
 .data          0x00800206        0x0 c:/program files (x86)/atmel/atmel toolchain/avr8 gcc/native/3.4.1056/avr8-gnu-toolchain/bin/../lib/gcc/avr/4.8.1/../../../../avr/lib/avr6\libc.a(mulsi10.o)
 .data          0x00800206        0x0 c:/program files (x86)/atmel/atmel toolchain/avr8 gcc/native/3.4.1056/avr8-gnu-toolchain/bin/../lib/gcc/avr/4.8.1/../../../../avr/lib/avr6\libc.a(ultoa.o)
 .data          0x00800206        0x0 c:/program files (x86)/atmel/atmel toolchain/avr8 gcc/native/3.4.1056/avr8-gnu-toolchain/bin/../lib/gcc/avr/4.8.1/../../../../avr/lib/avr6\libc.a(ultoa_ncheck.o)
 .data          0x00800206        0x0 c:/program files (x86)/atmel/atmel toolchain/avr8 gcc/native/3.4.1056/avr8-gnu-toolchain/bin/../lib/gcc/avr/4.8.1/../../../../avr/lib/avr6\libc.a(utoa.o)
 .data          0x00800206        0x0 c:/program files (x86)/atmel/atmel toolchain/avr8 gcc/native/3.4.1056/avr8-gnu-toolchain/bin/../lib/gcc/avr/4.8.1/../../../../avr/lib/avr6\libc.a(utoa_ncheck.o)
 .data          0x00800206        0x0 c:/program files (x86)/atmel/atmel toolchain/avr8 gcc/native/3.4.1056/avr8-gnu-toolchain/bin/../lib/gcc/avr/4.8.1/../../../../avr/lib/avr6\libc.a(dtoa_prf.o)
 .data          0x00800206        0x0 c:/program files (x86)/atmel/atmel toolchain/avr8 gcc/native/3.4.1056/avr8-gnu-toolchain/bin/../lib/gcc/avr/4.8.1/../../../../avr/lib/avr6\libc.a(strtod.o)
 .data          0x00800206        0x0 c:/program files (x86)/atmel/atmel toolchain/avr8 gcc/native/3.4.1056/avr8-gnu-toolchain/bin/../lib/gcc/avr/4.8.1/../../../../avr/lib/avr6\libc.a(ftoa_engine.o)
 .data          0x00800206        0x0 c:/program files (x86)/atmel/atmel toolchain/avr8 gcc/native/3.4.1056/avr8-gnu-toolchain/bin/../lib/gcc/avr/4.8.1/../../../../avr/lib/avr6\libc.a(cty_isfalse.o)
 .data          0x00800206        0x0 c:/program files (x86)/atmel/atmel toolchain/avr8 gcc/native/3.4.1056/avr8-gnu-toolchain/bin/../lib/gcc/avr/4.8.1/../../../../avr/lib/avr6\libc.a(strncasecmp_P.o)
 .data          0x00800206        0x0 c:/program files (x86)/atmel/atmel toolchain/avr8 gcc/native/3.4.1056/avr8-gnu-toolchain/bin/../lib/gcc/avr/4.8.1/../../../../avr/lib/avr6\libc.a(strrev.o)
 .data          0x00800206        0x0 c:/program files (x86)/atmel/atmel toolchain/avr8 gcc/native/3.4.1056/avr8-gnu-toolchain/bin/../lib/gcc/avr/4.8.1/../../../../avr/lib/avr6\libc.a(errno.o)
 .data          0x00800206        0x0 c:/program files (x86)/atmel/atmel toolchain/avr8 gcc/native/3.4.1056/avr8-gnu-toolchain/bin/../lib/gcc/avr/4.8.1/avr6\libgcc.a(_muluhisi3.o)
 .data          0x00800206        0x0 c:/program files (x86)/atmel/atmel toolchain/avr8 gcc/native/3.4.1056/avr8-gnu-toolchain/bin/../lib/gcc/avr/4.8.1/avr6\libgcc.a(_umulhisi3.o)
 *(.data*)
 .data.magOffset
                0x00800206        0xc FreeRTOS2560.o
                0x00800206                magOffset
 .data.motor2   0x00800212        0x2 FreeRTOS2560.o
                0x00800212                motor2
 .data.motor1   0x00800214        0x2 FreeRTOS2560.o
                0x00800214                motor1
 .data.xNextTaskUnblockTime
                0x00800216        0x2 tasks.o
 *(.rodata)
 *(.rodata*)
 .rodata.str1.1
                0x00800218       0xaf FreeRTOS2560.o
 .rodata.str1.1
                0x008002c7        0x5 tasks.o
 .rodata._ZTV7TwoWire
                0x008002cc       0x10 Wire.o
                0x008002cc                _ZTV7TwoWire
 .rodata._ZTV14HardwareSerial
                0x008002dc       0x10 ../../../Arduino/Arduino/Debug\libarduino.a(HardwareSerial.o)
                0x008002dc                _ZTV14HardwareSerial
 *(.gnu.linkonce.d*)
                0x008002ec                . = ALIGN (0x2)
                0x008002ec                _edata = .
                0x008002ec                PROVIDE (__data_end, .)

.bss            0x008002ec     0x194b
                0x008002ec                PROVIDE (__bss_start, .)
 *(.bss)
 *(.bss*)
 .bss.magGain   0x008002ec        0xc FreeRTOS2560.o
                0x008002ec                magGain
 .bss.i2cData   0x008002f8        0xe FreeRTOS2560.o
                0x008002f8                i2cData
 .bss.timer     0x00800306        0x4 FreeRTOS2560.o
                0x00800306                timer
 .bss.kalAngleZ
                0x0080030a        0x4 FreeRTOS2560.o
                0x0080030a                kalAngleZ
 .bss.kalAngleY
                0x0080030e        0x4 FreeRTOS2560.o
                0x0080030e                kalAngleY
 .bss.kalAngleX
                0x00800312        0x4 FreeRTOS2560.o
                0x00800312                kalAngleX
 .bss.compAngleZ
                0x00800316        0x4 FreeRTOS2560.o
                0x00800316                compAngleZ
 .bss.compAngleY
                0x0080031a        0x4 FreeRTOS2560.o
                0x0080031a                compAngleY
 .bss.compAngleX
                0x0080031e        0x4 FreeRTOS2560.o
                0x0080031e                compAngleX
 .bss.gyroZangle
                0x00800322        0x4 FreeRTOS2560.o
                0x00800322                gyroZangle
 .bss.gyroYangle
                0x00800326        0x4 FreeRTOS2560.o
                0x00800326                gyroYangle
 .bss.gyroXangle
                0x0080032a        0x4 FreeRTOS2560.o
                0x0080032a                gyroXangle
 .bss.yaw       0x0080032e        0x4 FreeRTOS2560.o
                0x0080032e                yaw
 .bss.pitch     0x00800332        0x4 FreeRTOS2560.o
                0x00800332                pitch
 .bss.roll      0x00800336        0x4 FreeRTOS2560.o
                0x00800336                roll
 .bss.tempRaw   0x0080033a        0x2 FreeRTOS2560.o
                0x0080033a                tempRaw
 .bss.magZ      0x0080033c        0x4 FreeRTOS2560.o
                0x0080033c                magZ
 .bss.magY      0x00800340        0x4 FreeRTOS2560.o
                0x00800340                magY
 .bss.magX      0x00800344        0x4 FreeRTOS2560.o
                0x00800344                magX
 .bss.gyroZ     0x00800348        0x4 FreeRTOS2560.o
                0x00800348                gyroZ
 .bss.gyroY     0x0080034c        0x4 FreeRTOS2560.o
                0x0080034c                gyroY
 .bss.gyroX     0x00800350        0x4 FreeRTOS2560.o
                0x00800350                gyroX
 .bss.accZ      0x00800354        0x4 FreeRTOS2560.o
                0x00800354                accZ
 .bss.accY      0x00800358        0x4 FreeRTOS2560.o
                0x00800358                accY
 .bss.accX      0x0080035c        0x4 FreeRTOS2560.o
                0x0080035c                accX
 .bss.kalmanZ   0x00800360       0x38 FreeRTOS2560.o
                0x00800360                kalmanZ
 .bss.kalmanY   0x00800398       0x38 FreeRTOS2560.o
                0x00800398                kalmanY
 .bss.kalmanX   0x008003d0       0x38 FreeRTOS2560.o
                0x008003d0                kalmanX
 .bss.printing_semphr
                0x00800408        0x2 FreeRTOS2560.o
                0x00800408                printing_semphr
 .bss.PingTimer
                0x0080040a        0x4 FreeRTOS2560.o
                0x0080040a                PingTimer
 .bss.sonar     0x0080040e       0x48 FreeRTOS2560.o
                0x0080040e                sonar
 .bss.flagM2    0x00800456        0x2 FreeRTOS2560.o
                0x00800456                flagM2
 .bss.flagM1    0x00800458        0x2 FreeRTOS2560.o
                0x00800458                flagM1
 .bss.beforeTaskStarts
                0x0080045a        0x4 FreeRTOS2560.o
                0x0080045a                beforeTaskStarts
 .bss.pucAlignedHeap.1837
                0x0080045e        0x2 heap_1.o
 .bss.xNextFreeByte
                0x00800460        0x2 heap_1.o
 .bss.ucHeap    0x00800462     0x1400 heap_1.o
 .bss.intFunc   0x00801862        0x2 NewPing.o
                0x00801862                intFunc
 .bss.uxSchedulerSuspended
                0x00801864        0x1 tasks.o
 .bss.uxTaskNumber
                0x00801865        0x1 tasks.o
 .bss.xNumOfOverflows
                0x00801866        0x1 tasks.o
 .bss.xYieldPending
                0x00801867        0x1 tasks.o
 .bss.uxPendedTicks
                0x00801868        0x1 tasks.o
 .bss.xSchedulerRunning
                0x00801869        0x1 tasks.o
 .bss.uxTopReadyPriority
                0x0080186a        0x1 tasks.o
 .bss.xTickCount
                0x0080186b        0x2 tasks.o
 .bss.uxCurrentNumberOfTasks
                0x0080186d        0x1 tasks.o
 .bss.xSuspendedTaskList
                0x0080186e        0x9 tasks.o
 .bss.uxTasksDeleted
                0x00801877        0x1 tasks.o
 .bss.xTasksWaitingTermination
                0x00801878        0x9 tasks.o
 .bss.xPendingReadyList
                0x00801881        0x9 tasks.o
 .bss.pxOverflowDelayedTaskList
                0x0080188a        0x2 tasks.o
 .bss.pxDelayedTaskList
                0x0080188c        0x2 tasks.o
 .bss.xDelayedTaskList2
                0x0080188e        0x9 tasks.o
 .bss.xDelayedTaskList1
                0x00801897        0x9 tasks.o
 .bss.pxReadyTasksLists
                0x008018a0       0x24 tasks.o
 .bss.pxCurrentTCB
                0x008018c4        0x2 tasks.o
                0x008018c4                pxCurrentTCB
 .bss.twi_error
                0x008018c6        0x1 twi.o
 .bss.twi_rxBufferIndex
                0x008018c7        0x1 twi.o
 .bss.twi_rxBuffer
                0x008018c8       0x20 twi.o
 .bss.twi_txBufferLength
                0x008018e8        0x1 twi.o
 .bss.twi_txBufferIndex
                0x008018e9        0x1 twi.o
 .bss.twi_txBuffer
                0x008018ea       0x20 twi.o
 .bss.twi_masterBufferLength
                0x0080190a        0x1 twi.o
 .bss.twi_masterBufferIndex
                0x0080190b        0x1 twi.o
 .bss.twi_masterBuffer
                0x0080190c       0x20 twi.o
 .bss.twi_onSlaveReceive
                0x0080192c        0x2 twi.o
 .bss.twi_onSlaveTransmit
                0x0080192e        0x2 twi.o
 .bss.twi_inRepStart
                0x00801930        0x1 twi.o
 .bss.twi_sendStop
                0x00801931        0x1 twi.o
 .bss.twi_slarw
                0x00801932        0x1 twi.o
 .bss.twi_state
                0x00801933        0x1 twi.o
 .bss.Wire      0x00801934        0xc Wire.o
                0x00801934                Wire
 .bss._ZN7TwoWire12transmittingE
                0x00801940        0x1 Wire.o
                0x00801940                _ZN7TwoWire12transmittingE
 .bss._ZN7TwoWire14txBufferLengthE
                0x00801941        0x1 Wire.o
                0x00801941                _ZN7TwoWire14txBufferLengthE
 .bss._ZN7TwoWire13txBufferIndexE
                0x00801942        0x1 Wire.o
                0x00801942                _ZN7TwoWire13txBufferIndexE
 .bss._ZN7TwoWire8txBufferE
                0x00801943       0x20 Wire.o
                0x00801943                _ZN7TwoWire8txBufferE
 .bss._ZN7TwoWire9txAddressE
                0x00801963        0x1 Wire.o
                0x00801963                _ZN7TwoWire9txAddressE
 .bss._ZN7TwoWire14rxBufferLengthE
                0x00801964        0x1 Wire.o
                0x00801964                _ZN7TwoWire14rxBufferLengthE
 .bss._ZN7TwoWire13rxBufferIndexE
                0x00801965        0x1 Wire.o
                0x00801965                _ZN7TwoWire13rxBufferIndexE
 .bss._ZN7TwoWire8rxBufferE
                0x00801966       0x20 Wire.o
                0x00801966                _ZN7TwoWire8rxBufferE
 .bss.Serial3   0x00801986       0x22 ../../../Arduino/Arduino/Debug\libarduino.a(HardwareSerial.o)
                0x00801986                Serial3
 .bss.Serial2   0x008019a8       0x22 ../../../Arduino/Arduino/Debug\libarduino.a(HardwareSerial.o)
                0x008019a8                Serial2
 .bss.Serial1   0x008019ca       0x22 ../../../Arduino/Arduino/Debug\libarduino.a(HardwareSerial.o)
                0x008019ca                Serial1
 .bss.Serial    0x008019ec       0x22 ../../../Arduino/Arduino/Debug\libarduino.a(HardwareSerial.o)
                0x008019ec                Serial
 .bss.tx_buffer3
                0x00801a0e       0x44 ../../../Arduino/Arduino/Debug\libarduino.a(HardwareSerial.o)
                0x00801a0e                tx_buffer3
 .bss.rx_buffer3
                0x00801a52       0x44 ../../../Arduino/Arduino/Debug\libarduino.a(HardwareSerial.o)
                0x00801a52                rx_buffer3
 .bss.tx_buffer2
                0x00801a96       0x44 ../../../Arduino/Arduino/Debug\libarduino.a(HardwareSerial.o)
                0x00801a96                tx_buffer2
 .bss.rx_buffer2
                0x00801ada       0x44 ../../../Arduino/Arduino/Debug\libarduino.a(HardwareSerial.o)
                0x00801ada                rx_buffer2
 .bss.tx_buffer1
                0x00801b1e       0x44 ../../../Arduino/Arduino/Debug\libarduino.a(HardwareSerial.o)
                0x00801b1e                tx_buffer1
 .bss.rx_buffer1
                0x00801b62       0x44 ../../../Arduino/Arduino/Debug\libarduino.a(HardwareSerial.o)
                0x00801b62                rx_buffer1
 .bss.tx_buffer
                0x00801ba6       0x44 ../../../Arduino/Arduino/Debug\libarduino.a(HardwareSerial.o)
                0x00801ba6                tx_buffer
 .bss.rx_buffer
                0x00801bea       0x44 ../../../Arduino/Arduino/Debug\libarduino.a(HardwareSerial.o)
                0x00801bea                rx_buffer
 .bss.timer0_fract
                0x00801c2e        0x1 ../../../Arduino/Arduino/Debug\libarduino.a(wiring.o)
 .bss.timer0_millis
                0x00801c2f        0x4 ../../../Arduino/Arduino/Debug\libarduino.a(wiring.o)
                0x00801c2f                timer0_millis
 .bss.timer0_overflow_count
                0x00801c33        0x4 ../../../Arduino/Arduino/Debug\libarduino.a(wiring.o)
                0x00801c33                timer0_overflow_count
 *(COMMON)
                0x00801c37                PROVIDE (__bss_end, .)
                0x000054e2                __data_load_start = LOADADDR (.data)
                0x000055ce                __data_load_end = (__data_load_start + SIZEOF (.data))

.noinit         0x00801c37        0x0
                0x00801c37                PROVIDE (__noinit_start, .)
 *(.noinit*)
                0x00801c37                PROVIDE (__noinit_end, .)
                0x00801c37                _end = .
                0x00801c37                PROVIDE (__heap_start, .)

.eeprom         0x00810000        0x0
 *(.eeprom*)
                0x00810000                __eeprom_end = .

.fuse
 *(.fuse)
 *(.lfuse)
 *(.hfuse)
 *(.efuse)

.lock
 *(.lock*)

.signature
 *(.signature*)

.user_signatures
 *(.user_signatures*)

.stab
 *(.stab)

.stabstr
 *(.stabstr)

.stab.excl
 *(.stab.excl)

.stab.exclstr
 *(.stab.exclstr)

.stab.index
 *(.stab.index)

.stab.indexstr
 *(.stab.indexstr)

.comment        0x00000000       0x5c
 *(.comment)
 .comment       0x00000000       0x30 FreeRTOS2560.o
                                 0x31 (size before relaxing)
 .comment       0x00000000       0x31 heap_1.o
 .comment       0x00000000       0x31 I2Cdev.o
 .comment       0x00000000       0x31 list.o
 .comment       0x00000000       0x31 MPU6050.o
 .comment       0x00000000       0x31 NewPing.o
 .comment       0x00000000       0x31 port.o
 .comment       0x00000000       0x31 queue.o
 .comment       0x00000000       0x31 tasks.o
 .comment       0x00000000       0x31 twi.o
 .comment       0x00000000       0x31 Wire.o
 .comment       0x00000000       0x31 ../../../Arduino/Arduino/Debug\libarduino.a(HardwareSerial.o)
 .comment       0x00000000       0x31 ../../../Arduino/Arduino/Debug\libarduino.a(new.o)
 .comment       0x00000000       0x31 ../../../Arduino/Arduino/Debug\libarduino.a(Print.o)
 .comment       0x00000000       0x31 ../../../Arduino/Arduino/Debug\libarduino.a(wiring.o)
 .comment       0x00000000       0x31 ../../../Arduino/Arduino/Debug\libarduino.a(wiring_digital.o)
 .comment       0x00000000       0x31 ../../../Arduino/Arduino/Debug\libarduino.a(WString.o)
 .comment       0x00000000       0x31 c:/program files (x86)/atmel/atmel toolchain/avr8 gcc/native/3.4.1056/avr8-gnu-toolchain/bin/../lib/gcc/avr/4.8.1/../../../../avr/lib/avr6\libc.a(dtostrf.o)
 .comment       0x00000000       0x31 c:/program files (x86)/atmel/atmel toolchain/avr8 gcc/native/3.4.1056/avr8-gnu-toolchain/bin/../lib/gcc/avr/4.8.1/../../../../avr/lib/avr6\libc.a(malloc.o)
 .comment       0x00000000       0x31 c:/program files (x86)/atmel/atmel toolchain/avr8 gcc/native/3.4.1056/avr8-gnu-toolchain/bin/../lib/gcc/avr/4.8.1/../../../../avr/lib/avr6\libc.a(realloc.o)
 .comment       0x00000000       0x31 c:/program files (x86)/atmel/atmel toolchain/avr8 gcc/native/3.4.1056/avr8-gnu-toolchain/bin/../lib/gcc/avr/4.8.1/../../../../avr/lib/avr6\libc.a(dtoa_prf.o)
 .comment       0x00000000       0x31 c:/program files (x86)/atmel/atmel toolchain/avr8 gcc/native/3.4.1056/avr8-gnu-toolchain/bin/../lib/gcc/avr/4.8.1/../../../../avr/lib/avr6\libc.a(strtod.o)
 .comment       0x00000030       0x2c c:/program files (x86)/atmel/atmel toolchain/avr8 gcc/native/3.4.1056/avr8-gnu-toolchain/bin/../lib/gcc/avr/4.8.1/../../../../avr/lib/avr6\libc.a(errno.o)
                                 0x2d (size before relaxing)

.note.gnu.build-id
 *(.note.gnu.build-id)

.debug
 *(.debug)

.line
 *(.line)

.debug_srcinfo
 *(.debug_srcinfo)

.debug_sfnames
 *(.debug_sfnames)

.debug_aranges  0x00000000     0x12e8
 *(.debug_aranges)
 .debug_aranges
                0x00000000       0xa0 FreeRTOS2560.o
 .debug_aranges
                0x000000a0       0x38 heap_1.o
 .debug_aranges
                0x000000d8       0xa0 I2Cdev.o
 .debug_aranges
                0x00000178       0x40 list.o
 .debug_aranges
                0x000001b8      0x840 MPU6050.o
 .debug_aranges
                0x000009f8       0x98 NewPing.o
 .debug_aranges
                0x00000a90       0x48 port.o
 .debug_aranges
                0x00000ad8       0xa0 queue.o
 .debug_aranges
                0x00000b78      0x118 tasks.o
 .debug_aranges
                0x00000c90       0x70 twi.o
 .debug_aranges
                0x00000d00       0xd0 Wire.o
 .debug_aranges
                0x00000dd0       0xd8 ../../../Arduino/Arduino/Debug\libarduino.a(HardwareSerial.o)
 .debug_aranges
                0x00000ea8       0x58 ../../../Arduino/Arduino/Debug\libarduino.a(new.o)
 .debug_aranges
                0x00000f00       0xe8 ../../../Arduino/Arduino/Debug\libarduino.a(Print.o)
 .debug_aranges
                0x00000fe8       0x48 ../../../Arduino/Arduino/Debug\libarduino.a(wiring.o)
 .debug_aranges
                0x00001030       0x38 ../../../Arduino/Arduino/Debug\libarduino.a(wiring_digital.o)
 .debug_aranges
                0x00001068      0x280 ../../../Arduino/Arduino/Debug\libarduino.a(WString.o)

.debug_pubnames
 *(.debug_pubnames)

.debug_info     0x00000000    0x1b58b
 *(.debug_info .gnu.linkonce.wi.*)
 .debug_info    0x00000000     0x2590 FreeRTOS2560.o
 .debug_info    0x00002590      0x1ad heap_1.o
 .debug_info    0x0000273d     0x1282 I2Cdev.o
 .debug_info    0x000039bf      0x2c3 list.o
 .debug_info    0x00003c82     0x8893 MPU6050.o
 .debug_info    0x0000c515      0xbd0 NewPing.o
 .debug_info    0x0000d0e5      0x202 port.o
 .debug_info    0x0000d2e7     0x1014 queue.o
 .debug_info    0x0000e2fb     0x18ef tasks.o
 .debug_info    0x0000fbea      0x5ed twi.o
 .debug_info    0x000101d7     0x2019 Wire.o
 .debug_info    0x000121f0     0x2195 ../../../Arduino/Arduino/Debug\libarduino.a(HardwareSerial.o)
 .debug_info    0x00014385      0x230 ../../../Arduino/Arduino/Debug\libarduino.a(new.o)
 .debug_info    0x000145b5     0x25b3 ../../../Arduino/Arduino/Debug\libarduino.a(Print.o)
 .debug_info    0x00016b68      0x30b ../../../Arduino/Arduino/Debug\libarduino.a(wiring.o)
 .debug_info    0x00016e73      0x63a ../../../Arduino/Arduino/Debug\libarduino.a(wiring_digital.o)
 .debug_info    0x000174ad     0x40de ../../../Arduino/Arduino/Debug\libarduino.a(WString.o)

.debug_abbrev   0x00000000     0x31bf
 *(.debug_abbrev)
 .debug_abbrev  0x00000000      0x677 FreeRTOS2560.o
 .debug_abbrev  0x00000677      0x12e heap_1.o
 .debug_abbrev  0x000007a5      0x2d7 I2Cdev.o
 .debug_abbrev  0x00000a7c       0xf8 list.o
 .debug_abbrev  0x00000b74      0x2f2 MPU6050.o
 .debug_abbrev  0x00000e66      0x367 NewPing.o
 .debug_abbrev  0x000011cd      0x13d port.o
 .debug_abbrev  0x0000130a      0x2d2 queue.o
 .debug_abbrev  0x000015dc      0x32b tasks.o
 .debug_abbrev  0x00001907      0x251 twi.o
 .debug_abbrev  0x00001b58      0x4e7 Wire.o
 .debug_abbrev  0x0000203f      0x545 ../../../Arduino/Arduino/Debug\libarduino.a(HardwareSerial.o)
 .debug_abbrev  0x00002584      0x13f ../../../Arduino/Arduino/Debug\libarduino.a(new.o)
 .debug_abbrev  0x000026c3      0x3dd ../../../Arduino/Arduino/Debug\libarduino.a(Print.o)
 .debug_abbrev  0x00002aa0      0x134 ../../../Arduino/Arduino/Debug\libarduino.a(wiring.o)
 .debug_abbrev  0x00002bd4      0x15a ../../../Arduino/Arduino/Debug\libarduino.a(wiring_digital.o)
 .debug_abbrev  0x00002d2e      0x491 ../../../Arduino/Arduino/Debug\libarduino.a(WString.o)

.debug_line     0x00000000     0x89eb
 *(.debug_line .debug_line.* .debug_line_end)
 .debug_line    0x00000000      0xbba FreeRTOS2560.o
 .debug_line    0x00000bba      0x230 heap_1.o
 .debug_line    0x00000dea      0x6ba I2Cdev.o
 .debug_line    0x000014a4      0x244 list.o
 .debug_line    0x000016e8     0x22be MPU6050.o
 .debug_line    0x000039a6      0x4e0 NewPing.o
 .debug_line    0x00003e86      0x301 port.o
 .debug_line    0x00004187      0x86a queue.o
 .debug_line    0x000049f1      0xda0 tasks.o
 .debug_line    0x00005791      0x512 twi.o
 .debug_line    0x00005ca3      0x514 Wire.o
 .debug_line    0x000061b7      0x72e ../../../Arduino/Arduino/Debug\libarduino.a(HardwareSerial.o)
 .debug_line    0x000068e5      0x222 ../../../Arduino/Arduino/Debug\libarduino.a(new.o)
 .debug_line    0x00006b07      0x6e9 ../../../Arduino/Arduino/Debug\libarduino.a(Print.o)
 .debug_line    0x000071f0      0x2ea ../../../Arduino/Arduino/Debug\libarduino.a(wiring.o)
 .debug_line    0x000074da      0x2c6 ../../../Arduino/Arduino/Debug\libarduino.a(wiring_digital.o)
 .debug_line    0x000077a0     0x124b ../../../Arduino/Arduino/Debug\libarduino.a(WString.o)

.debug_frame    0x00000000     0x453c
 *(.debug_frame)
 .debug_frame   0x00000000      0x324 FreeRTOS2560.o
 .debug_frame   0x00000324       0x60 heap_1.o
 .debug_frame   0x00000384      0x3c4 I2Cdev.o
 .debug_frame   0x00000748       0x90 list.o
 .debug_frame   0x000007d8     0x1de8 MPU6050.o
 .debug_frame   0x000025c0      0x238 NewPing.o
 .debug_frame   0x000027f8       0x74 port.o
 .debug_frame   0x0000286c      0x224 queue.o
 .debug_frame   0x00002a90      0x3e8 tasks.o
 .debug_frame   0x00002e78      0x114 twi.o
 .debug_frame   0x00002f8c      0x1d0 Wire.o
 .debug_frame   0x0000315c      0x470 ../../../Arduino/Arduino/Debug\libarduino.a(HardwareSerial.o)
 .debug_frame   0x000035cc       0x94 ../../../Arduino/Arduino/Debug\libarduino.a(new.o)
 .debug_frame   0x00003660      0x3ec ../../../Arduino/Arduino/Debug\libarduino.a(Print.o)
 .debug_frame   0x00003a4c       0xbc ../../../Arduino/Arduino/Debug\libarduino.a(wiring.o)
 .debug_frame   0x00003b08       0x7c ../../../Arduino/Arduino/Debug\libarduino.a(wiring_digital.o)
 .debug_frame   0x00003b84      0x9b8 ../../../Arduino/Arduino/Debug\libarduino.a(WString.o)

.debug_str      0x00000000     0x7329
 *(.debug_str)
 .debug_str     0x00000000      0xd58 FreeRTOS2560.o
                                0xe17 (size before relaxing)
 .debug_str     0x00000d58      0x145 heap_1.o
                                0x22b (size before relaxing)
 .debug_str     0x00000e9d      0x2ff I2Cdev.o
                                0x5a3 (size before relaxing)
 .debug_str     0x0000119c      0x129 list.o
                                0x2a6 (size before relaxing)
 .debug_str     0x000012c5     0x3871 MPU6050.o
                               0x3ce2 (size before relaxing)
 .debug_str     0x00004b36      0x10e NewPing.o
                                0x59d (size before relaxing)
 .debug_str     0x00004c44       0xcf port.o
                                0x271 (size before relaxing)
 .debug_str     0x00004d13      0x3e6 queue.o
                                0x6ef (size before relaxing)
 .debug_str     0x000050f9      0x585 tasks.o
                                0xaa3 (size before relaxing)
 .debug_str     0x0000567e      0x1a3 twi.o
                                0x34f (size before relaxing)
 .debug_str     0x00005821      0xe2a Wire.o
                               0x12d2 (size before relaxing)
 .debug_str     0x0000664b      0x496 ../../../Arduino/Arduino/Debug\libarduino.a(HardwareSerial.o)
                               0x11bf (size before relaxing)
 .debug_str     0x00006ae1       0xbc ../../../Arduino/Arduino/Debug\libarduino.a(new.o)
                                0x200 (size before relaxing)
 .debug_str     0x00006b9d      0x2ab ../../../Arduino/Arduino/Debug\libarduino.a(Print.o)
                                0xe1e (size before relaxing)
 .debug_str     0x00006e48       0xf6 ../../../Arduino/Arduino/Debug\libarduino.a(wiring.o)
                                0x1f8 (size before relaxing)
 .debug_str     0x00006f3e       0x4b ../../../Arduino/Arduino/Debug\libarduino.a(wiring_digital.o)
                                0x26c (size before relaxing)
 .debug_str     0x00006f89      0x3a0 ../../../Arduino/Arduino/Debug\libarduino.a(WString.o)
                                0xe49 (size before relaxing)

.debug_loc      0x00000000    0x16faa
 *(.debug_loc)
 .debug_loc     0x00000000      0xfc7 FreeRTOS2560.o
 .debug_loc     0x00000fc7       0xd3 heap_1.o
 .debug_loc     0x0000109a     0x162e I2Cdev.o
 .debug_loc     0x000026c8      0x1b3 list.o
 .debug_loc     0x0000287b     0x8cb2 MPU6050.o
 .debug_loc     0x0000b52d      0xae4 NewPing.o
 .debug_loc     0x0000c011      0x29b port.o
 .debug_loc     0x0000c2ac     0x10a3 queue.o
 .debug_loc     0x0000d34f     0x15d7 tasks.o
 .debug_loc     0x0000e926      0x3e7 twi.o
 .debug_loc     0x0000ed0d      0x8a8 Wire.o
 .debug_loc     0x0000f5b5      0xe4b ../../../Arduino/Arduino/Debug\libarduino.a(HardwareSerial.o)
 .debug_loc     0x00010400       0xc0 ../../../Arduino/Arduino/Debug\libarduino.a(new.o)
 .debug_loc     0x000104c0     0x1fc9 ../../../Arduino/Arduino/Debug\libarduino.a(Print.o)
 .debug_loc     0x00012489      0x22a ../../../Arduino/Arduino/Debug\libarduino.a(wiring.o)
 .debug_loc     0x000126b3      0x700 ../../../Arduino/Arduino/Debug\libarduino.a(wiring_digital.o)
 .debug_loc     0x00012db3     0x41f7 ../../../Arduino/Arduino/Debug\libarduino.a(WString.o)

.debug_macinfo
 *(.debug_macinfo)

.debug_weaknames
 *(.debug_weaknames)

.debug_funcnames
 *(.debug_funcnames)

.debug_typenames
 *(.debug_typenames)

.debug_varnames
 *(.debug_varnames)

.debug_pubtypes
 *(.debug_pubtypes)

.debug_ranges   0x00000000     0x13c8
 *(.debug_ranges)
 .debug_ranges  0x00000000       0xf8 FreeRTOS2560.o
 .debug_ranges  0x000000f8       0x28 heap_1.o
 .debug_ranges  0x00000120      0x100 I2Cdev.o
 .debug_ranges  0x00000220       0x30 list.o
 .debug_ranges  0x00000250      0x830 MPU6050.o
 .debug_ranges  0x00000a80       0x88 NewPing.o
 .debug_ranges  0x00000b08       0x38 port.o
 .debug_ranges  0x00000b40       0x90 queue.o
 .debug_ranges  0x00000bd0      0x158 tasks.o
 .debug_ranges  0x00000d28       0x60 twi.o
 .debug_ranges  0x00000d88       0xc0 Wire.o
 .debug_ranges  0x00000e48       0xc8 ../../../Arduino/Arduino/Debug\libarduino.a(HardwareSerial.o)
 .debug_ranges  0x00000f10       0x48 ../../../Arduino/Arduino/Debug\libarduino.a(new.o)
 .debug_ranges  0x00000f58      0x168 ../../../Arduino/Arduino/Debug\libarduino.a(Print.o)
 .debug_ranges  0x000010c0       0x38 ../../../Arduino/Arduino/Debug\libarduino.a(wiring.o)
 .debug_ranges  0x000010f8       0x28 ../../../Arduino/Arduino/Debug\libarduino.a(wiring_digital.o)
 .debug_ranges  0x00001120      0x2a8 ../../../Arduino/Arduino/Debug\libarduino.a(WString.o)

.debug_macro
 *(.debug_macro)
OUTPUT(FreeRTOS2560.elf elf32-avr)
LOAD linker stubs
